  Γû▓ Next.js 14.2.0

   Creating an optimized production build ...
 Γ£ô Compiled successfully
   Skipping linting
   Checking validity of types ...
   Collecting page data ...
   Generating static pages (0/17) ...
   Generating static pages (4/17) 
   Generating static pages (8/17) 
   Generating static pages (12/17) 
 Γ£ô Generating static pages (17/17)
   Finalizing page optimization ...
   Collecting build traces ...
node.exe :  ΓÜá Failed to copy traced files for 
C:\Users\ss\Documents\HmarePanditJi\apps\pandit\.next\server\pages\_app.js Error: EPERM: 
operation not permitted, symlink 
'C:\Users\ss\Documents\HmarePanditJi\node_modules\.pnpm\react@18.3.1\node_modules\react' -> 
'C:\Users\ss\Documents\HmarePanditJi\apps\pandit\.next\standalone\apps\pandit\node_modules\react'
At line:1 char:1
+ & "C:\Program Files\nodejs/node.exe" "C:\Program Files\nodejs/node_mo ...
+ ~~~~~~~~~~~~~~~~~~~~~~~~~~~~~~~~~~~~~~~~~~~~~~~~~~~~~~~~~~~~~~~~~~~~~
    + CategoryInfo          : NotSpecified: ( ΓÜá Failed to ..._modules\react':String) [], Remot 
   eException
    + FullyQualifiedErrorId : NativeCommandError
 
    at async Object.symlink (node:internal/fs/promises:999:10)
    at async C:\Users\ss\Documents\HmarePanditJi\node_modules\.pnpm\next@14.2.0_@opentelemetry+ap
i@1.9.0_@playwright+test@1.58.2_react-dom@18.3.1_react@18.3.1__react@18.3.1\node_modules\next\dis
t\build\utils.js:1399:25
    at async Promise.all (index 9)
    at async handleTraceFiles (C:\Users\ss\Documents\HmarePanditJi\node_modules\.pnpm\next@14.2.0
_@opentelemetry+api@1.9.0_@playwright+test@1.58.2_react-dom@18.3.1_react@18.3.1__react@18.3.1\nod
e_modules\next\dist\build\utils.js:1387:9)
    at async copyTracedFiles (C:\Users\ss\Documents\HmarePanditJi\node_modules\.pnpm\next@14.2.0_
@opentelemetry+api@1.9.0_@playwright+test@1.58.2_react-dom@18.3.1_react@18.3.1__react@18.3.1\node
_modules\next\dist\build\utils.js:1448:9)
    at async C:\Users\ss\Documents\HmarePanditJi\node_modules\.pnpm\next@14.2.0_@opentelemetry+ap
i@1.9.0_@playwright+test@1.58.2_react-dom@18.3.1_react@18.3.1__react@18.3.1\node_modules\next\dis
t\build\index.js:225:9
    at async Span.traceAsyncFn (C:\Users\ss\Documents\HmarePanditJi\node_modules\.pnpm\next@14.2.
0_@opentelemetry+api@1.9.0_@playwright+test@1.58.2_react-dom@18.3.1_react@18.3.1__react@18.3.1\no
de_modules\next\dist\trace\trace.js:154:20)
    at async writeStandaloneDirectory (C:\Users\ss\Documents\HmarePanditJi\node_modules\.pnpm\nex
t@14.2.0_@opentelemetry+api@1.9.0_@playwright+test@1.58.2_react-dom@18.3.1_react@18.3.1__react@18
.3.1\node_modules\next\dist\build\index.js:224:5)
    at async C:\Users\ss\Documents\HmarePanditJi\node_modules\.pnpm\next@14.2.0_@opentelemetry+ap
i@1.9.0_@playwright+test@1.58.2_react-dom@18.3.1_react@18.3.1__react@18.3.1\node_modules\next\dis
t\build\index.js:2136:17
    at async Span.traceAsyncFn (C:\Users\ss\Documents\HmarePanditJi\node_modules\.pnpm\next@14.2.
0_@opentelemetry+api@1.9.0_@playwright+test@1.58.2_react-dom@18.3.1_react@18.3.1__react@18.3.1\no
de_modules\next\dist\trace\trace.js:154:20) {
  errno: -4048,
  code: 'EPERM',
  syscall: 'symlink',
  path: 'C:\\Users\\ss\\Documents\\HmarePanditJi\\node_modules\\.pnpm\\react@18.3.1\\node_modules
\\react',
  dest: 'C:\\Users\\ss\\Documents\\HmarePanditJi\\apps\\pandit\\.next\\standalone\\apps\\pandit\\
node_modules\\react'
}
 ΓÜá Failed to copy traced files for 
C:\Users\ss\Documents\HmarePanditJi\apps\pandit\.next\server\pages\_error.js Error: EPERM: 
operation not permitted, symlink 'C:\Users\ss\Documents\HmarePanditJi\node_modules\.pnpm\@opentel
emetry+api@1.9.0\node_modules\@opentelemetry\api' -> 'C:\Users\ss\Documents\HmarePanditJi\apps\pa
ndit\.next\standalone\node_modules\.pnpm\next@14.2.0_@opentelemetry+api@1.9.0_@playwright+test@1.
58.2_react-dom@18.3.1_react@18.3.1__react@18.3.1\node_modules\@opentelemetry\api'
    at async Object.symlink (node:internal/fs/promises:999:10)
    at async C:\Users\ss\Documents\HmarePanditJi\node_modules\.pnpm\next@14.2.0_@opentelemetry+ap
i@1.9.0_@playwright+test@1.58.2_react-dom@18.3.1_react@18.3.1__react@18.3.1\node_modules\next\dis
t\build\utils.js:1399:25
    at async Promise.all (index 50)
    at async handleTraceFiles (C:\Users\ss\Documents\HmarePanditJi\node_modules\.pnpm\next@14.2.0
_@opentelemetry+api@1.9.0_@playwright+test@1.58.2_react-dom@18.3.1_react@18.3.1__react@18.3.1\nod
e_modules\next\dist\build\utils.js:1387:9)
    at async copyTracedFiles (C:\Users\ss\Documents\HmarePanditJi\node_modules\.pnpm\next@14.2.0_
@opentelemetry+api@1.9.0_@playwright+test@1.58.2_react-dom@18.3.1_react@18.3.1__react@18.3.1\node
_modules\next\dist\build\utils.js:1448:9)
    at async C:\Users\ss\Documents\HmarePanditJi\node_modules\.pnpm\next@14.2.0_@opentelemetry+ap
i@1.9.0_@playwright+test@1.58.2_react-dom@18.3.1_react@18.3.1__react@18.3.1\node_modules\next\dis
t\build\index.js:225:9
    at async Span.traceAsyncFn (C:\Users\ss\Documents\HmarePanditJi\node_modules\.pnpm\next@14.2.
0_@opentelemetry+api@1.9.0_@playwright+test@1.58.2_react-dom@18.3.1_react@18.3.1__react@18.3.1\no
de_modules\next\dist\trace\trace.js:154:20)
    at async writeStandaloneDirectory (C:\Users\ss\Documents\HmarePanditJi\node_modules\.pnpm\nex
t@14.2.0_@opentelemetry+api@1.9.0_@playwright+test@1.58.2_react-dom@18.3.1_react@18.3.1__react@18
.3.1\node_modules\next\dist\build\index.js:224:5)
    at async C:\Users\ss\Documents\HmarePanditJi\node_modules\.pnpm\next@14.2.0_@opentelemetry+ap
i@1.9.0_@playwright+test@1.58.2_react-dom@18.3.1_react@18.3.1__react@18.3.1\node_modules\next\dis
t\build\index.js:2136:17
    at async Span.traceAsyncFn (C:\Users\ss\Documents\HmarePanditJi\node_modules\.pnpm\next@14.2.
0_@opentelemetry+api@1.9.0_@playwright+test@1.58.2_react-dom@18.3.1_react@18.3.1__react@18.3.1\no
de_modules\next\dist\trace\trace.js:154:20) {
  errno: -4048,
  code: 'EPERM',
  syscall: 'symlink',
  path: 'C:\\Users\\ss\\Documents\\HmarePanditJi\\node_modules\\.pnpm\\@opentelemetry+api@1.9.0\\
node_modules\\@opentelemetry\\api',
  dest: 'C:\\Users\\ss\\Documents\\HmarePanditJi\\apps\\pandit\\.next\\standalone\\node_modules\\
.pnpm\\next@14.2.0_@opentelemetry+api@1.9.0_@playwright+test@1.58.2_react-dom@18.3.1_react@18.3.1
__react@18.3.1\\node_modules\\@opentelemetry\\api'
}
 ΓÜá Failed to copy traced files for 
C:\Users\ss\Documents\HmarePanditJi\apps\pandit\.next\server\pages\_document.js Error: EPERM: 
operation not permitted, symlink 'C:\Users\ss\Documents\HmarePanditJi\node_modules\.pnpm\react-do
m@18.3.1_react@18.3.1\node_modules\react-dom' -> 'C:\Users\ss\Documents\HmarePanditJi\apps\pandit
\.next\standalone\node_modules\.pnpm\next@14.2.0_@opentelemetry+api@1.9.0_@playwright+test@1.58.2
_react-dom@18.3.1_react@18.3.1__react@18.3.1\node_modules\react-dom'
    at async Object.symlink (node:internal/fs/promises:999:10)
    at async C:\Users\ss\Documents\HmarePanditJi\node_modules\.pnpm\next@14.2.0_@opentelemetry+ap
i@1.9.0_@playwright+test@1.58.2_react-dom@18.3.1_react@18.3.1__react@18.3.1\node_modules\next\dis
t\build\utils.js:1399:25
    at async Promise.all (index 64)
    at async handleTraceFiles (C:\Users\ss\Documents\HmarePanditJi\node_modules\.pnpm\next@14.2.0
_@opentelemetry+api@1.9.0_@playwright+test@1.58.2_react-dom@18.3.1_react@18.3.1__react@18.3.1\nod
e_modules\next\dist\build\utils.js:1387:9)
    at async copyTracedFiles (C:\Users\ss\Documents\HmarePanditJi\node_modules\.pnpm\next@14.2.0_
@opentelemetry+api@1.9.0_@playwright+test@1.58.2_react-dom@18.3.1_react@18.3.1__react@18.3.1\node
_modules\next\dist\build\utils.js:1448:9)
    at async C:\Users\ss\Documents\HmarePanditJi\node_modules\.pnpm\next@14.2.0_@opentelemetry+ap
i@1.9.0_@playwright+test@1.58.2_react-dom@18.3.1_react@18.3.1__react@18.3.1\node_modules\next\dis
t\build\index.js:225:9
    at async Span.traceAsyncFn (C:\Users\ss\Documents\HmarePanditJi\node_modules\.pnpm\next@14.2.
0_@opentelemetry+api@1.9.0_@playwright+test@1.58.2_react-dom@18.3.1_react@18.3.1__react@18.3.1\no
de_modules\next\dist\trace\trace.js:154:20)
    at async writeStandaloneDirectory (C:\Users\ss\Documents\HmarePanditJi\node_modules\.pnpm\nex
t@14.2.0_@opentelemetry+api@1.9.0_@playwright+test@1.58.2_react-dom@18.3.1_react@18.3.1__react@18
.3.1\node_modules\next\dist\build\index.js:224:5)
    at async C:\Users\ss\Documents\HmarePanditJi\node_modules\.pnpm\next@14.2.0_@opentelemetry+ap
i@1.9.0_@playwright+test@1.58.2_react-dom@18.3.1_react@18.3.1__react@18.3.1\node_modules\next\dis
t\build\index.js:2136:17
    at async Span.traceAsyncFn (C:\Users\ss\Documents\HmarePanditJi\node_modules\.pnpm\next@14.2.
0_@opentelemetry+api@1.9.0_@playwright+test@1.58.2_react-dom@18.3.1_react@18.3.1__react@18.3.1\no
de_modules\next\dist\trace\trace.js:154:20) {
  errno: -4048,
  code: 'EPERM',
  syscall: 'symlink',
  path: 'C:\\Users\\ss\\Documents\\HmarePanditJi\\node_modules\\.pnpm\\react-dom@18.3.1_react@18.
3.1\\node_modules\\react-dom',
  dest: 'C:\\Users\\ss\\Documents\\HmarePanditJi\\apps\\pandit\\.next\\standalone\\node_modules\\
.pnpm\\next@14.2.0_@opentelemetry+api@1.9.0_@playwright+test@1.58.2_react-dom@18.3.1_react@18.3.1
__react@18.3.1\\node_modules\\react-dom'
}

> Build error occurred
Error: EPERM: operation not permitted, symlink 
'C:\Users\ss\Documents\HmarePanditJi\node_modules\.pnpm\@next+env@14.2.0\node_modules\@next\env' 
-> 'C:\Users\ss\Documents\HmarePanditJi\apps\pandit\.next\standalone\node_modules\.pnpm\next@14.2
.0_@opentelemetry+api@1.9.0_@playwright+test@1.58.2_react-dom@18.3.1_react@18.3.1__react@18.3.1\n
ode_modules\@next\env'
    at async Object.symlink (node:internal/fs/promises:999:10)
    at async C:\Users\ss\Documents\HmarePanditJi\node_modules\.pnpm\next@14.2.0_@opentelemetry+ap
i@1.9.0_@playwright+test@1.58.2_react-dom@18.3.1_react@18.3.1__react@18.3.1\node_modules\next\dis
t\build\utils.js:1399:25
    at async Promise.all (index 86)
    at async handleTraceFiles (C:\Users\ss\Documents\HmarePanditJi\node_modules\.pnpm\next@14.2.0
_@opentelemetry+api@1.9.0_@playwright+test@1.58.2_react-dom@18.3.1_react@18.3.1__react@18.3.1\nod
e_modules\next\dist\build\utils.js:1387:9)
    at async copyTracedFiles (C:\Users\ss\Documents\HmarePanditJi\node_modules\.pnpm\next@14.2.0_
@opentelemetry+api@1.9.0_@playwright+test@1.58.2_react-dom@18.3.1_react@18.3.1__react@18.3.1\node
_modules\next\dist\build\utils.js:1469:5)
    at async C:\Users\ss\Documents\HmarePanditJi\node_modules\.pnpm\next@14.2.0_@opentelemetry+ap
i@1.9.0_@playwright+test@1.58.2_react-dom@18.3.1_react@18.3.1__react@18.3.1\node_modules\next\dis
t\build\index.js:225:9
    at async Span.traceAsyncFn (C:\Users\ss\Documents\HmarePanditJi\node_modules\.pnpm\next@14.2.
0_@opentelemetry+api@1.9.0_@playwright+test@1.58.2_react-dom@18.3.1_react@18.3.1__react@18.3.1\no
de_modules\next\dist\trace\trace.js:154:20)
    at async writeStandaloneDirectory (C:\Users\ss\Documents\HmarePanditJi\node_modules\.pnpm\nex
t@14.2.0_@opentelemetry+api@1.9.0_@playwright+test@1.58.2_react-dom@18.3.1_react@18.3.1__react@18
.3.1\node_modules\next\dist\build\index.js:224:5)
    at async C:\Users\ss\Documents\HmarePanditJi\node_modules\.pnpm\next@14.2.0_@opentelemetry+ap
i@1.9.0_@playwright+test@1.58.2_react-dom@18.3.1_react@18.3.1__react@18.3.1\node_modules\next\dis
t\build\index.js:2136:17
    at async Span.traceAsyncFn (C:\Users\ss\Documents\HmarePanditJi\node_modules\.pnpm\next@14.2.
0_@opentelemetry+api@1.9.0_@playwright+test@1.58.2_react-dom@18.3.1_react@18.3.1__react@18.3.1\no
de_modules\next\dist\trace\trace.js:154:20) {
  errno: -4048,
  code: 'EPERM',
  syscall: 'symlink',
  path: 'C:\\Users\\ss\\Documents\\HmarePanditJi\\node_modules\\.pnpm\\@next+env@14.2.0\\node_mod
ules\\@next\\env',
  dest: 'C:\\Users\\ss\\Documents\\HmarePanditJi\\apps\\pandit\\.next\\standalone\\node_modules\\
.pnpm\\next@14.2.0_@opentelemetry+api@1.9.0_@playwright+test@1.58.2_react-dom@18.3.1_react@18.3.1
__react@18.3.1\\node_modules\\@next\\env'
}
