
> @hmarepanditji/pandit@0.1.0 build
> next build

  Γû▓ Next.js 14.2.0

   Creating an optimized production build ...
 Γ£ô Compiled successfully
   Linting and checking validity of types ...
node.exe : 
At line:1 char:1
+ & "C:\Program Files\nodejs/node.exe" "C:\Program 
Files\nodejs/node_mo ...
+ ~~~~~~~~~~~~~~~~~~~~~~~~~~~~~~~~~~~~~~~~~~~~~~~~~~~~~~~~~~~~~~~~~~
~~~
    + CategoryInfo          : NotSpecified: (:String) [], RemoteExc 
   eption
    + FullyQualifiedErrorId : NativeCommandError
 
 ΓÜá The Next.js plugin was not detected in your ESLint 
configuration. See https://nextjs.org/docs/basic-features/eslint#mig
rating-existing-config

Failed to compile.

./app/onboarding/complete/page.tsx
42:20  Error: Unknown property 'jsx' found  
react/no-unknown-property
42:24  Error: Unknown property 'global' found  
react/no-unknown-property

./app/onboarding/components/KYCVideoCapture.tsx
29:8  Warning: React Hook useEffect has a missing dependency: 
'handleStopRecording'. Either include it or remove the dependency 
array.  react-hooks/exhaustive-deps

./app/onboarding/components/steps/Step1_BasicInfo.tsx
6:18  Warning: 'MapPin' is defined but never used.  
@typescript-eslint/no-unused-vars
6:26  Warning: 'Calendar' is defined but never used.  
@typescript-eslint/no-unused-vars
6:42  Warning: 'FileText' is defined but never used.  
@typescript-eslint/no-unused-vars
6:52  Warning: 'UploadCloud' is defined but never used.  
@typescript-eslint/no-unused-vars
101:19  Warning: 'res' is assigned a value but never used.  
@typescript-eslint/no-unused-vars
110:23  Warning: Unexpected any. Specify a different type.  
@typescript-eslint/no-explicit-any
187:87  Warning: Unexpected any. Specify a different type.  
@typescript-eslint/no-explicit-any

./app/onboarding/components/steps/Step2_PujaSpecializations.tsx
72:23  Warning: Unexpected any. Specify a different type.  
@typescript-eslint/no-explicit-any

./app/onboarding/components/steps/Step3_TravelPreferences.tsx
51:23  Warning: Unexpected any. Specify a different type.  
@typescript-eslint/no-explicit-any

./app/onboarding/components/steps/Step4_SamagriSetup.tsx
40:56  Warning: Unexpected any. Specify a different type.  
@typescript-eslint/no-explicit-any
84:23  Warning: Unexpected any. Specify a different type.  
@typescript-eslint/no-explicit-any

./app/onboarding/components/steps/Step5_VideoKYC.tsx
42:23  Warning: Unexpected any. Specify a different type.  
@typescript-eslint/no-explicit-any
73:23  Warning: Unexpected any. Specify a different type.  
@typescript-eslint/no-explicit-any
97:23  Warning: Unexpected any. Specify a different type.  
@typescript-eslint/no-explicit-any

./app/onboarding/components/steps/Step6_BankDetails.tsx
6:46  Warning: 'CheckCircle' is defined but never used.  
@typescript-eslint/no-unused-vars
50:23  Warning: Unexpected any. Specify a different type.  
@typescript-eslint/no-explicit-any
110:90  Warning: Unexpected any. Specify a different type.  
@typescript-eslint/no-explicit-any

./app/onboarding/components/VoiceButton.tsx
21:8  Warning: React Hook useEffect has a missing dependency: 
'stop'. Either include it or remove the dependency array.  
react-hooks/exhaustive-deps

./src/app/bookings/[id]/page.tsx
233:9  Warning: 'isPast' is assigned a value but never used.  
@typescript-eslint/no-unused-vars

./src/app/calendar/page.tsx
76:6  Warning: React Hook useCallback has a missing dependency: 
'generateMockDays'. Either include it or remove the dependency 
array.  react-hooks/exhaustive-deps

./src/app/onboarding/page.tsx
84:9  Warning: 'isLastStep' is assigned a value but never used.  
@typescript-eslint/no-unused-vars

./src/hooks/useVoiceInput.ts
50:58  Warning: Unexpected any. Specify a different type.  
@typescript-eslint/no-explicit-any
58:52  Warning: Unexpected any. Specify a different type.  
@typescript-eslint/no-explicit-any
73:38  Warning: Unexpected any. Specify a different type.  
@typescript-eslint/no-explicit-any
76:31  Warning: Unexpected any. Specify a different type.  
@typescript-eslint/no-explicit-any
83:37  Warning: Unexpected any. Specify a different type.  
@typescript-eslint/no-explicit-any

./src/types/speech.d.ts
23:62  Warning: Unexpected any. Specify a different type.  
@typescript-eslint/no-explicit-any
24:64  Warning: Unexpected any. Specify a different type.  
@typescript-eslint/no-explicit-any
25:57  Warning: Unexpected any. Specify a different type.  
@typescript-eslint/no-explicit-any
26:81  Warning: Unexpected any. Specify a different type.  
@typescript-eslint/no-explicit-any
27:78  Warning: Unexpected any. Specify a different type.  
@typescript-eslint/no-explicit-any
28:77  Warning: Unexpected any. Specify a different type.  
@typescript-eslint/no-explicit-any
29:62  Warning: Unexpected any. Specify a different type.  
@typescript-eslint/no-explicit-any
30:64  Warning: Unexpected any. Specify a different type.  
@typescript-eslint/no-explicit-any
31:63  Warning: Unexpected any. Specify a different type.  
@typescript-eslint/no-explicit-any
32:65  Warning: Unexpected any. Specify a different type.  
@typescript-eslint/no-explicit-any
33:59  Warning: Unexpected any. Specify a different type.  
@typescript-eslint/no-explicit-any

info  - Need to disable some ESLint rules? Learn more here: 
https://nextjs.org/docs/basic-features/eslint#disabling-rules
npm error Lifecycle script `build` failed with error:
npm error code 1
npm error path C:\Users\ss\Documents\HmarePanditJi\apps\pandit
npm error workspace @hmarepanditji/pandit@0.1.0
npm error location C:\Users\ss\Documents\HmarePanditJi\apps\pandit
npm error command failed
npm error command C:\WINDOWS\system32\cmd.exe /d /s /c next build
