src/app/dashboard/page.tsx(1,14): error TS1005: ')' expected.
src/app/dashboard/page.tsx(1,18): error TS1005: '(' expected.
src/app/dashboard/page.tsx(1,30): error TS1005: ';' expected.
src/app/dashboard/page.tsx(1,34): error TS1005: ';' expected.
src/app/dashboard/page.tsx(2,1): error TS1127: Invalid character.
src/app/dashboard/page.tsx(2,2): error TS1127: Invalid character.
src/app/dashboard/page.tsx(2,3): error TS1127: Invalid character.
src/app/dashboard/page.tsx(2,4): error TS1127: Invalid character.
src/app/dashboard/page.tsx(2,5): error TS1127: Invalid character.
src/app/dashboard/page.tsx(2,6): error TS1127: Invalid character.
src/app/dashboard/page.tsx(2,7): error TS1127: Invalid character.
src/app/dashboard/page.tsx(2,8): error TS1127: Invalid character.
src/app/dashboard/page.tsx(2,9): error TS1127: Invalid character.
src/app/dashboard/page.tsx(2,10): error TS1127: Invalid character.
src/app/dashboard/page.tsx(2,11): error TS1127: Invalid character.
src/app/dashboard/page.tsx(2,12): error TS1127: Invalid character.
src/app/dashboard/page.tsx(2,13): error TS1127: Invalid character.
src/app/dashboard/page.tsx(2,14): error TS1127: Invalid character.
src/app/dashboard/page.tsx(2,15): error TS1127: Invalid character.
src/app/dashboard/page.tsx(2,16): error TS1127: Invalid character.
src/app/dashboard/page.tsx(2,17): error TS1127: Invalid character.
src/app/dashboard/page.tsx(2,18): error TS1127: Invalid character.
src/app/dashboard/page.tsx(2,19): error TS1127: Invalid character.
src/app/dashboard/page.tsx(2,20): error TS1127: Invalid character.
src/app/dashboard/page.tsx(2,21): error TS1127: Invalid character.
src/app/dashboard/page.tsx(2,22): error TS1127: Invalid character.
src/app/dashboard/page.tsx(2,23): error TS1127: Invalid character.
src/app/dashboard/page.tsx(2,24): error TS1127: Invalid character.
src/app/dashboard/page.tsx(2,25): error TS1127: Invalid character.
src/app/dashboard/page.tsx(2,26): error TS1127: Invalid character.
src/app/dashboard/page.tsx(2,27): error TS1127: Invalid character.
src/app/dashboard/page.tsx(2,28): error TS1127: Invalid character.
src/app/dashboard/page.tsx(2,29): error TS1127: Invalid character.
src/app/dashboard/page.tsx(2,30): error TS1127: Invalid character.
src/app/dashboard/page.tsx(2,31): error TS1127: Invalid character.
src/app/dashboard/page.tsx(2,32): error TS1127: Invalid character.
src/app/dashboard/page.tsx(2,33): error TS1127: Invalid character.
src/app/dashboard/page.tsx(2,34): error TS1127: Invalid character.
src/app/dashboard/page.tsx(2,35): error TS1127: Invalid character.
src/app/dashboard/page.tsx(2,36): error TS1127: Invalid character.
src/app/dashboard/page.tsx(2,37): error TS1127: Invalid character.
src/app/dashboard/page.tsx(2,38): error TS1127: Invalid character.
src/app/layout.tsx(1,1): error TS1434: Unexpected keyword or identifier.
src/app/layout.tsx(1,9): error TS1434: Unexpected keyword or identifier.
src/app/layout.tsx(1,13): error TS1005: 'export' expected.
src/app/layout.tsx(1,21): error TS1434: Unexpected keyword or identifier.
src/app/layout.tsx(1,32): error TS1005: '(' expected.
src/app/onboarding/page.tsx(1,25): error TS1005: ';' expected.
src/app/onboarding/page.tsx(1,27): error TS1128: Declaration or statement expected.
src/app/onboarding/page.tsx(7,4): error TS1128: Declaration or statement expected.
src/app/onboarding/page.tsx(7,8): error TS1005: ';' expected.
src/app/onboarding/page.tsx(271,1): error TS1128: Declaration or statement expected.
src/app/onboarding/screens/HelpScreen.tsx(1,1): error TS1434: Unexpected keyword or identifier.
src/app/onboarding/screens/HelpScreen.tsx(2,44): error TS1005: ',' expected.
src/app/onboarding/screens/HelpScreen.tsx(2,49): error TS1005: ',' expected.
src/app/onboarding/screens/HelpScreen.tsx(3,16): error TS1005: ';' expected.
src/app/onboarding/screens/HelpScreen.tsx(3,25): error TS1351: An identifier or keyword cannot immediately follow a numeric literal.
src/app/onboarding/screens/HelpScreen.tsx(3,28): error TS1005: ',' expected.
src/app/onboarding/screens/HelpScreen.tsx(3,37): error TS1005: ';' expected.
src/app/onboarding/screens/HelpScreen.tsx(4,5): error TS1434: Unexpected keyword or identifier.
src/app/onboarding/screens/HelpScreen.tsx(4,7): error TS1434: Unexpected keyword or identifier.
src/app/onboarding/screens/HelpScreen.tsx(4,14): error TS1434: Unexpected keyword or identifier.
src/app/onboarding/screens/HelpScreen.tsx(4,18): error TS1434: Unexpected keyword or identifier.
src/app/onboarding/screens/HelpScreen.tsx(4,33): error TS1005: ';' expected.
src/app/onboarding/screens/HelpScreen.tsx(4,47): error TS1434: Unexpected keyword or identifier.
src/app/onboarding/screens/HelpScreen.tsx(4,51): error TS1434: Unexpected keyword or identifier.
src/app/onboarding/screens/HelpScreen.tsx(4,59): error TS1434: Unexpected keyword or identifier.
src/app/onboarding/screens/HelpScreen.tsx(4,66): error TS1434: Unexpected keyword or identifier.
src/app/onboarding/screens/HelpScreen.tsx(5,5): error TS1434: Unexpected keyword or identifier.
src/app/onboarding/screens/HelpScreen.tsx(5,30): error TS1005: ';' expected.
src/app/onboarding/screens/HelpScreen.tsx(5,32): error TS1127: Invalid character.
src/app/onboarding/screens/HelpScreen.tsx(5,34): error TS1127: Invalid character.
src/app/onboarding/screens/HelpScreen.tsx(5,35): error TS1127: Invalid character.
src/app/onboarding/screens/HelpScreen.tsx(5,36): error TS1127: Invalid character.
src/app/onboarding/screens/HelpScreen.tsx(5,42): error TS1127: Invalid character.
src/app/onboarding/screens/HelpScreen.tsx(5,45): error TS1434: Unexpected keyword or identifier.
src/app/onboarding/screens/HelpScreen.tsx(5,52): error TS1434: Unexpected keyword or identifier.
src/app/onboarding/screens/HelpScreen.tsx(5,68): error TS1005: ';' expected.
src/app/onboarding/screens/HelpScreen.tsx(5,73): error TS1434: Unexpected keyword or identifier.
src/app/onboarding/screens/HelpScreen.tsx(5,99): error TS1351: An identifier or keyword cannot immediately follow a numeric literal.
src/app/onboarding/screens/HelpScreen.tsx(6,22): error TS1351: An identifier or keyword cannot immediately follow a numeric literal.
src/app/onboarding/screens/HelpScreen.tsx(6,25): error TS1005: ',' expected.
src/app/onboarding/screens/HelpScreen.tsx(7,32): error TS1351: An identifier or keyword cannot immediately follow a numeric literal.
src/app/onboarding/screens/HelpScreen.tsx(8,11): error TS1005: ';' expected.
src/app/onboarding/screens/HelpScreen.tsx(9,9): error TS1005: ';' expected.
src/app/onboarding/screens/HelpScreen.tsx(9,17): error TS1351: An identifier or keyword cannot immediately follow a numeric literal.
src/app/onboarding/screens/HelpScreen.tsx(9,29): error TS1005: ',' expected.
src/app/onboarding/screens/HelpScreen.tsx(9,58): error TS1005: ';' expected.
src/app/onboarding/screens/HelpScreen.tsx(10,5): error TS1127: Invalid character.
src/app/onboarding/screens/HelpScreen.tsx(10,43): error TS1351: An identifier or keyword cannot immediately follow a numeric literal.
src/app/onboarding/screens/HelpScreen.tsx(10,46): error TS1005: ',' expected.
src/app/onboarding/screens/HelpScreen.tsx(10,51): error TS1005: ',' expected.
src/app/onboarding/screens/HelpScreen.tsx(10,94): error TS1351: An identifier or keyword cannot immediately follow a numeric literal.
src/app/onboarding/screens/HelpScreen.tsx(10,97): error TS1005: ',' expected.
src/app/onboarding/screens/HelpScreen.tsx(11,57): error TS1005: ']' expected.
src/app/onboarding/screens/HelpScreen.tsx(11,63): error TS1128: Declaration or statement expected.
src/app/onboarding/screens/HelpScreen.tsx(12,12): error TS1005: ';' expected.
src/app/onboarding/screens/HelpScreen.tsx(12,20): error TS1351: An identifier or keyword cannot immediately follow a numeric literal.
src/app/onboarding/screens/HelpScreen.tsx(12,24): error TS1127: Invalid character.
src/app/onboarding/screens/HelpScreen.tsx(12,25): error TS1005: ',' expected.
src/app/onboarding/screens/HelpScreen.tsx(12,27): error TS1005: ',' expected.
src/app/onboarding/screens/HelpScreen.tsx(12,27): error TS1351: An identifier or keyword cannot immediately follow a numeric literal.
src/app/onboarding/screens/HelpScreen.tsx(12,32): error TS1005: ',' expected.
src/app/onboarding/screens/HelpScreen.tsx(12,49): error TS1005: ';' expected.
src/app/onboarding/screens/HelpScreen.tsx(13,5): error TS1434: Unexpected keyword or identifier.
src/app/onboarding/screens/HelpScreen.tsx(13,14): error TS1434: Unexpected keyword or identifier.
src/app/onboarding/screens/HelpScreen.tsx(13,26): error TS1351: An identifier or keyword cannot immediately follow a numeric literal.
src/app/onboarding/screens/HelpScreen.tsx(13,29): error TS1005: ',' expected.
src/app/onboarding/screens/HelpScreen.tsx(15,11): error TS1005: ';' expected.
src/app/onboarding/screens/HelpScreen.tsx(16,8): error TS1005: ';' expected.
src/app/onboarding/screens/HelpScreen.tsx(16,37): error TS1127: Invalid character.
src/app/onboarding/screens/HelpScreen.tsx(16,39): error TS1434: Unexpected keyword or identifier.
src/app/onboarding/screens/HelpScreen.tsx(17,10): error TS1005: ';' expected.
src/app/onboarding/screens/HelpScreen.tsx(17,45): error TS1351: An identifier or keyword cannot immediately follow a numeric literal.
src/app/onboarding/screens/HelpScreen.tsx(18,8): error TS1005: ';' expected.
src/app/onboarding/screens/HelpScreen.tsx(20,1): error TS1434: Unexpected keyword or identifier.
src/app/onboarding/screens/LanguageChoiceConfirmScreen.tsx(1,1): error TS1434: Unexpected keyword or identifier.
src/app/onboarding/screens/LanguageChoiceConfirmScreen.tsx(3,24): error TS1005: ';' expected.
src/app/onboarding/screens/LanguageChoiceConfirmScreen.tsx(4,10): error TS1005: ';' expected.
src/app/onboarding/screens/LanguageChoiceConfirmScreen.tsx(4,70): error TS1005: ';' expected.
src/app/onboarding/screens/LanguageChoiceConfirmScreen.tsx(4,70): error TS1434: Unexpected keyword or identifier.
src/app/onboarding/screens/LanguageChoiceConfirmScreen.tsx(4,75): error TS1005: ';' expected.
src/app/onboarding/screens/LanguageChoiceConfirmScreen.tsx(4,75): error TS1351: An identifier or keyword cannot immediately follow a numeric literal.
src/app/onboarding/screens/LanguageChoiceConfirmScreen.tsx(4,92): error TS1005: ';' expected.
src/app/onboarding/screens/LanguageChoiceConfirmScreen.tsx(5,9): error TS1005: ';' expected.
src/app/onboarding/screens/LanguageChoiceConfirmScreen.tsx(5,23): error TS1351: An identifier or keyword cannot immediately follow a numeric literal.
src/app/onboarding/screens/LanguageChoiceConfirmScreen.tsx(6,9): error TS1005: ';' expected.
src/app/onboarding/screens/LanguageChoiceConfirmScreen.tsx(6,31): error TS1351: An identifier or keyword cannot immediately follow a numeric literal.
src/app/onboarding/screens/LanguageChoiceConfirmScreen.tsx(6,36): error TS1351: An identifier or keyword cannot immediately follow a numeric literal.
src/app/onboarding/screens/LanguageChoiceConfirmScreen.tsx(7,11): error TS1005: ';' expected.
src/app/onboarding/screens/LanguageChoiceConfirmScreen.tsx(7,40): error TS1351: An identifier or keyword cannot immediately follow a numeric literal.
src/app/onboarding/screens/LanguageChoiceConfirmScreen.tsx(7,48): error TS1005: ',' expected.
src/app/onboarding/screens/LanguageChoiceConfirmScreen.tsx(9,11): error TS1005: ';' expected.
src/app/onboarding/screens/LanguageChoiceConfirmScreen.tsx(9,41): error TS1127: Invalid character.
src/app/onboarding/screens/LanguageChoiceConfirmScreen.tsx(10,13): error TS1005: ';' expected.
src/app/onboarding/screens/LanguageChoiceConfirmScreen.tsx(10,44): error TS1127: Invalid character.
src/app/onboarding/screens/LanguageChoiceConfirmScreen.tsx(11,8): error TS1005: ';' expected.
src/app/onboarding/screens/LanguageChoiceConfirmScreen.tsx(12,18): error TS1127: Invalid character.
src/app/onboarding/screens/LanguageChoiceConfirmScreen.tsx(12,24): error TS1127: Invalid character.
src/app/onboarding/screens/LanguageChoiceConfirmScreen.tsx(12,40): error TS1127: Invalid character.
src/app/onboarding/screens/LanguageChoiceConfirmScreen.tsx(14,1): error TS1434: Unexpected keyword or identifier.
src/app/onboarding/screens/LanguageConfirmScreen.tsx(1,1): error TS1434: Unexpected keyword or identifier.
src/app/onboarding/screens/LanguageConfirmScreen.tsx(3,12): error TS1005: ';' expected.
src/app/onboarding/screens/LanguageConfirmScreen.tsx(3,23): error TS1127: Invalid character.
src/app/onboarding/screens/LanguageConfirmScreen.tsx(3,55): error TS1005: ',' expected.
src/app/onboarding/screens/LanguageConfirmScreen.tsx(3,67): error TS1005: ',' expected.
src/app/onboarding/screens/LanguageConfirmScreen.tsx(4,8): error TS1005: ';' expected.
src/app/onboarding/screens/LanguageConfirmScreen.tsx(4,18): error TS1005: ',' expected.
src/app/onboarding/screens/LanguageConfirmScreen.tsx(4,30): error TS1127: Invalid character.
src/app/onboarding/screens/LanguageConfirmScreen.tsx(4,37): error TS1005: ',' expected.
src/app/onboarding/screens/LanguageConfirmScreen.tsx(4,46): error TS1005: ',' expected.
src/app/onboarding/screens/LanguageConfirmScreen.tsx(4,55): error TS1005: ';' expected.
src/app/onboarding/screens/LanguageConfirmScreen.tsx(5,26): error TS1351: An identifier or keyword cannot immediately follow a numeric literal.
src/app/onboarding/screens/LanguageConfirmScreen.tsx(5,58): error TS1005: ';' expected.
src/app/onboarding/screens/LanguageConfirmScreen.tsx(5,60): error TS1005: ';' expected.
src/app/onboarding/screens/LanguageConfirmScreen.tsx(5,60): error TS1351: An identifier or keyword cannot immediately follow a numeric literal.
src/app/onboarding/screens/LanguageConfirmScreen.tsx(5,60): error TS1434: Unexpected keyword or identifier.
src/app/onboarding/screens/LanguageConfirmScreen.tsx(5,65): error TS1005: ';' expected.
src/app/onboarding/screens/LanguageConfirmScreen.tsx(5,65): error TS1351: An identifier or keyword cannot immediately follow a numeric literal.
src/app/onboarding/screens/LanguageConfirmScreen.tsx(7,7): error TS1434: Unexpected keyword or identifier.
src/app/onboarding/screens/LanguageConfirmScreen.tsx(7,63): error TS1005: ';' expected.
src/app/onboarding/screens/LanguageConfirmScreen.tsx(7,63): error TS1434: Unexpected keyword or identifier.
src/app/onboarding/screens/LanguageConfirmScreen.tsx(7,68): error TS1005: ';' expected.
src/app/onboarding/screens/LanguageConfirmScreen.tsx(7,68): error TS1351: An identifier or keyword cannot immediately follow a numeric literal.
src/app/onboarding/screens/LanguageConfirmScreen.tsx(7,80): error TS1005: ';' expected.
src/app/onboarding/screens/LanguageConfirmScreen.tsx(7,100): error TS1005: ';' expected.
src/app/onboarding/screens/LanguageConfirmScreen.tsx(8,16): error TS1005: '{' expected.
src/app/onboarding/screens/LanguageConfirmScreen.tsx(8,60): error TS1005: ';' expected.
src/app/onboarding/screens/LanguageConfirmScreen.tsx(8,60): error TS1434: Unexpected keyword or identifier.
src/app/onboarding/screens/LanguageConfirmScreen.tsx(8,65): error TS1005: ';' expected.
src/app/onboarding/screens/LanguageConfirmScreen.tsx(8,65): error TS1351: An identifier or keyword cannot immediately follow a numeric literal.
src/app/onboarding/screens/LanguageConfirmScreen.tsx(9,7): error TS1434: Unexpected keyword or identifier.
src/app/onboarding/screens/LanguageConfirmScreen.tsx(9,12): error TS1434: Unexpected keyword or identifier.
src/app/onboarding/screens/LanguageConfirmScreen.tsx(9,20): error TS1434: Unexpected keyword or identifier.
src/app/onboarding/screens/LanguageConfirmScreen.tsx(9,27): error TS1005: ';' expected.
src/app/onboarding/screens/LanguageConfirmScreen.tsx(9,27): error TS1351: An identifier or keyword cannot immediately follow a numeric literal.
src/app/onboarding/screens/LanguageConfirmScreen.tsx(10,57): error TS1351: An identifier or keyword cannot immediately follow a numeric literal.
src/app/onboarding/screens/LanguageConfirmScreen.tsx(11,64): error TS1005: ';' expected.
src/app/onboarding/screens/LanguageConfirmScreen.tsx(12,11): error TS1005: ';' expected.
src/app/onboarding/screens/LanguageConfirmScreen.tsx(12,42): error TS1127: Invalid character.
src/app/onboarding/screens/LanguageConfirmScreen.tsx(13,13): error TS1005: ';' expected.
src/app/onboarding/screens/LanguageConfirmScreen.tsx(13,40): error TS1127: Invalid character.
src/app/onboarding/screens/LanguageConfirmScreen.tsx(14,9): error TS1005: ';' expected.
src/app/onboarding/screens/LanguageConfirmScreen.tsx(14,22): error TS1351: An identifier or keyword cannot immediately follow a numeric literal.
src/app/onboarding/screens/LanguageConfirmScreen.tsx(14,25): error TS1005: ',' expected.
src/app/onboarding/screens/LanguageConfirmScreen.tsx(14,31): error TS1005: ';' expected.
src/app/onboarding/screens/LanguageConfirmScreen.tsx(14,33): error TS1434: Unexpected keyword or identifier.
src/app/onboarding/screens/LanguageConfirmScreen.tsx(15,18): error TS1005: ';' expected.
src/app/onboarding/screens/LanguageConfirmScreen.tsx(15,21): error TS1435: Unknown keyword or identifier. Did you mean 'out'?
src/app/onboarding/screens/LanguageConfirmScreen.tsx(15,27): error TS1127: Invalid character.
src/app/onboarding/screens/LanguageConfirmScreen.tsx(15,27): error TS1128: Declaration or statement expected.
src/app/onboarding/screens/LanguageConfirmScreen.tsx(15,29): error TS1434: Unexpected keyword or identifier.
src/app/onboarding/screens/LanguageConfirmScreen.tsx(15,43): error TS1005: ';' expected.
src/app/onboarding/screens/LanguageConfirmScreen.tsx(15,56): error TS1005: ';' expected.
src/app/onboarding/screens/LanguageConfirmScreen.tsx(16,11): error TS1005: ';' expected.
src/app/onboarding/screens/LanguageConfirmScreen.tsx(16,11): error TS1434: Unexpected keyword or identifier.
src/app/onboarding/screens/LanguageConfirmScreen.tsx(16,16): error TS1005: ';' expected.
src/app/onboarding/screens/LanguageConfirmScreen.tsx(16,16): error TS1351: An identifier or keyword cannot immediately follow a numeric literal.
src/app/onboarding/screens/LanguageConfirmScreen.tsx(16,33): error TS1005: ';' expected.
src/app/onboarding/screens/LanguageConfirmScreen.tsx(16,35): error TS1005: ';' expected.
src/app/onboarding/screens/LanguageConfirmScreen.tsx(16,35): error TS1351: An identifier or keyword cannot immediately follow a numeric literal.
src/app/onboarding/screens/LanguageConfirmScreen.tsx(16,51): error TS1005: ';' expected.
src/app/onboarding/screens/LanguageConfirmScreen.tsx(16,56): error TS1005: '(' expected.
src/app/onboarding/screens/LanguageConfirmScreen.tsx(16,65): error TS1005: ')' expected.
src/app/onboarding/screens/LanguageConfirmScreen.tsx(16,74): error TS1003: Identifier expected.
src/app/onboarding/screens/LanguageConfirmScreen.tsx(18,1): error TS1434: Unexpected keyword or identifier.
src/app/onboarding/screens/LanguageListScreen.tsx(1,1): error TS1434: Unexpected keyword or identifier.
src/app/onboarding/screens/LanguageListScreen.tsx(3,10): error TS1005: ';' expected.
src/app/onboarding/screens/LanguageListScreen.tsx(3,38): error TS1351: An identifier or keyword cannot immediately follow a numeric literal.
src/app/onboarding/screens/LanguageListScreen.tsx(3,41): error TS1005: ',' expected.
src/app/onboarding/screens/LanguageListScreen.tsx(4,9): error TS1005: ';' expected.
src/app/onboarding/screens/LanguageListScreen.tsx(4,29): error TS1005: ',' expected.
src/app/onboarding/screens/LanguageListScreen.tsx(4,45): error TS1005: ',' expected.
src/app/onboarding/screens/LanguageListScreen.tsx(4,57): error TS1005: ',' expected.
src/app/onboarding/screens/LanguageListScreen.tsx(4,64): error TS1005: ';' expected.
src/app/onboarding/screens/LanguageListScreen.tsx(5,5): error TS1434: Unexpected keyword or identifier.
src/app/onboarding/screens/LanguageListScreen.tsx(5,26): error TS1005: ';' expected.
src/app/onboarding/screens/LanguageListScreen.tsx(5,37): error TS1434: Unexpected keyword or identifier.
src/app/onboarding/screens/LanguageListScreen.tsx(5,62): error TS1005: ';' expected.
src/app/onboarding/screens/LanguageListScreen.tsx(6,5): error TS1434: Unexpected keyword or identifier.
src/app/onboarding/screens/LanguageListScreen.tsx(6,8): error TS1435: Unknown keyword or identifier. Did you mean 'catch'?
src/app/onboarding/screens/LanguageListScreen.tsx(6,21): error TS1434: Unexpected keyword or identifier.
src/app/onboarding/screens/LanguageListScreen.tsx(6,26): error TS1434: Unexpected keyword or identifier.
src/app/onboarding/screens/LanguageListScreen.tsx(6,40): error TS1005: '(' expected.
src/app/onboarding/screens/LanguageListScreen.tsx(6,48): error TS1005: ')' expected.
src/app/onboarding/screens/LanguageListScreen.tsx(7,5): error TS1434: Unexpected keyword or identifier.
src/app/onboarding/screens/LanguageListScreen.tsx(7,8): error TS1434: Unexpected keyword or identifier.
src/app/onboarding/screens/LanguageListScreen.tsx(7,11): error TS1435: Unknown keyword or identifier. Did you mean 'catch'?
src/app/onboarding/screens/LanguageListScreen.tsx(7,17): error TS1434: Unexpected keyword or identifier.
src/app/onboarding/screens/LanguageListScreen.tsx(7,25): error TS1005: ';' expected.
src/app/onboarding/screens/LanguageListScreen.tsx(7,32): error TS1434: Unexpected keyword or identifier.
src/app/onboarding/screens/LanguageListScreen.tsx(7,53): error TS1005: ';' expected.
src/app/onboarding/screens/LanguageListScreen.tsx(8,8): error TS1005: ';' expected.
src/app/onboarding/screens/LanguageListScreen.tsx(8,30): error TS1005: ',' expected.
src/app/onboarding/screens/LanguageListScreen.tsx(8,34): error TS1005: ',' expected.
src/app/onboarding/screens/LanguageListScreen.tsx(8,47): error TS1005: ',' expected.
src/app/onboarding/screens/LanguageListScreen.tsx(9,12): error TS1005: ';' expected.
src/app/onboarding/screens/LanguageListScreen.tsx(9,20): error TS1005: ',' expected.
src/app/onboarding/screens/LanguageListScreen.tsx(9,28): error TS1005: ';' expected.
src/app/onboarding/screens/LanguageListScreen.tsx(10,5): error TS1434: Unexpected keyword or identifier.
src/app/onboarding/screens/LanguageListScreen.tsx(10,18): error TS1351: An identifier or keyword cannot immediately follow a numeric literal.
src/app/onboarding/screens/LanguageListScreen.tsx(11,14): error TS1434: Unexpected keyword or identifier.
src/app/onboarding/screens/LanguageListScreen.tsx(11,31): error TS1351: An identifier or keyword cannot immediately follow a numeric literal.
src/app/onboarding/screens/LanguageListScreen.tsx(11,34): error TS1005: ',' expected.
src/app/onboarding/screens/LanguageListScreen.tsx(11,48): error TS1005: ';' expected.
src/app/onboarding/screens/LanguageListScreen.tsx(11,56): error TS1351: An identifier or keyword cannot immediately follow a numeric literal.
src/app/onboarding/screens/LanguageListScreen.tsx(11,59): error TS1005: ',' expected.
src/app/onboarding/screens/LanguageListScreen.tsx(12,5): error TS1434: Unexpected keyword or identifier.
src/app/onboarding/screens/LanguageListScreen.tsx(12,45): error TS1005: ';' expected.
src/app/onboarding/screens/LanguageListScreen.tsx(12,61): error TS1127: Invalid character.
src/app/onboarding/screens/LanguageListScreen.tsx(12,63): error TS1109: Expression expected.
src/app/onboarding/screens/LanguageListScreen.tsx(12,76): error TS1005: ';' expected.
src/app/onboarding/screens/LanguageListScreen.tsx(13,5): error TS1435: Unknown keyword or identifier. Did you mean 'import'?
src/app/onboarding/screens/LanguageListScreen.tsx(13,12): error TS1434: Unexpected keyword or identifier.
src/app/onboarding/screens/LanguageListScreen.tsx(13,26): error TS1434: Unexpected keyword or identifier.
src/app/onboarding/screens/LanguageListScreen.tsx(13,30): error TS1434: Unexpected keyword or identifier.
src/app/onboarding/screens/LanguageListScreen.tsx(13,47): error TS1434: Unexpected keyword or identifier.
src/app/onboarding/screens/LanguageListScreen.tsx(14,5): error TS1434: Unexpected keyword or identifier.
src/app/onboarding/screens/LanguageListScreen.tsx(14,13): error TS1434: Unexpected keyword or identifier.
src/app/onboarding/screens/LanguageListScreen.tsx(14,37): error TS1005: ';' expected.
src/app/onboarding/screens/LanguageListScreen.tsx(15,6): error TS1005: ';' expected.
src/app/onboarding/screens/LanguageListScreen.tsx(15,13): error TS1434: Unexpected keyword or identifier.
src/app/onboarding/screens/LanguageListScreen.tsx(15,24): error TS1127: Invalid character.
src/app/onboarding/screens/LanguageListScreen.tsx(15,26): error TS1434: Unexpected keyword or identifier.
src/app/onboarding/screens/LanguageListScreen.tsx(15,36): error TS1434: Unexpected keyword or identifier.
src/app/onboarding/screens/LanguageListScreen.tsx(17,1): error TS1434: Unexpected keyword or identifier.
src/app/onboarding/screens/LanguageSetScreen.tsx(1,1): error TS1434: Unexpected keyword or identifier.
src/app/onboarding/screens/LanguageSetScreen.tsx(2,8): error TS1005: ';' expected.
src/app/onboarding/screens/LanguageSetScreen.tsx(2,28): error TS1005: ';' expected.
src/app/onboarding/screens/LanguageSetScreen.tsx(3,8): error TS1005: ';' expected.
src/app/onboarding/screens/LanguageSetScreen.tsx(3,21): error TS1434: Unexpected keyword or identifier.
src/app/onboarding/screens/LanguageSetScreen.tsx(3,48): error TS1005: ';' expected.
src/app/onboarding/screens/LanguageSetScreen.tsx(3,70): error TS1005: ';' expected.
src/app/onboarding/screens/LanguageSetScreen.tsx(4,12): error TS1005: ';' expected.
src/app/onboarding/screens/LanguageSetScreen.tsx(4,32): error TS1005: ',' expected.
src/app/onboarding/screens/LanguageSetScreen.tsx(4,41): error TS1005: ',' expected.
src/app/onboarding/screens/LanguageSetScreen.tsx(4,46): error TS1005: ',' expected.
src/app/onboarding/screens/LanguageSetScreen.tsx(4,51): error TS1005: ';' expected.
src/app/onboarding/screens/LanguageSetScreen.tsx(5,6): error TS1005: ';' expected.
src/app/onboarding/screens/LanguageSetScreen.tsx(5,15): error TS1434: Unexpected keyword or identifier.
src/app/onboarding/screens/LanguageSetScreen.tsx(5,32): error TS1351: An identifier or keyword cannot immediately follow a numeric literal.
src/app/onboarding/screens/LanguageSetScreen.tsx(5,35): error TS1005: ';' expected.
src/app/onboarding/screens/LanguageSetScreen.tsx(6,30): error TS1005: ';' expected.
src/app/onboarding/screens/LanguageSetScreen.tsx(6,53): error TS1005: ';' expected.
src/app/onboarding/screens/LanguageSetScreen.tsx(6,84): error TS1005: ',' expected.
src/app/onboarding/screens/LanguageSetScreen.tsx(6,95): error TS1005: '{' expected.
src/app/onboarding/screens/LanguageSetScreen.tsx(6,116): error TS1127: Invalid character.
src/app/onboarding/screens/LanguageSetScreen.tsx(6,117): error TS1005: ';' expected.
src/app/onboarding/screens/LanguageSetScreen.tsx(6,122): error TS1005: ';' expected.
src/app/onboarding/screens/LanguageSetScreen.tsx(6,122): error TS1351: An identifier or keyword cannot immediately follow a numeric literal.
src/app/onboarding/screens/LanguageSetScreen.tsx(7,6): error TS1434: Unexpected keyword or identifier.
src/app/onboarding/screens/LanguageSetScreen.tsx(7,38): error TS1005: ';' expected.
src/app/onboarding/screens/LanguageSetScreen.tsx(7,61): error TS1005: ';' expected.
src/app/onboarding/screens/LanguageSetScreen.tsx(7,94): error TS1127: Invalid character.
src/app/onboarding/screens/LanguageSetScreen.tsx(7,95): error TS1005: ';' expected.
src/app/onboarding/screens/LanguageSetScreen.tsx(7,100): error TS1005: ';' expected.
src/app/onboarding/screens/LanguageSetScreen.tsx(7,100): error TS1351: An identifier or keyword cannot immediately follow a numeric literal.
src/app/onboarding/screens/LanguageSetScreen.tsx(8,6): error TS1005: ';' expected.
src/app/onboarding/screens/LanguageSetScreen.tsx(8,23): error TS1351: An identifier or keyword cannot immediately follow a numeric literal.
src/app/onboarding/screens/LanguageSetScreen.tsx(8,26): error TS1005: ',' expected.
src/app/onboarding/screens/LanguageSetScreen.tsx(8,45): error TS1127: Invalid character.
src/app/onboarding/screens/LanguageSetScreen.tsx(8,58): error TS1005: ';' expected.
src/app/onboarding/screens/LanguageSetScreen.tsx(8,61): error TS1005: ';' expected.
src/app/onboarding/screens/LanguageSetScreen.tsx(8,61): error TS1351: An identifier or keyword cannot immediately follow a numeric literal.
src/app/onboarding/screens/LanguageSetScreen.tsx(9,6): error TS1005: ';' expected.
src/app/onboarding/screens/LanguageSetScreen.tsx(9,78): error TS1351: An identifier or keyword cannot immediately follow a numeric literal.
src/app/onboarding/screens/LanguageSetScreen.tsx(9,97): error TS1127: Invalid character.
src/app/onboarding/screens/LanguageSetScreen.tsx(9,110): error TS1005: ';' expected.
src/app/onboarding/screens/LanguageSetScreen.tsx(9,113): error TS1005: ';' expected.
src/app/onboarding/screens/LanguageSetScreen.tsx(9,113): error TS1351: An identifier or keyword cannot immediately follow a numeric literal.
src/app/onboarding/screens/LanguageSetScreen.tsx(10,11): error TS1005: ';' expected.
src/app/onboarding/screens/LanguageSetScreen.tsx(10,13): error TS1434: Unexpected keyword or identifier.
src/app/onboarding/screens/LanguageSetScreen.tsx(10,25): error TS1005: ';' expected.
src/app/onboarding/screens/LanguageSetScreen.tsx(10,31): error TS1434: Unexpected keyword or identifier.
src/app/onboarding/screens/LanguageSetScreen.tsx(10,41): error TS1005: '(' expected.
src/app/onboarding/screens/LanguageSetScreen.tsx(10,48): error TS1005: ')' expected.
src/app/onboarding/screens/LanguageSetScreen.tsx(10,83): error TS1127: Invalid character.
src/app/onboarding/screens/LanguageSetScreen.tsx(10,84): error TS1005: ',' expected.
src/app/onboarding/screens/LanguageSetScreen.tsx(10,89): error TS1005: ',' expected.
src/app/onboarding/screens/LanguageSetScreen.tsx(10,89): error TS1351: An identifier or keyword cannot immediately follow a numeric literal.
src/app/onboarding/screens/LanguageSetScreen.tsx(10,92): error TS1005: ';' expected.
src/app/onboarding/screens/LanguageSetScreen.tsx(10,95): error TS1434: Unexpected keyword or identifier.
src/app/onboarding/screens/LanguageSetScreen.tsx(10,102): error TS1434: Unexpected keyword or identifier.
src/app/onboarding/screens/LanguageSetScreen.tsx(10,112): error TS1434: Unexpected keyword or identifier.
src/app/onboarding/screens/LanguageSetScreen.tsx(11,6): error TS1005: ';' expected.
src/app/onboarding/screens/LanguageSetScreen.tsx(11,18): error TS1005: ';' expected.
src/app/onboarding/screens/LanguageSetScreen.tsx(12,8): error TS1005: ';' expected.
src/app/onboarding/screens/LanguageSetScreen.tsx(12,10): error TS1434: Unexpected keyword or identifier.
src/app/onboarding/screens/LanguageSetScreen.tsx(13,15): error TS1005: ';' expected.
src/app/onboarding/screens/LanguageSetScreen.tsx(13,17): error TS1434: Unexpected keyword or identifier.
src/app/onboarding/screens/LanguageSetScreen.tsx(13,27): error TS1005: ';' expected.
src/app/onboarding/screens/LanguageSetScreen.tsx(13,27): error TS1351: An identifier or keyword cannot immediately follow a numeric literal.
src/app/onboarding/screens/LanguageSetScreen.tsx(13,30): error TS1435: Unknown keyword or identifier. Did you mean 'set Timeout'?
src/app/onboarding/screens/LanguageSetScreen.tsx(13,41): error TS1127: Invalid character.
src/app/onboarding/screens/LanguageSetScreen.tsx(13,41): error TS1128: Declaration or statement expected.
src/app/onboarding/screens/LanguageSetScreen.tsx(13,43): error TS1434: Unexpected keyword or identifier.
src/app/onboarding/screens/LanguageSetScreen.tsx(15,1): error TS1434: Unexpected keyword or identifier.
src/app/onboarding/screens/LocationPermissionScreen.tsx(1,1): error TS1434: Unexpected keyword or identifier.
src/app/onboarding/screens/LocationPermissionScreen.tsx(3,15): error TS1005: ';' expected.
src/app/onboarding/screens/LocationPermissionScreen.tsx(3,17): error TS1434: Unexpected keyword or identifier.
src/app/onboarding/screens/LocationPermissionScreen.tsx(3,26): error TS1434: Unexpected keyword or identifier.
src/app/onboarding/screens/LocationPermissionScreen.tsx(3,32): error TS1434: Unexpected keyword or identifier.
src/app/onboarding/screens/LocationPermissionScreen.tsx(3,36): error TS1435: Unknown keyword or identifier. Did you mean 'out line'?
src/app/onboarding/screens/LocationPermissionScreen.tsx(3,65): error TS1005: ',' expected.
src/app/onboarding/screens/LocationPermissionScreen.tsx(3,76): error TS1005: ';' expected.
src/app/onboarding/screens/LocationPermissionScreen.tsx(3,81): error TS1005: '(' expected.
src/app/onboarding/screens/LocationPermissionScreen.tsx(3,90): error TS1005: ')' expected.
src/app/onboarding/screens/LocationPermissionScreen.tsx(4,11): error TS1005: ';' expected.
src/app/onboarding/screens/LocationPermissionScreen.tsx(4,55): error TS1351: An identifier or keyword cannot immediately follow a numeric literal.
src/app/onboarding/screens/LocationPermissionScreen.tsx(4,58): error TS1005: ',' expected.
src/app/onboarding/screens/LocationPermissionScreen.tsx(5,5): error TS1005: ';' expected.
src/app/onboarding/screens/LocationPermissionScreen.tsx(5,13): error TS1434: Unexpected keyword or identifier.
src/app/onboarding/screens/LocationPermissionScreen.tsx(5,18): error TS1434: Unexpected keyword or identifier.
src/app/onboarding/screens/LocationPermissionScreen.tsx(5,28): error TS1005: '(' expected.
src/app/onboarding/screens/LocationPermissionScreen.tsx(5,36): error TS1127: Invalid character.
src/app/onboarding/screens/LocationPermissionScreen.tsx(5,38): error TS1434: Unexpected keyword or identifier.
src/app/onboarding/screens/LocationPermissionScreen.tsx(6,5): error TS1434: Unexpected keyword or identifier.
src/app/onboarding/screens/LocationPermissionScreen.tsx(6,10): error TS1005: ';' expected.
src/app/onboarding/screens/LocationPermissionScreen.tsx(7,5): error TS1434: Unexpected keyword or identifier.
src/app/onboarding/screens/LocationPermissionScreen.tsx(7,10): error TS1005: ';' expected.
src/app/onboarding/screens/LocationPermissionScreen.tsx(8,5): error TS1434: Unexpected keyword or identifier.
src/app/onboarding/screens/LocationPermissionScreen.tsx(8,10): error TS1005: ';' expected.
src/app/onboarding/screens/LocationPermissionScreen.tsx(9,11): error TS1005: ';' expected.
src/app/onboarding/screens/LocationPermissionScreen.tsx(9,16): error TS1434: Unexpected keyword or identifier.
src/app/onboarding/screens/LocationPermissionScreen.tsx(9,22): error TS1434: Unexpected keyword or identifier.
src/app/onboarding/screens/LocationPermissionScreen.tsx(9,32): error TS1127: Invalid character.
src/app/onboarding/screens/LocationPermissionScreen.tsx(10,11): error TS1005: ';' expected.
src/app/onboarding/screens/LocationPermissionScreen.tsx(10,43): error TS1127: Invalid character.
src/app/onboarding/screens/LocationPermissionScreen.tsx(10,45): error TS1434: Unexpected keyword or identifier.
src/app/onboarding/screens/LocationPermissionScreen.tsx(11,9): error TS1005: ';' expected.
src/app/onboarding/screens/LocationPermissionScreen.tsx(11,40): error TS1127: Invalid character.
src/app/onboarding/screens/LocationPermissionScreen.tsx(11,42): error TS1434: Unexpected keyword or identifier.
src/app/onboarding/screens/LocationPermissionScreen.tsx(12,15): error TS1005: ';' expected.
src/app/onboarding/screens/LocationPermissionScreen.tsx(12,24): error TS1434: Unexpected keyword or identifier.
src/app/onboarding/screens/LocationPermissionScreen.tsx(12,28): error TS1434: Unexpected keyword or identifier.
src/app/onboarding/screens/LocationPermissionScreen.tsx(12,30): error TS1434: Unexpected keyword or identifier.
src/app/onboarding/screens/LocationPermissionScreen.tsx(12,38): error TS1434: Unexpected keyword or identifier.
src/app/onboarding/screens/LocationPermissionScreen.tsx(13,5): error TS1434: Unexpected keyword or identifier.
src/app/onboarding/screens/LocationPermissionScreen.tsx(13,14): error TS1005: ';' expected.
src/app/onboarding/screens/LocationPermissionScreen.tsx(14,27): error TS1005: ';' expected.
src/app/onboarding/screens/LocationPermissionScreen.tsx(14,43): error TS1005: ';' expected.
src/app/onboarding/screens/LocationPermissionScreen.tsx(16,5): error TS1434: Unexpected keyword or identifier.
src/app/onboarding/screens/LocationPermissionScreen.tsx(16,8): error TS1434: Unexpected keyword or identifier.
src/app/onboarding/screens/LocationPermissionScreen.tsx(16,21): error TS1434: Unexpected keyword or identifier.
src/app/onboarding/screens/LocationPermissionScreen.tsx(17,15): error TS1005: ';' expected.
src/app/onboarding/screens/LocationPermissionScreen.tsx(17,22): error TS1434: Unexpected keyword or identifier.
src/app/onboarding/screens/LocationPermissionScreen.tsx(17,29): error TS1434: Unexpected keyword or identifier.
src/app/onboarding/screens/LocationPermissionScreen.tsx(18,8): error TS1005: ';' expected.
src/app/onboarding/screens/LocationPermissionScreen.tsx(18,10): error TS1434: Unexpected keyword or identifier.
src/app/onboarding/screens/LocationPermissionScreen.tsx(18,76): error TS1005: ';' expected.
src/app/onboarding/screens/LocationPermissionScreen.tsx(18,76): error TS1434: Unexpected keyword or identifier.
src/app/onboarding/screens/LocationPermissionScreen.tsx(18,82): error TS1005: ';' expected.
src/app/onboarding/screens/LocationPermissionScreen.tsx(18,82): error TS1351: An identifier or keyword cannot immediately follow a numeric literal.
src/app/onboarding/screens/LocationPermissionScreen.tsx(18,85): error TS1434: Unexpected keyword or identifier.
src/app/onboarding/screens/LocationPermissionScreen.tsx(19,3): error TS1434: Unexpected keyword or identifier.
src/app/onboarding/screens/LocationPermissionScreen.tsx(19,15): error TS1005: ';' expected.
src/app/onboarding/screens/LocationPermissionScreen.tsx(19,36): error TS1005: ';' expected.
src/app/onboarding/screens/LocationPermissionScreen.tsx(19,41): error TS1005: '(' expected.
src/app/onboarding/screens/LocationPermissionScreen.tsx(19,50): error TS1005: ')' expected.
src/app/onboarding/screens/LocationPermissionScreen.tsx(21,1): error TS1434: Unexpected keyword or identifier.
src/app/onboarding/screens/ManualCityScreen.tsx(1,1): error TS1434: Unexpected keyword or identifier.
src/app/onboarding/screens/ManualCityScreen.tsx(3,14): error TS1005: ';' expected.
src/app/onboarding/screens/ManualCityScreen.tsx(3,35): error TS1351: An identifier or keyword cannot immediately follow a numeric literal.
src/app/onboarding/screens/ManualCityScreen.tsx(4,8): error TS1005: ';' expected.
src/app/onboarding/screens/ManualCityScreen.tsx(4,30): error TS1351: An identifier or keyword cannot immediately follow a numeric literal.
src/app/onboarding/screens/ManualCityScreen.tsx(4,33): error TS1005: ',' expected.
src/app/onboarding/screens/ManualCityScreen.tsx(5,9): error TS1005: ';' expected.
src/app/onboarding/screens/ManualCityScreen.tsx(5,35): error TS1005: ',' expected.
src/app/onboarding/screens/ManualCityScreen.tsx(5,39): error TS1005: ',' expected.
src/app/onboarding/screens/ManualCityScreen.tsx(5,44): error TS1005: '(' expected.
src/app/onboarding/screens/ManualCityScreen.tsx(5,46): error TS1005: ')' expected.
src/app/onboarding/screens/ManualCityScreen.tsx(5,51): error TS1128: Declaration or statement expected.
src/app/onboarding/screens/ManualCityScreen.tsx(5,52): error TS1128: Declaration or statement expected.
src/app/onboarding/screens/ManualCityScreen.tsx(6,35): error TS1005: ';' expected.
src/app/onboarding/screens/ManualCityScreen.tsx(6,38): error TS1351: An identifier or keyword cannot immediately follow a numeric literal.
src/app/onboarding/screens/ManualCityScreen.tsx(7,5): error TS1127: Invalid character.
src/app/onboarding/screens/ManualCityScreen.tsx(7,16): error TS1351: An identifier or keyword cannot immediately follow a numeric literal.
src/app/onboarding/screens/ManualCityScreen.tsx(8,5): error TS1435: Unknown keyword or identifier. Did you mean 'this'?
src/app/onboarding/screens/ManualCityScreen.tsx(8,10): error TS1434: Unexpected keyword or identifier.
src/app/onboarding/screens/ManualCityScreen.tsx(8,14): error TS1228: A type predicate is only allowed in return type position for functions and methods.
src/app/onboarding/screens/ManualCityScreen.tsx(8,17): error TS1434: Unexpected keyword or identifier.
src/app/onboarding/screens/ManualCityScreen.tsx(8,24): error TS1434: Unexpected keyword or identifier.
src/app/onboarding/screens/ManualCityScreen.tsx(8,34): error TS1434: Unexpected keyword or identifier.
src/app/onboarding/screens/ManualCityScreen.tsx(8,39): error TS1434: Unexpected keyword or identifier.
src/app/onboarding/screens/ManualCityScreen.tsx(8,46): error TS1228: A type predicate is only allowed in return type position for functions and methods.
src/app/onboarding/screens/ManualCityScreen.tsx(8,57): error TS1127: Invalid character.
src/app/onboarding/screens/ManualCityScreen.tsx(8,59): error TS1434: Unexpected keyword or identifier.
src/app/onboarding/screens/ManualCityScreen.tsx(9,5): error TS1434: Unexpected keyword or identifier.
src/app/onboarding/screens/ManualCityScreen.tsx(9,21): error TS1435: Unknown keyword or identifier. Did you mean 'catch'?
src/app/onboarding/screens/ManualCityScreen.tsx(9,27): error TS1434: Unexpected keyword or identifier.
src/app/onboarding/screens/ManualCityScreen.tsx(9,35): error TS1434: Unexpected keyword or identifier.
src/app/onboarding/screens/ManualCityScreen.tsx(9,51): error TS1005: ';' expected.
src/app/onboarding/screens/ManualCityScreen.tsx(10,8): error TS1005: ';' expected.
src/app/onboarding/screens/ManualCityScreen.tsx(10,22): error TS1351: An identifier or keyword cannot immediately follow a numeric literal.
src/app/onboarding/screens/ManualCityScreen.tsx(10,40): error TS1005: ';' expected.
src/app/onboarding/screens/ManualCityScreen.tsx(10,58): error TS1005: ';' expected.
src/app/onboarding/screens/ManualCityScreen.tsx(11,5): error TS1434: Unexpected keyword or identifier.
src/app/onboarding/screens/ManualCityScreen.tsx(11,14): error TS1434: Unexpected keyword or identifier.
src/app/onboarding/screens/ManualCityScreen.tsx(11,21): error TS1434: Unexpected keyword or identifier.
src/app/onboarding/screens/ManualCityScreen.tsx(11,45): error TS1005: ';' expected.
src/app/onboarding/screens/ManualCityScreen.tsx(12,11): error TS1005: ';' expected.
src/app/onboarding/screens/ManualCityScreen.tsx(12,25): error TS1005: ',' expected.
src/app/onboarding/screens/ManualCityScreen.tsx(12,42): error TS1005: ',' expected.
src/app/onboarding/screens/ManualCityScreen.tsx(12,63): error TS1005: ',' expected.
src/app/onboarding/screens/ManualCityScreen.tsx(12,68): error TS1005: '{' expected.
src/app/onboarding/screens/ManualCityScreen.tsx(12,69): error TS1005: ';' expected.
src/app/onboarding/screens/ManualCityScreen.tsx(13,5): error TS1434: Unexpected keyword or identifier.
src/app/onboarding/screens/ManualCityScreen.tsx(13,10): error TS1005: ';' expected.
src/app/onboarding/screens/ManualCityScreen.tsx(14,5): error TS1434: Unexpected keyword or identifier.
src/app/onboarding/screens/ManualCityScreen.tsx(14,10): error TS1005: ';' expected.
src/app/onboarding/screens/ManualCityScreen.tsx(15,13): error TS1351: An identifier or keyword cannot immediately follow a numeric literal.
src/app/onboarding/screens/ManualCityScreen.tsx(15,29): error TS1005: ';' expected.
src/app/onboarding/screens/ManualCityScreen.tsx(15,44): error TS1005: ';' expected.
src/app/onboarding/screens/ManualCityScreen.tsx(15,60): error TS1005: ';' expected.
src/app/onboarding/screens/ManualCityScreen.tsx(16,5): error TS1434: Unexpected keyword or identifier.
src/app/onboarding/screens/ManualCityScreen.tsx(16,13): error TS1434: Unexpected keyword or identifier.
src/app/onboarding/screens/ManualCityScreen.tsx(16,25): error TS1434: Unexpected keyword or identifier.
src/app/onboarding/screens/ManualCityScreen.tsx(16,30): error TS1434: Unexpected keyword or identifier.
src/app/onboarding/screens/ManualCityScreen.tsx(16,50): error TS1005: '(' expected.
src/app/onboarding/screens/ManualCityScreen.tsx(16,55): error TS1005: ')' expected.
src/app/onboarding/screens/ManualCityScreen.tsx(16,76): error TS1005: ',' expected.
src/app/onboarding/screens/ManualCityScreen.tsx(17,8): error TS1005: ';' expected.
src/app/onboarding/screens/ManualCityScreen.tsx(17,28): error TS1005: ',' expected.
src/app/onboarding/screens/ManualCityScreen.tsx(17,36): error TS1127: Invalid character.
src/app/onboarding/screens/ManualCityScreen.tsx(17,46): error TS1005: ',' expected.
src/app/onboarding/screens/ManualCityScreen.tsx(17,50): error TS1005: '(' expected.
src/app/onboarding/screens/ManualCityScreen.tsx(17,54): error TS1005: ';' expected.
src/app/onboarding/screens/ManualCityScreen.tsx(17,55): error TS1109: Expression expected.
src/app/onboarding/screens/ManualCityScreen.tsx(18,11): error TS1127: Invalid character.
src/app/onboarding/screens/ManualCityScreen.tsx(18,26): error TS1127: Invalid character.
src/app/onboarding/screens/ManualCityScreen.tsx(18,41): error TS1127: Invalid character.
src/app/onboarding/screens/ManualCityScreen.tsx(18,53): error TS1127: Invalid character.
src/app/onboarding/screens/ManualCityScreen.tsx(18,68): error TS1127: Invalid character.
src/app/onboarding/screens/ManualCityScreen.tsx(19,10): error TS1127: Invalid character.
src/app/onboarding/screens/ManualCityScreen.tsx(19,26): error TS1127: Invalid character.
src/app/onboarding/screens/ManualCityScreen.tsx(19,41): error TS1127: Invalid character.
src/app/onboarding/screens/ManualCityScreen.tsx(19,58): error TS1127: Invalid character.
src/app/onboarding/screens/ManualCityScreen.tsx(20,11): error TS1127: Invalid character.
src/app/onboarding/screens/ManualCityScreen.tsx(20,26): error TS1127: Invalid character.
src/app/onboarding/screens/ManualCityScreen.tsx(20,44): error TS1127: Invalid character.
src/app/onboarding/screens/ManualCityScreen.tsx(21,16): error TS1005: ';' expected.
src/app/onboarding/screens/ManualCityScreen.tsx(21,21): error TS1005: '(' expected.
src/app/onboarding/screens/ManualCityScreen.tsx(23,1): error TS1005: ')' expected.
src/app/onboarding/screens/SplashScreen.tsx(1,1): error TS1434: Unexpected keyword or identifier.
src/app/onboarding/screens/SplashScreen.tsx(1,6): error TS1434: Unexpected keyword or identifier.
src/app/onboarding/screens/SplashScreen.tsx(1,14): error TS1434: Unexpected keyword or identifier.
src/app/onboarding/screens/SplashScreen.tsx(1,19): error TS1434: Unexpected keyword or identifier.
src/app/onboarding/screens/SplashScreen.tsx(1,23): error TS1435: Unknown keyword or identifier. Did you mean 'switch'?
src/app/onboarding/screens/SplashScreen.tsx(1,30): error TS1434: Unexpected keyword or identifier.
src/app/onboarding/screens/SplashScreen.tsx(1,39): error TS1005: '(' expected.
src/app/onboarding/screens/SplashScreen.tsx(1,44): error TS1005: ';' expected.
src/app/onboarding/screens/SplashScreen.tsx(1,55): error TS1005: ',' expected.
src/app/onboarding/screens/SplashScreen.tsx(1,72): error TS1005: ';' expected.
src/app/onboarding/screens/SplashScreen.tsx(1,75): error TS1005: ')' expected.
src/app/onboarding/screens/SplashScreen.tsx(1,81): error TS1003: Identifier expected.
src/app/onboarding/screens/SplashScreen.tsx(2,1): error TS1434: Unexpected keyword or identifier.
src/app/onboarding/screens/SplashScreen.tsx(3,8): error TS1005: ';' expected.
src/app/onboarding/screens/SplashScreen.tsx(3,19): error TS1005: ';' expected.
src/app/onboarding/screens/SplashScreen.tsx(3,39): error TS1005: ';' expected.
src/app/onboarding/screens/SplashScreen.tsx(4,7): error TS1005: ';' expected.
src/app/onboarding/screens/SplashScreen.tsx(4,12): error TS1005: '{' expected.
src/app/onboarding/screens/SplashScreen.tsx(5,6): error TS1005: ';' expected.
src/app/onboarding/screens/SplashScreen.tsx(5,14): error TS1434: Unexpected keyword or identifier.
src/app/onboarding/screens/SplashScreen.tsx(5,20): error TS1435: Unknown keyword or identifier. Did you mean 'while'?
src/app/onboarding/screens/SplashScreen.tsx(5,26): error TS1434: Unexpected keyword or identifier.
src/app/onboarding/screens/SplashScreen.tsx(5,35): error TS1005: ';' expected.
src/app/onboarding/screens/SplashScreen.tsx(5,47): error TS1351: An identifier or keyword cannot immediately follow a numeric literal.
src/app/onboarding/screens/SplashScreen.tsx(6,19): error TS1005: ';' expected.
src/app/onboarding/screens/SplashScreen.tsx(6,31): error TS1351: An identifier or keyword cannot immediately follow a numeric literal.
src/app/onboarding/screens/SplashScreen.tsx(7,20): error TS1005: ';' expected.
src/app/onboarding/screens/SplashScreen.tsx(7,34): error TS1351: An identifier or keyword cannot immediately follow a numeric literal.
src/app/onboarding/screens/SplashScreen.tsx(8,5): error TS1005: ';' expected.
src/app/onboarding/screens/SplashScreen.tsx(8,14): error TS1434: Unexpected keyword or identifier.
src/app/onboarding/screens/SplashScreen.tsx(8,18): error TS1434: Unexpected keyword or identifier.
src/app/onboarding/screens/SplashScreen.tsx(8,32): error TS1351: An identifier or keyword cannot immediately follow a numeric literal.
src/app/onboarding/screens/SplashScreen.tsx(8,42): error TS1351: An identifier or keyword cannot immediately follow a numeric literal.
src/app/onboarding/screens/SplashScreen.tsx(8,62): error TS1005: ';' expected.
src/app/onboarding/screens/SplashScreen.tsx(8,83): error TS1005: ';' expected.
src/app/onboarding/screens/SplashScreen.tsx(9,16): error TS1005: ';' expected.
src/app/onboarding/screens/SplashScreen.tsx(9,16): error TS1434: Unexpected keyword or identifier.
src/app/onboarding/screens/SplashScreen.tsx(9,26): error TS1005: ';' expected.
src/app/onboarding/screens/SplashScreen.tsx(9,26): error TS1351: An identifier or keyword cannot immediately follow a numeric literal.
src/app/onboarding/screens/SplashScreen.tsx(9,29): error TS1434: Unexpected keyword or identifier.
src/app/onboarding/screens/SplashScreen.tsx(9,56): error TS1127: Invalid character.
src/app/onboarding/screens/SplashScreen.tsx(9,58): error TS1434: Unexpected keyword or identifier.
src/app/onboarding/screens/SplashScreen.tsx(9,64): error TS1434: Unexpected keyword or identifier.
src/app/onboarding/screens/SplashScreen.tsx(10,6): error TS1005: ';' expected.
src/app/onboarding/screens/SplashScreen.tsx(10,18): error TS1005: ';' expected.
src/app/onboarding/screens/SplashScreen.tsx(11,8): error TS1005: ';' expected.
src/app/onboarding/screens/SplashScreen.tsx(11,21): error TS1005: ',' expected.
src/app/onboarding/screens/SplashScreen.tsx(11,25): error TS1005: ',' expected.
src/app/onboarding/screens/SplashScreen.tsx(11,28): error TS1005: ',' expected.
src/app/onboarding/screens/SplashScreen.tsx(11,33): error TS1005: ',' expected.
src/app/onboarding/screens/SplashScreen.tsx(13,1): error TS1434: Unexpected keyword or identifier.
src/app/onboarding/screens/VoiceTutorialScreen.tsx(3,5): error TS1005: ';' expected.
src/app/onboarding/screens/VoiceTutorialScreen.tsx(3,14): error TS1434: Unexpected keyword or identifier.
src/app/onboarding/screens/VoiceTutorialScreen.tsx(3,21): error TS1434: Unexpected keyword or identifier.
src/app/onboarding/screens/VoiceTutorialScreen.tsx(3,32): error TS1434: Unexpected keyword or identifier.
src/app/onboarding/screens/VoiceTutorialScreen.tsx(3,38): error TS1434: Unexpected keyword or identifier.
src/app/onboarding/screens/VoiceTutorialScreen.tsx(3,58): error TS1005: ',' expected.
src/app/onboarding/screens/VoiceTutorialScreen.tsx(3,60): error TS1005: ',' expected.
src/app/onboarding/screens/VoiceTutorialScreen.tsx(3,67): error TS1005: ',' expected.
src/app/onboarding/screens/VoiceTutorialScreen.tsx(3,72): error TS1005: ';' expected.
src/app/onboarding/screens/VoiceTutorialScreen.tsx(5,1): error TS1434: Unexpected keyword or identifier.
src/app/onboarding/screens/VoiceTutorialScreen.tsx(16,1): error TS1434: Unexpected keyword or identifier.
src/app/onboarding/screens/VoiceTutorialScreen.tsx(16,5): error TS1434: Unexpected keyword or identifier.
src/app/onboarding/screens/VoiceTutorialScreen.tsx(16,12): error TS1434: Unexpected keyword or identifier.
src/app/onboarding/screens/VoiceTutorialScreen.tsx(16,17): error TS1434: Unexpected keyword or identifier.
src/app/onboarding/screens/VoiceTutorialScreen.tsx(16,39): error TS1005: ';' expected.
src/app/onboarding/screens/VoiceTutorialScreen.tsx(17,4): error TS1005: ';' expected.
src/app/onboarding/screens/VoiceTutorialScreen.tsx(17,8): error TS1434: Unexpected keyword or identifier.
src/app/onboarding/screens/VoiceTutorialScreen.tsx(17,20): error TS1005: '(' expected.
src/app/onboarding/screens/VoiceTutorialScreen.tsx(18,1): error TS1005: ')' expected.
src/app/onboarding/screens/VoiceTutorialScreen.tsx(18,4): error TS1005: ';' expected.
src/app/onboarding/screens/VoiceTutorialScreen.tsx(18,9): error TS1434: Unexpected keyword or identifier.
src/app/onboarding/screens/VoiceTutorialScreen.tsx(18,27): error TS1005: '(' expected.
src/app/onboarding/screens/VoiceTutorialScreen.tsx(19,1): error TS1005: ')' expected.
src/app/onboarding/screens/VoiceTutorialScreen.tsx(19,4): error TS1005: ';' expected.
src/app/onboarding/screens/VoiceTutorialScreen.tsx(19,27): error TS1005: ';' expected.
src/app/onboarding/screens/VoiceTutorialScreen.tsx(19,60): error TS1005: ',' expected.
src/app/onboarding/screens/VoiceTutorialScreen.tsx(19,76): error TS1005: ',' expected.
src/app/onboarding/screens/VoiceTutorialScreen.tsx(20,4): error TS1005: ';' expected.
src/app/onboarding/screens/VoiceTutorialScreen.tsx(20,9): error TS1434: Unexpected keyword or identifier.
src/app/onboarding/screens/VoiceTutorialScreen.tsx(20,11): error TS1434: Unexpected keyword or identifier.
src/app/onboarding/screens/VoiceTutorialScreen.tsx(20,29): error TS1005: '(' expected.
src/app/onboarding/screens/VoiceTutorialScreen.tsx(20,33): error TS1005: ')' expected.
src/app/onboarding/screens/VoiceTutorialScreen.tsx(21,4): error TS1005: ';' expected.
src/app/onboarding/screens/VoiceTutorialScreen.tsx(21,14): error TS1005: ';' expected.
src/app/onboarding/screens/VoiceTutorialScreen.tsx(21,20): error TS1434: Unexpected keyword or identifier.
src/app/onboarding/screens/VoiceTutorialScreen.tsx(21,33): error TS1351: An identifier or keyword cannot immediately follow a numeric literal.
src/app/onboarding/screens/VoiceTutorialScreen.tsx(21,36): error TS1005: ',' expected.
src/app/onboarding/screens/VoiceTutorialScreen.tsx(22,4): error TS1005: ';' expected.
src/app/onboarding/screens/VoiceTutorialScreen.tsx(22,8): error TS1434: Unexpected keyword or identifier.
src/app/onboarding/screens/VoiceTutorialScreen.tsx(22,23): error TS1434: Unexpected keyword or identifier.
src/app/onboarding/screens/VoiceTutorialScreen.tsx(22,27): error TS1434: Unexpected keyword or identifier.
src/app/onboarding/screens/VoiceTutorialScreen.tsx(22,35): error TS1434: Unexpected keyword or identifier.
src/app/onboarding/screens/VoiceTutorialScreen.tsx(22,38): error TS1434: Unexpected keyword or identifier.
src/app/onboarding/screens/VoiceTutorialScreen.tsx(22,46): error TS1434: Unexpected keyword or identifier.
src/app/onboarding/screens/VoiceTutorialScreen.tsx(22,53): error TS1434: Unexpected keyword or identifier.
src/app/onboarding/screens/VoiceTutorialScreen.tsx(22,56): error TS1434: Unexpected keyword or identifier.
src/app/onboarding/screens/VoiceTutorialScreen.tsx(23,4): error TS1005: ';' expected.
src/app/onboarding/screens/VoiceTutorialScreen.tsx(23,9): error TS1434: Unexpected keyword or identifier.
src/app/onboarding/screens/VoiceTutorialScreen.tsx(23,17): error TS1434: Unexpected keyword or identifier.
src/app/onboarding/screens/VoiceTutorialScreen.tsx(23,47): error TS1005: ',' expected.
src/app/page.tsx(110,1): error TS1434: Unexpected keyword or identifier.
src/app/page.tsx(110,7): error TS1434: Unexpected keyword or identifier.
src/app/page.tsx(110,16): error TS1434: Unexpected keyword or identifier.
src/app/page.tsx(110,20): error TS1434: Unexpected keyword or identifier.
src/app/page.tsx(110,41): error TS1005: ';' expected.
src/app/page.tsx(110,43): error TS1434: Unexpected keyword or identifier.
src/app/page.tsx(110,47): error TS1434: Unexpected keyword or identifier.
src/app/page.tsx(111,1): error TS1434: Unexpected keyword or identifier.
src/app/page.tsx(111,10): error TS1434: Unexpected keyword or identifier.
src/app/page.tsx(111,18): error TS1434: Unexpected keyword or identifier.
src/app/page.tsx(111,22): error TS1434: Unexpected keyword or identifier.
src/app/page.tsx(111,47): error TS1127: Invalid character.
src/app/page.tsx(111,66): error TS1127: Invalid character.
src/app/page.tsx(112,1): error TS1434: Unexpected keyword or identifier.
src/app/page.tsx(112,5): error TS1434: Unexpected keyword or identifier.
src/app/page.tsx(112,13): error TS1005: ';' expected.
src/app/page.tsx(112,16): error TS1434: Unexpected keyword or identifier.
src/app/page.tsx(113,1): error TS1003: Identifier expected.
src/app/page.tsx(120,1): error TS1434: Unexpected keyword or identifier.
src/app/page.tsx(120,8): error TS1434: Unexpected keyword or identifier.
src/app/page.tsx(120,12): error TS1434: Unexpected keyword or identifier.
src/app/page.tsx(120,17): error TS1434: Unexpected keyword or identifier.
src/app/page.tsx(120,24): error TS1434: Unexpected keyword or identifier.
src/app/page.tsx(120,28): error TS1434: Unexpected keyword or identifier.
src/app/page.tsx(120,41): error TS1434: Unexpected keyword or identifier.
src/app/page.tsx(120,50): error TS1434: Unexpected keyword or identifier.
src/app/page.tsx(120,57): error TS1434: Unexpected keyword or identifier.
src/app/page.tsx(120,60): error TS1434: Unexpected keyword or identifier.
src/app/page.tsx(120,67): error TS1434: Unexpected keyword or identifier.
src/app/page.tsx(120,71): error TS1434: Unexpected keyword or identifier.
src/app/page.tsx(122,5): error TS1005: ';' expected.
src/app/page.tsx(308,1): error TS1434: Unexpected keyword or identifier.
src/app/page.tsx(308,6): error TS1434: Unexpected keyword or identifier.
src/app/page.tsx(308,19): error TS1434: Unexpected keyword or identifier.
src/app/page.tsx(308,40): error TS1005: ';' expected.
src/app/page.tsx(308,53): error TS1005: ';' expected.
src/app/page.tsx(308,74): error TS1005: ';' expected.
src/app/page.tsx(309,1): error TS1003: Identifier expected.
src/app/page.tsx(313,46): error TS1160: Unterminated template literal.
src/components/GlobalProviders.tsx(9,40): error TS1005: ';' expected.
src/components/GlobalProviders.tsx(10,1): error TS1434: Unexpected keyword or identifier.
src/components/GlobalProviders.tsx(10,12): error TS1005: '(' expected.
src/components/GlobalProviders.tsx(30,1): error TS1434: Unexpected keyword or identifier.
src/components/GlobalProviders.tsx(30,8): error TS1434: Unexpected keyword or identifier.
src/components/GlobalProviders.tsx(30,20): error TS1434: Unexpected keyword or identifier.
src/components/GlobalProviders.tsx(30,26): error TS1434: Unexpected keyword or identifier.
src/components/GlobalProviders.tsx(30,37): error TS1434: Unexpected keyword or identifier.
src/components/GlobalProviders.tsx(30,47): error TS1005: ';' expected.
src/components/GlobalProviders.tsx(40,31): error TS1160: Unterminated template literal.
src/components/overlays/SessionTimeout.tsx(275,1): error TS1434: Unexpected keyword or identifier.
src/components/overlays/SessionTimeout.tsx(275,40): error TS1005: ';' expected.
src/components/overlays/SessionTimeout.tsx(276,4): error TS1005: ';' expected.
src/components/overlays/SessionTimeout.tsx(276,10): error TS1434: Unexpected keyword or identifier.
src/components/overlays/SessionTimeout.tsx(276,17): error TS1434: Unexpected keyword or identifier.
src/components/overlays/SessionTimeout.tsx(276,25): error TS1434: Unexpected keyword or identifier.
src/components/overlays/SessionTimeout.tsx(277,4): error TS1005: ';' expected.
src/components/overlays/SessionTimeout.tsx(277,10): error TS1434: Unexpected keyword or identifier.
src/components/overlays/SessionTimeout.tsx(277,18): error TS1434: Unexpected keyword or identifier.
src/components/overlays/SessionTimeout.tsx(277,23): error TS1434: Unexpected keyword or identifier.
src/components/overlays/SessionTimeout.tsx(278,4): error TS1005: ';' expected.
src/components/overlays/SessionTimeout.tsx(278,11): error TS1434: Unexpected keyword or identifier.
src/components/overlays/SessionTimeout.tsx(278,18): error TS1434: Unexpected keyword or identifier.
src/components/overlays/SessionTimeout.tsx(278,26): error TS1434: Unexpected keyword or identifier.
src/components/overlays/SessionTimeout.tsx(278,31): error TS1434: Unexpected keyword or identifier.
src/components/overlays/SessionTimeout.tsx(278,39): error TS1005: ';' expected.
src/components/overlays/SessionTimeout.tsx(279,4): error TS1005: ';' expected.
src/components/overlays/SessionTimeout.tsx(279,20): error TS1005: ';' expected.
src/components/overlays/SessionTimeout.tsx(281,1): error TS1434: Unexpected keyword or identifier.
src/components/overlays/SessionTimeout.tsx(281,5): error TS1434: Unexpected keyword or identifier.
src/components/overlays/SessionTimeout.tsx(281,9): error TS1434: Unexpected keyword or identifier.
src/components/overlays/SessionTimeout.tsx(282,1): error TS1003: Identifier expected.
src/components/overlays/SessionTimeout.tsx(294,1): error TS1434: Unexpected keyword or identifier.
src/components/overlays/SessionTimeout.tsx(294,8): error TS1434: Unexpected keyword or identifier.
src/components/overlays/SessionTimeout.tsx(294,12): error TS1434: Unexpected keyword or identifier.
src/components/overlays/SessionTimeout.tsx(294,16): error TS1434: Unexpected keyword or identifier.
src/components/overlays/SessionTimeout.tsx(294,38): error TS1121: Octal literals are not allowed. Use the syntax '-0o2'.
src/components/overlays/SessionTimeout.tsx(294,54): error TS1005: ';' expected.
src/components/overlays/SessionTimeout.tsx(294,63): error TS1005: ';' expected.
src/components/overlays/SessionTimeout.tsx(294,72): error TS1005: '(' expected.
src/components/overlays/SessionTimeout.tsx(294,91): error TS1005: ';' expected.
src/components/overlays/SessionTimeout.tsx(294,102): error TS1005: ';' expected.
src/components/overlays/SessionTimeout.tsx(294,106): error TS1005: ')' expected.
src/components/overlays/SessionTimeout.tsx(296,5): error TS1005: ';' expected.
src/components/overlays/SessionTimeout.tsx(605,1): error TS1434: Unexpected keyword or identifier.
src/components/overlays/SessionTimeout.tsx(605,11): error TS1005: ';' expected.
src/components/overlays/SessionTimeout.tsx(605,18): error TS1434: Unexpected keyword or identifier.
src/components/overlays/SessionTimeout.tsx(605,24): error TS1434: Unexpected keyword or identifier.
src/components/overlays/SessionTimeout.tsx(605,39): error TS1005: '(' expected.
src/components/overlays/SessionTimeout.tsx(605,43): error TS1005: ')' expected.
src/components/overlays/SessionTimeout.tsx(605,49): error TS1005: ';' expected.
src/components/overlays/SessionTimeout.tsx(606,7): error TS1005: ';' expected.
src/components/overlays/SessionTimeout.tsx(606,9): error TS1434: Unexpected keyword or identifier.
src/components/overlays/SessionTimeout.tsx(606,30): error TS1005: ';' expected.
src/components/overlays/SessionTimeout.tsx(607,1): error TS1003: Identifier expected.
src/components/overlays/SessionTimeout.tsx(614,1): error TS1434: Unexpected keyword or identifier.
src/components/overlays/SessionTimeout.tsx(614,8): error TS1434: Unexpected keyword or identifier.
src/components/overlays/SessionTimeout.tsx(614,12): error TS1434: Unexpected keyword or identifier.
src/components/overlays/SessionTimeout.tsx(614,23): error TS1434: Unexpected keyword or identifier.
src/components/overlays/SessionTimeout.tsx(614,34): error TS1434: Unexpected keyword or identifier.
src/components/overlays/SessionTimeout.tsx(616,5): error TS1005: ';' expected.
src/components/overlays/SessionTimeout.tsx(898,1): error TS1434: Unexpected keyword or identifier.
src/components/overlays/SessionTimeout.tsx(898,6): error TS1434: Unexpected keyword or identifier.
src/components/overlays/SessionTimeout.tsx(898,27): error TS1005: ';' expected.
src/components/overlays/SessionTimeout.tsx(898,31): error TS1434: Unexpected keyword or identifier.
src/components/overlays/SessionTimeout.tsx(898,42): error TS1434: Unexpected keyword or identifier.
src/components/overlays/SessionTimeout.tsx(898,50): error TS1434: Unexpected keyword or identifier.
src/components/overlays/SessionTimeout.tsx(898,56): error TS1434: Unexpected keyword or identifier.
src/components/overlays/SessionTimeout.tsx(898,60): error TS1434: Unexpected keyword or identifier.
src/components/overlays/SessionTimeout.tsx(898,67): error TS1434: Unexpected keyword or identifier.
src/components/overlays/SessionTimeout.tsx(898,73): error TS1434: Unexpected keyword or identifier.
src/components/overlays/SessionTimeout.tsx(898,79): error TS1434: Unexpected keyword or identifier.
src/components/overlays/SessionTimeout.tsx(898,95): error TS1005: ';' expected.
src/components/overlays/SessionTimeout.tsx(899,1): error TS1003: Identifier expected.
src/components/overlays/SessionTimeout.tsx(903,50): error TS1160: Unterminated template literal.
src/components/ui/Button.tsx(155,1): error TS1434: Unexpected keyword or identifier.
src/components/ui/Button.tsx(155,24): error TS1005: ';' expected.
src/components/ui/Button.tsx(155,27): error TS1434: Unexpected keyword or identifier.
src/components/ui/Button.tsx(155,38): error TS1434: Unexpected keyword or identifier.
src/components/ui/Button.tsx(155,49): error TS1005: '(' expected.
src/components/ui/Button.tsx(155,51): error TS1434: Unexpected keyword or identifier.
src/components/ui/Button.tsx(155,61): error TS1005: ';' expected.
src/components/ui/Button.tsx(160,49): error TS1160: Unterminated template literal.
src/components/ui/TopBar.tsx(130,1): error TS1434: Unexpected keyword or identifier.
src/components/ui/TopBar.tsx(130,20): error TS1434: Unexpected keyword or identifier.
src/components/ui/TopBar.tsx(130,30): error TS1005: ';' expected.
src/components/ui/TopBar.tsx(135,51): error TS1160: Unterminated template literal.
src/components/voice/ConfirmationSheet.tsx(143,1): error TS1434: Unexpected keyword or identifier.
src/components/voice/ConfirmationSheet.tsx(143,20): error TS1434: Unexpected keyword or identifier.
src/components/voice/ConfirmationSheet.tsx(143,30): error TS1005: ';' expected.
src/components/voice/ConfirmationSheet.tsx(148,81): error TS1160: Unterminated template literal.
src/components/voice/VoiceKeyboardToggle.tsx(75,9): error TS1434: Unexpected keyword or identifier.
src/components/voice/VoiceKeyboardToggle.tsx(75,19): error TS1005: ';' expected.
src/components/voice/VoiceKeyboardToggle.tsx(80,59): error TS1160: Unterminated template literal.
src/components/voice/VoiceOverlay.tsx(1,1): error TS1435: Unknown keyword or identifier. Did you mean 'this'?
src/components/voice/VoiceOverlay.tsx(1,6): error TS1434: Unexpected keyword or identifier.
src/components/voice/VoiceOverlay.tsx(1,16): error TS1434: Unexpected keyword or identifier.
src/components/voice/VoiceOverlay.tsx(1,25): error TS1121: Octal literals are not allowed. Use the syntax '-0o2'.
src/components/voice/VoiceOverlay.tsx(1,43): error TS1121: Octal literals are not allowed. Use the syntax '-0o3'.
src/components/voice/VoiceOverlay.tsx(1,62): error TS1121: Octal literals are not allowed. Use the syntax '-0o5'.
src/components/voice/VoiceOverlay.tsx(1,68): error TS1121: Octal literals are not allowed. Use the syntax '-0o6'.
src/components/voice/VoiceOverlay.tsx(1,74): error TS1121: Octal literals are not allowed. Use the syntax '-0o7'.
src/components/voice/VoiceOverlay.tsx(1,78): error TS1005: ';' expected.
src/components/voice/VoiceOverlay.tsx(3,1): error TS1003: Identifier expected.
src/components/voice/VoiceOverlay.tsx(259,1): error TS1434: Unexpected keyword or identifier.
src/components/voice/VoiceOverlay.tsx(259,20): error TS1434: Unexpected keyword or identifier.
src/components/voice/VoiceOverlay.tsx(259,30): error TS1005: ';' expected.
src/components/voice/VoiceOverlay.tsx(264,48): error TS1160: Unterminated template literal.
src/hooks/useSession.ts(49,1): error TS1434: Unexpected keyword or identifier.
src/hooks/useSession.ts(49,7): error TS1434: Unexpected keyword or identifier.
src/hooks/useSession.ts(49,16): error TS1434: Unexpected keyword or identifier.
src/hooks/useSession.ts(49,20): error TS1434: Unexpected keyword or identifier.
src/hooks/useSession.ts(49,39): error TS1005: ';' expected.
src/hooks/useSession.ts(49,63): error TS1434: Unexpected keyword or identifier.
src/hooks/useSession.ts(49,73): error TS1005: ';' expected.
src/hooks/useSession.ts(50,1): error TS1434: Unexpected keyword or identifier.
src/hooks/useSession.ts(50,5): error TS1434: Unexpected keyword or identifier.
src/hooks/useSession.ts(50,20): error TS1005: ';' expected.
src/hooks/useSession.ts(50,24): error TS1434: Unexpected keyword or identifier.
src/hooks/useSession.ts(50,32): error TS1434: Unexpected keyword or identifier.
src/hooks/useSession.ts(50,38): error TS1434: Unexpected keyword or identifier.
src/hooks/useSession.ts(50,49): error TS1228: A type predicate is only allowed in return type position for functions and methods.
src/hooks/useSession.ts(51,1): error TS1003: Identifier expected.
src/hooks/useSession.ts(55,44): error TS1160: Unterminated template literal.
src/hooks/useVoice.ts(1,1): error TS1434: Unexpected keyword or identifier.
src/hooks/useVoice.ts(1,7): error TS1128: Declaration or statement expected.
src/hooks/useVoice.ts(1,9): error TS1128: Declaration or statement expected.
src/hooks/useVoice.ts(25,4): error TS1128: Declaration or statement expected.
src/hooks/useVoice.ts(25,16): error TS1005: ';' expected.
src/hooks/useVoice.ts(56,1): error TS1128: Declaration or statement expected.
src/lib/hooks/useVoiceFlow.ts(2,1): error TS1127: Invalid character.
src/lib/hooks/useVoiceFlow.ts(2,2): error TS1127: Invalid character.
src/lib/hooks/useVoiceFlow.ts(2,3): error TS1127: Invalid character.
src/lib/hooks/useVoiceFlow.ts(2,4): error TS1127: Invalid character.
src/lib/hooks/useVoiceFlow.ts(2,5): error TS1127: Invalid character.
src/lib/hooks/useVoiceFlow.ts(2,6): error TS1127: Invalid character.
src/lib/hooks/useVoiceFlow.ts(2,7): error TS1127: Invalid character.
src/lib/hooks/useVoiceFlow.ts(2,8): error TS1127: Invalid character.
src/lib/hooks/useVoiceFlow.ts(2,9): error TS1127: Invalid character.
src/lib/hooks/useVoiceFlow.ts(2,10): error TS1127: Invalid character.
src/lib/hooks/useVoiceFlow.ts(2,11): error TS1127: Invalid character.
src/lib/hooks/useVoiceFlow.ts(2,12): error TS1127: Invalid character.
src/lib/hooks/useVoiceFlow.ts(2,13): error TS1127: Invalid character.
src/lib/hooks/useVoiceFlow.ts(2,14): error TS1127: Invalid character.
src/lib/hooks/useVoiceFlow.ts(2,15): error TS1127: Invalid character.
src/lib/hooks/useVoiceFlow.ts(2,16): error TS1127: Invalid character.
src/lib/hooks/useVoiceFlow.ts(2,17): error TS1127: Invalid character.
src/lib/hooks/useVoiceFlow.ts(2,18): error TS1127: Invalid character.
src/lib/hooks/useVoiceFlow.ts(2,19): error TS1127: Invalid character.
src/lib/hooks/useVoiceFlow.ts(2,20): error TS1127: Invalid character.
src/lib/hooks/useVoiceFlow.ts(2,21): error TS1127: Invalid character.
src/lib/hooks/useVoiceFlow.ts(2,22): error TS1127: Invalid character.
src/lib/hooks/useVoiceFlow.ts(2,23): error TS1127: Invalid character.
src/lib/hooks/useVoiceFlow.ts(2,24): error TS1127: Invalid character.
src/lib/hooks/useVoiceFlow.ts(2,25): error TS1127: Invalid character.
src/lib/hooks/useVoiceFlow.ts(2,26): error TS1127: Invalid character.
src/lib/hooks/useVoiceFlow.ts(2,27): error TS1127: Invalid character.
src/lib/hooks/useVoiceFlow.ts(2,28): error TS1127: Invalid character.
src/lib/hooks/useVoiceFlow.ts(2,29): error TS1127: Invalid character.
src/lib/hooks/useVoiceFlow.ts(2,30): error TS1127: Invalid character.
src/lib/hooks/useVoiceFlow.ts(2,31): error TS1127: Invalid character.
src/lib/hooks/useVoiceFlow.ts(2,32): error TS1127: Invalid character.
src/lib/hooks/useVoiceFlow.ts(2,33): error TS1127: Invalid character.
src/lib/hooks/useVoiceFlow.ts(2,34): error TS1127: Invalid character.
src/lib/hooks/useVoiceFlow.ts(2,35): error TS1127: Invalid character.
src/lib/hooks/useVoiceFlow.ts(2,36): error TS1127: Invalid character.
src/lib/hooks/useVoiceFlow.ts(2,37): error TS1127: Invalid character.
src/lib/hooks/useVoiceFlow.ts(2,38): error TS1127: Invalid character.
src/lib/hooks/useVoiceFlow.ts(4,1): error TS1434: Unexpected keyword or identifier.
src/lib/hooks/useVoiceFlow.ts(4,5): error TS1434: Unexpected keyword or identifier.
src/lib/hooks/useVoiceFlow.ts(4,11): error TS1435: Unknown keyword or identifier. Did you mean 'import'?
src/lib/hooks/useVoiceFlow.ts(4,19): error TS1434: Unexpected keyword or identifier.
src/lib/hooks/useVoiceFlow.ts(4,22): error TS1434: Unexpected keyword or identifier.
src/lib/hooks/useVoiceFlow.ts(4,26): error TS1434: Unexpected keyword or identifier.
src/lib/hooks/useVoiceFlow.ts(4,30): error TS1434: Unexpected keyword or identifier.
src/lib/hooks/useVoiceFlow.ts(4,33): error TS1434: Unexpected keyword or identifier.
src/lib/hooks/useVoiceFlow.ts(4,49): error TS1005: ',' expected.
src/lib/hooks/useVoiceFlow.ts(4,58): error TS1005: ',' expected.
src/lib/hooks/useVoiceFlow.ts(4,66): error TS1005: ';' expected.
src/lib/hooks/useVoiceFlow.ts(9,1): error TS1434: Unexpected keyword or identifier.
src/lib/hooks/useVoiceFlow.ts(9,5): error TS1434: Unexpected keyword or identifier.
src/lib/hooks/useVoiceFlow.ts(9,11): error TS1434: Unexpected keyword or identifier.
src/lib/hooks/useVoiceFlow.ts(9,15): error TS1434: Unexpected keyword or identifier.
src/lib/hooks/useVoiceFlow.ts(9,21): error TS1434: Unexpected keyword or identifier.
src/lib/hooks/useVoiceFlow.ts(9,28): error TS1434: Unexpected keyword or identifier.
src/lib/hooks/useVoiceFlow.ts(9,32): error TS1434: Unexpected keyword or identifier.
src/lib/hooks/useVoiceFlow.ts(9,65): error TS1005: ';' expected.
src/lib/hooks/useVoiceFlow.ts(9,85): error TS1005: ';' expected.
src/lib/hooks/useVoiceFlow.ts(24,1): error TS1127: Invalid character.
src/lib/hooks/useVoiceFlow.ts(24,2): error TS1127: Invalid character.
src/lib/hooks/useVoiceFlow.ts(24,3): error TS1127: Invalid character.
src/lib/hooks/useVoiceFlow.ts(24,4): error TS1127: Invalid character.
src/lib/hooks/useVoiceFlow.ts(24,5): error TS1127: Invalid character.
src/lib/hooks/useVoiceFlow.ts(24,6): error TS1127: Invalid character.
src/lib/hooks/useVoiceFlow.ts(24,7): error TS1127: Invalid character.
src/lib/hooks/useVoiceFlow.ts(24,8): error TS1127: Invalid character.
src/lib/hooks/useVoiceFlow.ts(24,9): error TS1127: Invalid character.
src/lib/hooks/useVoiceFlow.ts(24,10): error TS1127: Invalid character.
src/lib/hooks/useVoiceFlow.ts(24,11): error TS1127: Invalid character.
src/lib/hooks/useVoiceFlow.ts(24,12): error TS1127: Invalid character.
src/lib/hooks/useVoiceFlow.ts(24,13): error TS1127: Invalid character.
src/lib/hooks/useVoiceFlow.ts(24,14): error TS1127: Invalid character.
src/lib/hooks/useVoiceFlow.ts(24,15): error TS1127: Invalid character.
src/lib/hooks/useVoiceFlow.ts(24,16): error TS1127: Invalid character.
src/lib/hooks/useVoiceFlow.ts(24,17): error TS1127: Invalid character.
src/lib/hooks/useVoiceFlow.ts(24,18): error TS1127: Invalid character.
src/lib/hooks/useVoiceFlow.ts(24,19): error TS1127: Invalid character.
src/lib/hooks/useVoiceFlow.ts(24,20): error TS1127: Invalid character.
src/lib/hooks/useVoiceFlow.ts(24,21): error TS1127: Invalid character.
src/lib/hooks/useVoiceFlow.ts(24,22): error TS1127: Invalid character.
src/lib/hooks/useVoiceFlow.ts(24,23): error TS1127: Invalid character.
src/lib/hooks/useVoiceFlow.ts(24,24): error TS1127: Invalid character.
src/lib/hooks/useVoiceFlow.ts(24,25): error TS1127: Invalid character.
src/lib/hooks/useVoiceFlow.ts(24,26): error TS1127: Invalid character.
src/lib/hooks/useVoiceFlow.ts(24,27): error TS1127: Invalid character.
src/lib/hooks/useVoiceFlow.ts(24,28): error TS1127: Invalid character.
src/lib/hooks/useVoiceFlow.ts(24,29): error TS1127: Invalid character.
src/lib/hooks/useVoiceFlow.ts(24,30): error TS1127: Invalid character.
src/lib/hooks/useVoiceFlow.ts(24,31): error TS1127: Invalid character.
src/lib/hooks/useVoiceFlow.ts(24,32): error TS1127: Invalid character.
src/lib/hooks/useVoiceFlow.ts(24,33): error TS1127: Invalid character.
src/lib/hooks/useVoiceFlow.ts(24,34): error TS1127: Invalid character.
src/lib/hooks/useVoiceFlow.ts(24,35): error TS1127: Invalid character.
src/lib/hooks/useVoiceFlow.ts(24,36): error TS1127: Invalid character.
src/lib/hooks/useVoiceFlow.ts(24,37): error TS1127: Invalid character.
src/lib/hooks/useVoiceFlow.ts(24,38): error TS1127: Invalid character.
src/lib/hooks/useVoiceFlow.ts(25,1): error TS1434: Unexpected keyword or identifier.
src/lib/hooks/useVoiceFlow.ts(25,9): error TS1005: ';' expected.
src/lib/hooks/useVoiceFlow.ts(26,1): error TS1127: Invalid character.
src/lib/hooks/useVoiceFlow.ts(26,2): error TS1127: Invalid character.
src/lib/hooks/useVoiceFlow.ts(26,3): error TS1127: Invalid character.
src/lib/hooks/useVoiceFlow.ts(26,4): error TS1127: Invalid character.
src/lib/hooks/useVoiceFlow.ts(26,5): error TS1127: Invalid character.
src/lib/hooks/useVoiceFlow.ts(26,6): error TS1127: Invalid character.
src/lib/hooks/useVoiceFlow.ts(26,7): error TS1127: Invalid character.
src/lib/hooks/useVoiceFlow.ts(26,8): error TS1127: Invalid character.
src/lib/hooks/useVoiceFlow.ts(26,9): error TS1127: Invalid character.
src/lib/hooks/useVoiceFlow.ts(26,10): error TS1127: Invalid character.
src/lib/hooks/useVoiceFlow.ts(26,11): error TS1127: Invalid character.
src/lib/hooks/useVoiceFlow.ts(26,12): error TS1127: Invalid character.
src/lib/hooks/useVoiceFlow.ts(26,13): error TS1127: Invalid character.
src/lib/hooks/useVoiceFlow.ts(26,14): error TS1127: Invalid character.
src/lib/hooks/useVoiceFlow.ts(26,15): error TS1127: Invalid character.
src/lib/hooks/useVoiceFlow.ts(26,16): error TS1127: Invalid character.
src/lib/hooks/useVoiceFlow.ts(26,17): error TS1127: Invalid character.
src/lib/hooks/useVoiceFlow.ts(26,18): error TS1127: Invalid character.
src/lib/hooks/useVoiceFlow.ts(26,19): error TS1127: Invalid character.
src/lib/hooks/useVoiceFlow.ts(26,20): error TS1127: Invalid character.
src/lib/hooks/useVoiceFlow.ts(26,21): error TS1127: Invalid character.
src/lib/hooks/useVoiceFlow.ts(26,22): error TS1127: Invalid character.
src/lib/hooks/useVoiceFlow.ts(26,23): error TS1127: Invalid character.
src/lib/hooks/useVoiceFlow.ts(26,24): error TS1127: Invalid character.
src/lib/hooks/useVoiceFlow.ts(26,25): error TS1127: Invalid character.
src/lib/hooks/useVoiceFlow.ts(26,26): error TS1127: Invalid character.
src/lib/hooks/useVoiceFlow.ts(26,27): error TS1127: Invalid character.
src/lib/hooks/useVoiceFlow.ts(26,28): error TS1127: Invalid character.
src/lib/hooks/useVoiceFlow.ts(26,29): error TS1127: Invalid character.
src/lib/hooks/useVoiceFlow.ts(26,30): error TS1127: Invalid character.
src/lib/hooks/useVoiceFlow.ts(26,31): error TS1127: Invalid character.
src/lib/hooks/useVoiceFlow.ts(26,32): error TS1127: Invalid character.
src/lib/hooks/useVoiceFlow.ts(26,33): error TS1127: Invalid character.
src/lib/hooks/useVoiceFlow.ts(26,34): error TS1127: Invalid character.
src/lib/hooks/useVoiceFlow.ts(26,35): error TS1127: Invalid character.
src/lib/hooks/useVoiceFlow.ts(26,36): error TS1127: Invalid character.
src/lib/hooks/useVoiceFlow.ts(26,37): error TS1127: Invalid character.
src/lib/hooks/useVoiceFlow.ts(26,38): error TS1127: Invalid character.
src/lib/hooks/useVoiceFlow.ts(28,1): error TS1434: Unexpected keyword or identifier.
src/lib/hooks/useVoiceFlow.ts(28,10): error TS1005: ';' expected.
src/lib/hooks/useVoiceFlow.ts(28,20): error TS1005: '=' expected.
src/lib/hooks/useVoiceFlow.ts(28,24): error TS1005: ';' expected.
src/lib/hooks/useVoiceFlow.ts(31,1): error TS1434: Unexpected keyword or identifier.
src/lib/hooks/useVoiceFlow.ts(31,9): error TS1434: Unexpected keyword or identifier.
src/lib/hooks/useVoiceFlow.ts(31,13): error TS1434: Unexpected keyword or identifier.
src/lib/hooks/useVoiceFlow.ts(31,41): error TS1005: ';' expected.
src/lib/hooks/useVoiceFlow.ts(31,47): error TS1434: Unexpected keyword or identifier.
src/lib/hooks/useVoiceFlow.ts(31,54): error TS1434: Unexpected keyword or identifier.
src/lib/hooks/useVoiceFlow.ts(31,58): error TS1434: Unexpected keyword or identifier.
src/lib/hooks/useVoiceFlow.ts(31,72): error TS1005: '(' expected.
src/lib/hooks/useVoiceFlow.ts(43,1): error TS1434: Unexpected keyword or identifier.
src/lib/hooks/useVoiceFlow.ts(43,6): error TS1434: Unexpected keyword or identifier.
src/lib/hooks/useVoiceFlow.ts(43,29): error TS1005: ';' expected.
src/lib/hooks/useVoiceFlow.ts(44,17): error TS1005: '>' expected.
src/lib/hooks/useVoiceFlow.ts(44,28): error TS1005: ';' expected.
src/lib/hooks/useVoiceFlow.ts(44,75): error TS1109: Expression expected.
src/lib/hooks/useVoiceFlow.ts(46,1): error TS1127: Invalid character.
src/lib/hooks/useVoiceFlow.ts(46,2): error TS1127: Invalid character.
src/lib/hooks/useVoiceFlow.ts(46,3): error TS1127: Invalid character.
src/lib/hooks/useVoiceFlow.ts(46,4): error TS1127: Invalid character.
src/lib/hooks/useVoiceFlow.ts(46,5): error TS1127: Invalid character.
src/lib/hooks/useVoiceFlow.ts(46,6): error TS1127: Invalid character.
src/lib/hooks/useVoiceFlow.ts(46,7): error TS1127: Invalid character.
src/lib/hooks/useVoiceFlow.ts(46,8): error TS1127: Invalid character.
src/lib/hooks/useVoiceFlow.ts(46,9): error TS1127: Invalid character.
src/lib/hooks/useVoiceFlow.ts(46,10): error TS1127: Invalid character.
src/lib/hooks/useVoiceFlow.ts(46,11): error TS1127: Invalid character.
src/lib/hooks/useVoiceFlow.ts(46,12): error TS1127: Invalid character.
src/lib/hooks/useVoiceFlow.ts(46,13): error TS1127: Invalid character.
src/lib/hooks/useVoiceFlow.ts(46,14): error TS1127: Invalid character.
src/lib/hooks/useVoiceFlow.ts(46,15): error TS1127: Invalid character.
src/lib/hooks/useVoiceFlow.ts(46,16): error TS1127: Invalid character.
src/lib/hooks/useVoiceFlow.ts(46,17): error TS1127: Invalid character.
src/lib/hooks/useVoiceFlow.ts(46,18): error TS1127: Invalid character.
src/lib/hooks/useVoiceFlow.ts(46,19): error TS1127: Invalid character.
src/lib/hooks/useVoiceFlow.ts(46,20): error TS1127: Invalid character.
src/lib/hooks/useVoiceFlow.ts(46,21): error TS1127: Invalid character.
src/lib/hooks/useVoiceFlow.ts(46,22): error TS1127: Invalid character.
src/lib/hooks/useVoiceFlow.ts(46,23): error TS1127: Invalid character.
src/lib/hooks/useVoiceFlow.ts(46,24): error TS1127: Invalid character.
src/lib/hooks/useVoiceFlow.ts(46,25): error TS1127: Invalid character.
src/lib/hooks/useVoiceFlow.ts(46,26): error TS1127: Invalid character.
src/lib/hooks/useVoiceFlow.ts(46,27): error TS1127: Invalid character.
src/lib/hooks/useVoiceFlow.ts(46,28): error TS1127: Invalid character.
src/lib/hooks/useVoiceFlow.ts(46,29): error TS1127: Invalid character.
src/lib/hooks/useVoiceFlow.ts(46,30): error TS1127: Invalid character.
src/lib/hooks/useVoiceFlow.ts(46,31): error TS1127: Invalid character.
src/lib/hooks/useVoiceFlow.ts(46,32): error TS1127: Invalid character.
src/lib/hooks/useVoiceFlow.ts(46,33): error TS1127: Invalid character.
src/lib/hooks/useVoiceFlow.ts(46,34): error TS1127: Invalid character.
src/lib/hooks/useVoiceFlow.ts(46,35): error TS1127: Invalid character.
src/lib/hooks/useVoiceFlow.ts(46,36): error TS1127: Invalid character.
src/lib/hooks/useVoiceFlow.ts(46,37): error TS1127: Invalid character.
src/lib/hooks/useVoiceFlow.ts(46,38): error TS1127: Invalid character.
src/lib/hooks/useVoiceFlow.ts(47,1): error TS1434: Unexpected keyword or identifier.
src/lib/hooks/useVoiceFlow.ts(47,9): error TS1005: ';' expected.
src/lib/hooks/useVoiceFlow.ts(47,11): error TS1434: Unexpected keyword or identifier.
src/lib/hooks/useVoiceFlow.ts(47,15): error TS1434: Unexpected keyword or identifier.
src/lib/hooks/useVoiceFlow.ts(47,48): error TS1005: ',' expected.
src/lib/hooks/useVoiceFlow.ts(47,56): error TS1005: ',' expected.
src/lib/hooks/useVoiceFlow.ts(48,1): error TS1127: Invalid character.
src/lib/hooks/useVoiceFlow.ts(48,2): error TS1127: Invalid character.
src/lib/hooks/useVoiceFlow.ts(48,3): error TS1127: Invalid character.
src/lib/hooks/useVoiceFlow.ts(48,4): error TS1127: Invalid character.
src/lib/hooks/useVoiceFlow.ts(48,5): error TS1127: Invalid character.
src/lib/hooks/useVoiceFlow.ts(48,6): error TS1127: Invalid character.
src/lib/hooks/useVoiceFlow.ts(48,7): error TS1127: Invalid character.
src/lib/hooks/useVoiceFlow.ts(48,8): error TS1127: Invalid character.
src/lib/hooks/useVoiceFlow.ts(48,9): error TS1127: Invalid character.
src/lib/hooks/useVoiceFlow.ts(48,10): error TS1127: Invalid character.
src/lib/hooks/useVoiceFlow.ts(48,11): error TS1127: Invalid character.
src/lib/hooks/useVoiceFlow.ts(48,12): error TS1127: Invalid character.
src/lib/hooks/useVoiceFlow.ts(48,13): error TS1127: Invalid character.
src/lib/hooks/useVoiceFlow.ts(48,14): error TS1127: Invalid character.
src/lib/hooks/useVoiceFlow.ts(48,15): error TS1127: Invalid character.
src/lib/hooks/useVoiceFlow.ts(48,16): error TS1127: Invalid character.
src/lib/hooks/useVoiceFlow.ts(48,17): error TS1127: Invalid character.
src/lib/hooks/useVoiceFlow.ts(48,18): error TS1127: Invalid character.
src/lib/hooks/useVoiceFlow.ts(48,19): error TS1127: Invalid character.
src/lib/hooks/useVoiceFlow.ts(48,20): error TS1127: Invalid character.
src/lib/hooks/useVoiceFlow.ts(48,21): error TS1127: Invalid character.
src/lib/hooks/useVoiceFlow.ts(48,22): error TS1127: Invalid character.
src/lib/hooks/useVoiceFlow.ts(48,23): error TS1127: Invalid character.
src/lib/hooks/useVoiceFlow.ts(48,24): error TS1127: Invalid character.
src/lib/hooks/useVoiceFlow.ts(48,25): error TS1127: Invalid character.
src/lib/hooks/useVoiceFlow.ts(48,26): error TS1127: Invalid character.
src/lib/hooks/useVoiceFlow.ts(48,27): error TS1127: Invalid character.
src/lib/hooks/useVoiceFlow.ts(48,28): error TS1127: Invalid character.
src/lib/hooks/useVoiceFlow.ts(48,29): error TS1127: Invalid character.
src/lib/hooks/useVoiceFlow.ts(48,30): error TS1127: Invalid character.
src/lib/hooks/useVoiceFlow.ts(48,31): error TS1127: Invalid character.
src/lib/hooks/useVoiceFlow.ts(48,32): error TS1127: Invalid character.
src/lib/hooks/useVoiceFlow.ts(48,33): error TS1127: Invalid character.
src/lib/hooks/useVoiceFlow.ts(48,34): error TS1127: Invalid character.
src/lib/hooks/useVoiceFlow.ts(48,35): error TS1127: Invalid character.
src/lib/hooks/useVoiceFlow.ts(48,36): error TS1127: Invalid character.
src/lib/hooks/useVoiceFlow.ts(48,37): error TS1127: Invalid character.
src/lib/hooks/useVoiceFlow.ts(48,38): error TS1127: Invalid character.
src/lib/hooks/useVoiceFlow.ts(50,1): error TS1435: Unknown keyword or identifier. Did you mean 'for'?
src/lib/hooks/useVoiceFlow.ts(50,5): error TS1434: Unexpected keyword or identifier.
src/lib/hooks/useVoiceFlow.ts(50,10): error TS1434: Unexpected keyword or identifier.
src/lib/hooks/useVoiceFlow.ts(50,19): error TS1434: Unexpected keyword or identifier.
src/lib/hooks/useVoiceFlow.ts(50,26): error TS1434: Unexpected keyword or identifier.
src/lib/hooks/useVoiceFlow.ts(50,50): error TS1005: ';' expected.
src/lib/hooks/useVoiceFlow.ts(51,5): error TS1005: ';' expected.
src/lib/hooks/useVoiceFlow.ts(51,10): error TS1005: ';' expected.
src/lib/hooks/useVoiceFlow.ts(51,21): error TS1005: '=' expected.
src/lib/hooks/useVoiceFlow.ts(51,26): error TS1005: ';' expected.
src/lib/hooks/useVoiceFlow.ts(51,42): error TS1005: ',' expected.
src/lib/hooks/useVoiceFlow.ts(51,46): error TS1005: ',' expected.
src/lib/hooks/useVoiceFlow.ts(51,53): error TS1005: ',' expected.
src/lib/hooks/useVoiceFlow.ts(51,59): error TS1005: ',' expected.
src/lib/hooks/useVoiceFlow.ts(51,65): error TS1005: ';' expected.
src/lib/hooks/useVoiceFlow.ts(55,1): error TS1434: Unexpected keyword or identifier.
src/lib/hooks/useVoiceFlow.ts(55,8): error TS1434: Unexpected keyword or identifier.
src/lib/hooks/useVoiceFlow.ts(66,1): error TS1434: Unexpected keyword or identifier.
src/lib/hooks/useVoiceFlow.ts(66,6): error TS1434: Unexpected keyword or identifier.
src/lib/hooks/useVoiceFlow.ts(66,18): error TS1434: Unexpected keyword or identifier.
src/lib/hooks/useVoiceFlow.ts(67,15): error TS1005: '>' expected.
src/lib/hooks/useVoiceFlow.ts(67,26): error TS1005: ';' expected.
src/lib/hooks/useVoiceFlow.ts(67,59): error TS1136: Property assignment expected.
src/lib/hooks/useVoiceFlow.ts(67,62): error TS1005: ';' expected.
src/lib/hooks/useVoiceFlow.ts(67,67): error TS1128: Declaration or statement expected.
src/lib/hooks/useVoiceFlow.ts(67,68): error TS1109: Expression expected.
src/lib/hooks/useVoiceFlow.ts(69,1): error TS1127: Invalid character.
src/lib/hooks/useVoiceFlow.ts(69,2): error TS1127: Invalid character.
src/lib/hooks/useVoiceFlow.ts(69,3): error TS1127: Invalid character.
src/lib/hooks/useVoiceFlow.ts(69,4): error TS1127: Invalid character.
src/lib/hooks/useVoiceFlow.ts(69,5): error TS1127: Invalid character.
src/lib/hooks/useVoiceFlow.ts(69,6): error TS1127: Invalid character.
src/lib/hooks/useVoiceFlow.ts(69,7): error TS1127: Invalid character.
src/lib/hooks/useVoiceFlow.ts(69,8): error TS1127: Invalid character.
src/lib/hooks/useVoiceFlow.ts(69,9): error TS1127: Invalid character.
src/lib/hooks/useVoiceFlow.ts(69,10): error TS1127: Invalid character.
src/lib/hooks/useVoiceFlow.ts(69,11): error TS1127: Invalid character.
src/lib/hooks/useVoiceFlow.ts(69,12): error TS1127: Invalid character.
src/lib/hooks/useVoiceFlow.ts(69,13): error TS1127: Invalid character.
src/lib/hooks/useVoiceFlow.ts(69,14): error TS1127: Invalid character.
src/lib/hooks/useVoiceFlow.ts(69,15): error TS1127: Invalid character.
src/lib/hooks/useVoiceFlow.ts(69,16): error TS1127: Invalid character.
src/lib/hooks/useVoiceFlow.ts(69,17): error TS1127: Invalid character.
src/lib/hooks/useVoiceFlow.ts(69,18): error TS1127: Invalid character.
src/lib/hooks/useVoiceFlow.ts(69,19): error TS1127: Invalid character.
src/lib/hooks/useVoiceFlow.ts(69,20): error TS1127: Invalid character.
src/lib/hooks/useVoiceFlow.ts(69,21): error TS1127: Invalid character.
src/lib/hooks/useVoiceFlow.ts(69,22): error TS1127: Invalid character.
src/lib/hooks/useVoiceFlow.ts(69,23): error TS1127: Invalid character.
src/lib/hooks/useVoiceFlow.ts(69,24): error TS1127: Invalid character.
src/lib/hooks/useVoiceFlow.ts(69,25): error TS1127: Invalid character.
src/lib/hooks/useVoiceFlow.ts(69,26): error TS1127: Invalid character.
src/lib/hooks/useVoiceFlow.ts(69,27): error TS1127: Invalid character.
src/lib/hooks/useVoiceFlow.ts(69,28): error TS1127: Invalid character.
src/lib/hooks/useVoiceFlow.ts(69,29): error TS1127: Invalid character.
src/lib/hooks/useVoiceFlow.ts(69,30): error TS1127: Invalid character.
src/lib/hooks/useVoiceFlow.ts(69,31): error TS1127: Invalid character.
src/lib/hooks/useVoiceFlow.ts(69,32): error TS1127: Invalid character.
src/lib/hooks/useVoiceFlow.ts(69,33): error TS1127: Invalid character.
src/lib/hooks/useVoiceFlow.ts(69,34): error TS1127: Invalid character.
src/lib/hooks/useVoiceFlow.ts(69,35): error TS1127: Invalid character.
src/lib/hooks/useVoiceFlow.ts(69,36): error TS1127: Invalid character.
src/lib/hooks/useVoiceFlow.ts(69,37): error TS1127: Invalid character.
src/lib/hooks/useVoiceFlow.ts(69,38): error TS1127: Invalid character.
src/lib/hooks/useVoiceFlow.ts(70,1): error TS1434: Unexpected keyword or identifier.
src/lib/hooks/useVoiceFlow.ts(70,9): error TS1005: ';' expected.
src/lib/hooks/useVoiceFlow.ts(71,1): error TS1127: Invalid character.
src/lib/hooks/useVoiceFlow.ts(71,2): error TS1127: Invalid character.
src/lib/hooks/useVoiceFlow.ts(71,3): error TS1127: Invalid character.
src/lib/hooks/useVoiceFlow.ts(71,4): error TS1127: Invalid character.
src/lib/hooks/useVoiceFlow.ts(71,5): error TS1127: Invalid character.
src/lib/hooks/useVoiceFlow.ts(71,6): error TS1127: Invalid character.
src/lib/hooks/useVoiceFlow.ts(71,7): error TS1127: Invalid character.
src/lib/hooks/useVoiceFlow.ts(71,8): error TS1127: Invalid character.
src/lib/hooks/useVoiceFlow.ts(71,9): error TS1127: Invalid character.
src/lib/hooks/useVoiceFlow.ts(71,10): error TS1127: Invalid character.
src/lib/hooks/useVoiceFlow.ts(71,11): error TS1127: Invalid character.
src/lib/hooks/useVoiceFlow.ts(71,12): error TS1127: Invalid character.
src/lib/hooks/useVoiceFlow.ts(71,13): error TS1127: Invalid character.
src/lib/hooks/useVoiceFlow.ts(71,14): error TS1127: Invalid character.
src/lib/hooks/useVoiceFlow.ts(71,15): error TS1127: Invalid character.
src/lib/hooks/useVoiceFlow.ts(71,16): error TS1127: Invalid character.
src/lib/hooks/useVoiceFlow.ts(71,17): error TS1127: Invalid character.
src/lib/hooks/useVoiceFlow.ts(71,18): error TS1127: Invalid character.
src/lib/hooks/useVoiceFlow.ts(71,19): error TS1127: Invalid character.
src/lib/hooks/useVoiceFlow.ts(71,20): error TS1127: Invalid character.
src/lib/hooks/useVoiceFlow.ts(71,21): error TS1127: Invalid character.
src/lib/hooks/useVoiceFlow.ts(71,22): error TS1127: Invalid character.
src/lib/hooks/useVoiceFlow.ts(71,23): error TS1127: Invalid character.
src/lib/hooks/useVoiceFlow.ts(71,24): error TS1127: Invalid character.
src/lib/hooks/useVoiceFlow.ts(71,25): error TS1127: Invalid character.
src/lib/hooks/useVoiceFlow.ts(71,26): error TS1127: Invalid character.
src/lib/hooks/useVoiceFlow.ts(71,27): error TS1127: Invalid character.
src/lib/hooks/useVoiceFlow.ts(71,28): error TS1127: Invalid character.
src/lib/hooks/useVoiceFlow.ts(71,29): error TS1127: Invalid character.
src/lib/hooks/useVoiceFlow.ts(71,30): error TS1127: Invalid character.
src/lib/hooks/useVoiceFlow.ts(71,31): error TS1127: Invalid character.
src/lib/hooks/useVoiceFlow.ts(71,32): error TS1127: Invalid character.
src/lib/hooks/useVoiceFlow.ts(71,33): error TS1127: Invalid character.
src/lib/hooks/useVoiceFlow.ts(71,34): error TS1127: Invalid character.
src/lib/hooks/useVoiceFlow.ts(71,35): error TS1127: Invalid character.
src/lib/hooks/useVoiceFlow.ts(71,36): error TS1127: Invalid character.
src/lib/hooks/useVoiceFlow.ts(71,37): error TS1127: Invalid character.
src/lib/hooks/useVoiceFlow.ts(71,38): error TS1127: Invalid character.
src/lib/hooks/useVoiceFlow.ts(73,1): error TS1434: Unexpected keyword or identifier.
src/lib/hooks/useVoiceFlow.ts(73,15): error TS1435: Unknown keyword or identifier. Did you mean 'this'?
src/lib/hooks/useVoiceFlow.ts(73,20): error TS1434: Unexpected keyword or identifier.
src/lib/hooks/useVoiceFlow.ts(73,27): error TS1434: Unexpected keyword or identifier.
src/lib/hooks/useVoiceFlow.ts(73,31): error TS1434: Unexpected keyword or identifier.
src/lib/hooks/useVoiceFlow.ts(73,35): error TS1434: Unexpected keyword or identifier.
src/lib/hooks/useVoiceFlow.ts(73,39): error TS1434: Unexpected keyword or identifier.
src/lib/hooks/useVoiceFlow.ts(73,48): error TS1434: Unexpected keyword or identifier.
src/lib/hooks/useVoiceFlow.ts(73,71): error TS1005: ',' expected.
src/lib/hooks/useVoiceFlow.ts(73,76): error TS1005: ',' expected.
src/lib/hooks/useVoiceFlow.ts(73,81): error TS1003: Identifier expected.
src/lib/hooks/useVoiceFlow.ts(74,1): error TS1434: Unexpected keyword or identifier.
src/lib/hooks/useVoiceFlow.ts(74,4): error TS1434: Unexpected keyword or identifier.
src/lib/hooks/useVoiceFlow.ts(74,11): error TS1434: Unexpected keyword or identifier.
src/lib/hooks/useVoiceFlow.ts(74,15): error TS1434: Unexpected keyword or identifier.
src/lib/hooks/useVoiceFlow.ts(74,19): error TS1434: Unexpected keyword or identifier.
src/lib/hooks/useVoiceFlow.ts(74,36): error TS1005: '(' expected.
src/lib/hooks/useVoiceFlow.ts(74,40): error TS1005: ';' expected.
src/lib/hooks/useVoiceFlow.ts(74,53): error TS1005: ';' expected.
src/lib/hooks/useVoiceFlow.ts(76,4): error TS1005: ';' expected.
src/lib/hooks/useVoiceFlow.ts(76,8): error TS1434: Unexpected keyword or identifier.
src/lib/hooks/useVoiceFlow.ts(76,25): error TS1005: '(' expected.
src/lib/hooks/useVoiceFlow.ts(76,29): error TS1005: ';' expected.
src/lib/hooks/useVoiceFlow.ts(76,42): error TS1005: ';' expected.
src/lib/hooks/useVoiceFlow.ts(76,48): error TS1005: ')' expected.
src/lib/hooks/useVoiceFlow.ts(76,62): error TS1005: ',' expected.
src/lib/hooks/useVoiceFlow.ts(76,72): error TS1005: ',' expected.
src/lib/hooks/useVoiceFlow.ts(76,88): error TS1002: Unterminated string literal.
src/lib/hooks/useVoiceFlow.ts(77,4): error TS1005: ',' expected.
src/lib/hooks/useVoiceFlow.ts(77,8): error TS1005: ',' expected.
src/lib/hooks/useVoiceFlow.ts(77,25): error TS1005: ':' expected.
src/lib/hooks/useVoiceFlow.ts(79,1): error TS1005: ',' expected.
src/lib/hooks/useVoiceFlow.ts(79,4): error TS1005: ',' expected.
src/lib/hooks/useVoiceFlow.ts(79,13): error TS1005: ',' expected.
src/lib/hooks/useVoiceFlow.ts(79,20): error TS1005: ',' expected.
src/lib/hooks/useVoiceFlow.ts(79,24): error TS1005: ',' expected.
src/lib/hooks/useVoiceFlow.ts(79,29): error TS1005: ',' expected.
src/lib/hooks/useVoiceFlow.ts(79,33): error TS1005: ',' expected.
src/lib/hooks/useVoiceFlow.ts(79,38): error TS1005: '(' expected.
src/lib/hooks/useVoiceFlow.ts(79,53): error TS1005: ')' expected.
src/lib/hooks/useVoiceFlow.ts(80,4): error TS1435: Unknown keyword or identifier. Did you mean 'this'?
src/lib/hooks/useVoiceFlow.ts(80,9): error TS1228: A type predicate is only allowed in return type position for functions and methods.
src/lib/hooks/useVoiceFlow.ts(80,12): error TS1434: Unexpected keyword or identifier.
src/lib/hooks/useVoiceFlow.ts(80,35): error TS1005: ';' expected.
src/lib/hooks/useVoiceFlow.ts(80,42): error TS1434: Unexpected keyword or identifier.
src/lib/hooks/useVoiceFlow.ts(80,57): error TS1434: Unexpected keyword or identifier.
src/lib/hooks/useVoiceFlow.ts(80,67): error TS1489: Decimals with leading zeros are not allowed.
src/lib/hooks/useVoiceFlow.ts(82,1): error TS1127: Invalid character.
src/lib/hooks/useVoiceFlow.ts(82,2): error TS1127: Invalid character.
src/lib/hooks/useVoiceFlow.ts(82,3): error TS1127: Invalid character.
src/lib/hooks/useVoiceFlow.ts(82,4): error TS1127: Invalid character.
src/lib/hooks/useVoiceFlow.ts(82,5): error TS1127: Invalid character.
src/lib/hooks/useVoiceFlow.ts(82,6): error TS1127: Invalid character.
src/lib/hooks/useVoiceFlow.ts(82,7): error TS1127: Invalid character.
src/lib/hooks/useVoiceFlow.ts(82,8): error TS1127: Invalid character.
src/lib/hooks/useVoiceFlow.ts(82,9): error TS1127: Invalid character.
src/lib/hooks/useVoiceFlow.ts(82,10): error TS1127: Invalid character.
src/lib/hooks/useVoiceFlow.ts(82,11): error TS1127: Invalid character.
src/lib/hooks/useVoiceFlow.ts(82,12): error TS1127: Invalid character.
src/lib/hooks/useVoiceFlow.ts(82,13): error TS1127: Invalid character.
src/lib/hooks/useVoiceFlow.ts(82,14): error TS1127: Invalid character.
src/lib/hooks/useVoiceFlow.ts(82,15): error TS1127: Invalid character.
src/lib/hooks/useVoiceFlow.ts(82,16): error TS1127: Invalid character.
src/lib/hooks/useVoiceFlow.ts(82,17): error TS1127: Invalid character.
src/lib/hooks/useVoiceFlow.ts(82,18): error TS1127: Invalid character.
src/lib/hooks/useVoiceFlow.ts(82,19): error TS1127: Invalid character.
src/lib/hooks/useVoiceFlow.ts(82,20): error TS1127: Invalid character.
src/lib/hooks/useVoiceFlow.ts(82,21): error TS1127: Invalid character.
src/lib/hooks/useVoiceFlow.ts(82,22): error TS1127: Invalid character.
src/lib/hooks/useVoiceFlow.ts(82,23): error TS1127: Invalid character.
src/lib/hooks/useVoiceFlow.ts(82,24): error TS1127: Invalid character.
src/lib/hooks/useVoiceFlow.ts(82,25): error TS1127: Invalid character.
src/lib/hooks/useVoiceFlow.ts(82,26): error TS1127: Invalid character.
src/lib/hooks/useVoiceFlow.ts(82,27): error TS1127: Invalid character.
src/lib/hooks/useVoiceFlow.ts(82,28): error TS1127: Invalid character.
src/lib/hooks/useVoiceFlow.ts(82,29): error TS1127: Invalid character.
src/lib/hooks/useVoiceFlow.ts(82,30): error TS1127: Invalid character.
src/lib/hooks/useVoiceFlow.ts(82,31): error TS1127: Invalid character.
src/lib/hooks/useVoiceFlow.ts(82,32): error TS1127: Invalid character.
src/lib/hooks/useVoiceFlow.ts(82,33): error TS1127: Invalid character.
src/lib/hooks/useVoiceFlow.ts(82,34): error TS1127: Invalid character.
src/lib/hooks/useVoiceFlow.ts(82,35): error TS1127: Invalid character.
src/lib/hooks/useVoiceFlow.ts(82,36): error TS1127: Invalid character.
src/lib/hooks/useVoiceFlow.ts(82,37): error TS1127: Invalid character.
src/lib/hooks/useVoiceFlow.ts(82,38): error TS1127: Invalid character.
src/lib/hooks/useVoiceFlow.ts(83,1): error TS1434: Unexpected keyword or identifier.
src/lib/hooks/useVoiceFlow.ts(83,9): error TS1005: ';' expected.
src/lib/hooks/useVoiceFlow.ts(84,1): error TS1127: Invalid character.
src/lib/hooks/useVoiceFlow.ts(84,2): error TS1127: Invalid character.
src/lib/hooks/useVoiceFlow.ts(84,3): error TS1127: Invalid character.
src/lib/hooks/useVoiceFlow.ts(84,4): error TS1127: Invalid character.
src/lib/hooks/useVoiceFlow.ts(84,5): error TS1127: Invalid character.
src/lib/hooks/useVoiceFlow.ts(84,6): error TS1127: Invalid character.
src/lib/hooks/useVoiceFlow.ts(84,7): error TS1127: Invalid character.
src/lib/hooks/useVoiceFlow.ts(84,8): error TS1127: Invalid character.
src/lib/hooks/useVoiceFlow.ts(84,9): error TS1127: Invalid character.
src/lib/hooks/useVoiceFlow.ts(84,10): error TS1127: Invalid character.
src/lib/hooks/useVoiceFlow.ts(84,11): error TS1127: Invalid character.
src/lib/hooks/useVoiceFlow.ts(84,12): error TS1127: Invalid character.
src/lib/hooks/useVoiceFlow.ts(84,13): error TS1127: Invalid character.
src/lib/hooks/useVoiceFlow.ts(84,14): error TS1127: Invalid character.
src/lib/hooks/useVoiceFlow.ts(84,15): error TS1127: Invalid character.
src/lib/hooks/useVoiceFlow.ts(84,16): error TS1127: Invalid character.
src/lib/hooks/useVoiceFlow.ts(84,17): error TS1127: Invalid character.
src/lib/hooks/useVoiceFlow.ts(84,18): error TS1127: Invalid character.
src/lib/hooks/useVoiceFlow.ts(84,19): error TS1127: Invalid character.
src/lib/hooks/useVoiceFlow.ts(84,20): error TS1127: Invalid character.
src/lib/hooks/useVoiceFlow.ts(84,21): error TS1127: Invalid character.
src/lib/hooks/useVoiceFlow.ts(84,22): error TS1127: Invalid character.
src/lib/hooks/useVoiceFlow.ts(84,23): error TS1127: Invalid character.
src/lib/hooks/useVoiceFlow.ts(84,24): error TS1127: Invalid character.
src/lib/hooks/useVoiceFlow.ts(84,25): error TS1127: Invalid character.
src/lib/hooks/useVoiceFlow.ts(84,26): error TS1127: Invalid character.
src/lib/hooks/useVoiceFlow.ts(84,27): error TS1127: Invalid character.
src/lib/hooks/useVoiceFlow.ts(84,28): error TS1127: Invalid character.
src/lib/hooks/useVoiceFlow.ts(84,29): error TS1127: Invalid character.
src/lib/hooks/useVoiceFlow.ts(84,30): error TS1127: Invalid character.
src/lib/hooks/useVoiceFlow.ts(84,31): error TS1127: Invalid character.
src/lib/hooks/useVoiceFlow.ts(84,32): error TS1127: Invalid character.
src/lib/hooks/useVoiceFlow.ts(84,33): error TS1127: Invalid character.
src/lib/hooks/useVoiceFlow.ts(84,34): error TS1127: Invalid character.
src/lib/hooks/useVoiceFlow.ts(84,35): error TS1127: Invalid character.
src/lib/hooks/useVoiceFlow.ts(84,36): error TS1127: Invalid character.
src/lib/hooks/useVoiceFlow.ts(84,37): error TS1127: Invalid character.
src/lib/hooks/useVoiceFlow.ts(84,38): error TS1127: Invalid character.
src/lib/hooks/useVoiceFlow.ts(86,1): error TS1434: Unexpected keyword or identifier.
src/lib/hooks/useVoiceFlow.ts(86,5): error TS1434: Unexpected keyword or identifier.
src/lib/hooks/useVoiceFlow.ts(86,10): error TS1434: Unexpected keyword or identifier.
src/lib/hooks/useVoiceFlow.ts(86,15): error TS1434: Unexpected keyword or identifier.
src/lib/hooks/useVoiceFlow.ts(86,25): error TS1434: Unexpected keyword or identifier.
src/lib/hooks/useVoiceFlow.ts(86,28): error TS1434: Unexpected keyword or identifier.
src/lib/hooks/useVoiceFlow.ts(86,32): error TS1434: Unexpected keyword or identifier.
src/lib/hooks/useVoiceFlow.ts(118,15): error TS1434: Unexpected keyword or identifier.
src/lib/hooks/useVoiceFlow.ts(118,21): error TS1434: Unexpected keyword or identifier.
src/lib/hooks/useVoiceFlow.ts(118,41): error TS1005: ';' expected.
src/lib/hooks/useVoiceFlow.ts(119,15): error TS1005: ';' expected.
src/lib/hooks/useVoiceFlow.ts(120,16): error TS1005: ';' expected.
src/lib/hooks/useVoiceFlow.ts(120,54): error TS1005: ',' expected.
src/lib/hooks/useVoiceFlow.ts(120,61): error TS1005: ',' expected.
src/lib/hooks/useVoiceFlow.ts(120,67): error TS1005: ',' expected.
src/lib/hooks/useVoiceFlow.ts(121,7): error TS1005: ';' expected.
src/lib/hooks/useVoiceFlow.ts(121,31): error TS1005: ';' expected.
src/lib/hooks/useVoiceFlow.ts(121,35): error TS1434: Unexpected keyword or identifier.
src/lib/hooks/useVoiceFlow.ts(121,53): error TS1005: '(' expected.
src/lib/hooks/useVoiceFlow.ts(121,65): error TS1005: ')' expected.
src/lib/hooks/useVoiceFlow.ts(122,20): error TS1005: ';' expected.
src/lib/hooks/useVoiceFlow.ts(122,42): error TS1005: ':' expected.
src/lib/hooks/useVoiceFlow.ts(122,44): error TS1005: ';' expected.
src/lib/hooks/useVoiceFlow.ts(122,48): error TS1005: '(' expected.
src/lib/hooks/useVoiceFlow.ts(122,52): error TS1005: ';' expected.
src/lib/hooks/useVoiceFlow.ts(122,65): error TS1005: ';' expected.
src/lib/hooks/useVoiceFlow.ts(123,20): error TS1005: ')' expected.
src/lib/hooks/useVoiceFlow.ts(123,24): error TS1434: Unexpected keyword or identifier.
src/lib/hooks/useVoiceFlow.ts(123,28): error TS1434: Unexpected keyword or identifier.
src/lib/hooks/useVoiceFlow.ts(123,33): error TS1434: Unexpected keyword or identifier.
src/lib/hooks/useVoiceFlow.ts(133,8): error TS1005: ']' expected.
src/lib/hooks/useVoiceFlow.ts(133,12): error TS1121: Octal literals are not allowed. Use the syntax '-0o0'.
src/lib/hooks/useVoiceFlow.ts(133,16): error TS1005: ';' expected.
src/lib/hooks/useVoiceFlow.ts(133,24): error TS1434: Unexpected keyword or identifier.
src/lib/hooks/useVoiceFlow.ts(133,30): error TS1434: Unexpected keyword or identifier.
src/lib/hooks/useVoiceFlow.ts(133,35): error TS1128: Declaration or statement expected.
src/lib/hooks/useVoiceFlow.ts(135,7): error TS1435: Unknown keyword or identifier. Did you mean 'finally'?
src/lib/hooks/useVoiceFlow.ts(135,27): error TS1005: ';' expected.
src/lib/hooks/useVoiceFlow.ts(135,38): error TS1005: ';' expected.
src/lib/hooks/useVoiceFlow.ts(135,57): error TS1003: Identifier expected.
src/lib/hooks/useVoiceFlow.ts(136,1): error TS1435: Unknown keyword or identifier. Did you mean 'this'?
src/lib/hooks/useVoiceFlow.ts(136,6): error TS1434: Unexpected keyword or identifier.
src/lib/hooks/useVoiceFlow.ts(136,13): error TS1434: Unexpected keyword or identifier.
src/lib/hooks/useVoiceFlow.ts(136,19): error TS1434: Unexpected keyword or identifier.
src/lib/hooks/useVoiceFlow.ts(136,26): error TS1434: Unexpected keyword or identifier.
src/lib/hooks/useVoiceFlow.ts(136,33): error TS1434: Unexpected keyword or identifier.
src/lib/hooks/useVoiceFlow.ts(136,38): error TS1434: Unexpected keyword or identifier.
src/lib/hooks/useVoiceFlow.ts(136,44): error TS1434: Unexpected keyword or identifier.
src/lib/hooks/useVoiceFlow.ts(136,49): error TS1434: Unexpected keyword or identifier.
src/lib/hooks/useVoiceFlow.ts(136,53): error TS1434: Unexpected keyword or identifier.
src/lib/hooks/useVoiceFlow.ts(136,65): error TS1005: ';' expected.
src/lib/hooks/useVoiceFlow.ts(138,1): error TS1127: Invalid character.
src/lib/hooks/useVoiceFlow.ts(138,2): error TS1127: Invalid character.
src/lib/hooks/useVoiceFlow.ts(138,3): error TS1127: Invalid character.
src/lib/hooks/useVoiceFlow.ts(138,4): error TS1127: Invalid character.
src/lib/hooks/useVoiceFlow.ts(138,5): error TS1127: Invalid character.
src/lib/hooks/useVoiceFlow.ts(138,6): error TS1127: Invalid character.
src/lib/hooks/useVoiceFlow.ts(138,7): error TS1127: Invalid character.
src/lib/hooks/useVoiceFlow.ts(138,8): error TS1127: Invalid character.
src/lib/hooks/useVoiceFlow.ts(138,9): error TS1127: Invalid character.
src/lib/hooks/useVoiceFlow.ts(138,10): error TS1127: Invalid character.
src/lib/hooks/useVoiceFlow.ts(138,11): error TS1127: Invalid character.
src/lib/hooks/useVoiceFlow.ts(138,12): error TS1127: Invalid character.
src/lib/hooks/useVoiceFlow.ts(138,13): error TS1127: Invalid character.
src/lib/hooks/useVoiceFlow.ts(138,14): error TS1127: Invalid character.
src/lib/hooks/useVoiceFlow.ts(138,15): error TS1127: Invalid character.
src/lib/hooks/useVoiceFlow.ts(138,16): error TS1127: Invalid character.
src/lib/hooks/useVoiceFlow.ts(138,17): error TS1127: Invalid character.
src/lib/hooks/useVoiceFlow.ts(138,18): error TS1127: Invalid character.
src/lib/hooks/useVoiceFlow.ts(138,19): error TS1127: Invalid character.
src/lib/hooks/useVoiceFlow.ts(138,20): error TS1127: Invalid character.
src/lib/hooks/useVoiceFlow.ts(138,21): error TS1127: Invalid character.
src/lib/hooks/useVoiceFlow.ts(138,22): error TS1127: Invalid character.
src/lib/hooks/useVoiceFlow.ts(138,23): error TS1127: Invalid character.
src/lib/hooks/useVoiceFlow.ts(138,24): error TS1127: Invalid character.
src/lib/hooks/useVoiceFlow.ts(138,25): error TS1127: Invalid character.
src/lib/hooks/useVoiceFlow.ts(138,26): error TS1127: Invalid character.
src/lib/hooks/useVoiceFlow.ts(138,27): error TS1127: Invalid character.
src/lib/hooks/useVoiceFlow.ts(138,28): error TS1127: Invalid character.
src/lib/hooks/useVoiceFlow.ts(138,29): error TS1127: Invalid character.
src/lib/hooks/useVoiceFlow.ts(138,30): error TS1127: Invalid character.
src/lib/hooks/useVoiceFlow.ts(138,31): error TS1127: Invalid character.
src/lib/hooks/useVoiceFlow.ts(138,32): error TS1127: Invalid character.
src/lib/hooks/useVoiceFlow.ts(138,33): error TS1127: Invalid character.
src/lib/hooks/useVoiceFlow.ts(138,34): error TS1127: Invalid character.
src/lib/hooks/useVoiceFlow.ts(138,35): error TS1127: Invalid character.
src/lib/hooks/useVoiceFlow.ts(138,36): error TS1127: Invalid character.
src/lib/hooks/useVoiceFlow.ts(138,37): error TS1127: Invalid character.
src/lib/hooks/useVoiceFlow.ts(138,38): error TS1127: Invalid character.
src/lib/hooks/useVoiceFlow.ts(139,1): error TS1434: Unexpected keyword or identifier.
src/lib/hooks/useVoiceFlow.ts(139,7): error TS1005: ';' expected.
src/lib/hooks/useVoiceFlow.ts(139,9): error TS1434: Unexpected keyword or identifier.
src/lib/hooks/useVoiceFlow.ts(139,16): error TS1434: Unexpected keyword or identifier.
src/lib/hooks/useVoiceFlow.ts(140,1): error TS1127: Invalid character.
src/lib/hooks/useVoiceFlow.ts(140,2): error TS1127: Invalid character.
src/lib/hooks/useVoiceFlow.ts(140,3): error TS1127: Invalid character.
src/lib/hooks/useVoiceFlow.ts(140,4): error TS1127: Invalid character.
src/lib/hooks/useVoiceFlow.ts(140,5): error TS1127: Invalid character.
src/lib/hooks/useVoiceFlow.ts(140,6): error TS1127: Invalid character.
src/lib/hooks/useVoiceFlow.ts(140,7): error TS1127: Invalid character.
src/lib/hooks/useVoiceFlow.ts(140,8): error TS1127: Invalid character.
src/lib/hooks/useVoiceFlow.ts(140,9): error TS1127: Invalid character.
src/lib/hooks/useVoiceFlow.ts(140,10): error TS1127: Invalid character.
src/lib/hooks/useVoiceFlow.ts(140,11): error TS1127: Invalid character.
src/lib/hooks/useVoiceFlow.ts(140,12): error TS1127: Invalid character.
src/lib/hooks/useVoiceFlow.ts(140,13): error TS1127: Invalid character.
src/lib/hooks/useVoiceFlow.ts(140,14): error TS1127: Invalid character.
src/lib/hooks/useVoiceFlow.ts(140,15): error TS1127: Invalid character.
src/lib/hooks/useVoiceFlow.ts(140,16): error TS1127: Invalid character.
src/lib/hooks/useVoiceFlow.ts(140,17): error TS1127: Invalid character.
src/lib/hooks/useVoiceFlow.ts(140,18): error TS1127: Invalid character.
src/lib/hooks/useVoiceFlow.ts(140,19): error TS1127: Invalid character.
src/lib/hooks/useVoiceFlow.ts(140,20): error TS1127: Invalid character.
src/lib/hooks/useVoiceFlow.ts(140,21): error TS1127: Invalid character.
src/lib/hooks/useVoiceFlow.ts(140,22): error TS1127: Invalid character.
src/lib/hooks/useVoiceFlow.ts(140,23): error TS1127: Invalid character.
src/lib/hooks/useVoiceFlow.ts(140,24): error TS1127: Invalid character.
src/lib/hooks/useVoiceFlow.ts(140,25): error TS1127: Invalid character.
src/lib/hooks/useVoiceFlow.ts(140,26): error TS1127: Invalid character.
src/lib/hooks/useVoiceFlow.ts(140,27): error TS1127: Invalid character.
src/lib/hooks/useVoiceFlow.ts(140,28): error TS1127: Invalid character.
src/lib/hooks/useVoiceFlow.ts(140,29): error TS1127: Invalid character.
src/lib/hooks/useVoiceFlow.ts(140,30): error TS1127: Invalid character.
src/lib/hooks/useVoiceFlow.ts(140,31): error TS1127: Invalid character.
src/lib/hooks/useVoiceFlow.ts(140,32): error TS1127: Invalid character.
src/lib/hooks/useVoiceFlow.ts(140,33): error TS1127: Invalid character.
src/lib/hooks/useVoiceFlow.ts(140,34): error TS1127: Invalid character.
src/lib/hooks/useVoiceFlow.ts(140,35): error TS1127: Invalid character.
src/lib/hooks/useVoiceFlow.ts(140,36): error TS1127: Invalid character.
src/lib/hooks/useVoiceFlow.ts(140,37): error TS1127: Invalid character.
src/lib/hooks/useVoiceFlow.ts(140,38): error TS1127: Invalid character.
src/lib/hooks/useVoiceFlow.ts(142,1): error TS1434: Unexpected keyword or identifier.
src/lib/hooks/useVoiceFlow.ts(142,10): error TS1005: ';' expected.
src/lib/hooks/useVoiceFlow.ts(142,18): error TS1434: Unexpected keyword or identifier.
src/lib/hooks/useVoiceFlow.ts(142,22): error TS1434: Unexpected keyword or identifier.
src/lib/hooks/useVoiceFlow.ts(142,29): error TS1434: Unexpected keyword or identifier.
src/lib/hooks/useVoiceFlow.ts(142,33): error TS1435: Unknown keyword or identifier. Did you mean 'out put'?
src/lib/hooks/useVoiceFlow.ts(143,1): error TS1434: Unexpected keyword or identifier.
src/lib/hooks/useVoiceFlow.ts(143,39): error TS1005: ';' expected.
src/lib/hooks/useVoiceFlow.ts(143,47): error TS1005: ';' expected.
src/lib/hooks/useVoiceFlow.ts(145,1): error TS1434: Unexpected keyword or identifier.
src/lib/hooks/useVoiceFlow.ts(145,10): error TS1435: Unknown keyword or identifier. Did you mean 'out put'?
src/lib/hooks/useVoiceFlow.ts(145,17): error TS1434: Unexpected keyword or identifier.
src/lib/hooks/useVoiceFlow.ts(145,24): error TS1434: Unexpected keyword or identifier.
src/lib/hooks/useVoiceFlow.ts(145,32): error TS1434: Unexpected keyword or identifier.
src/lib/hooks/useVoiceFlow.ts(145,36): error TS1434: Unexpected keyword or identifier.
src/lib/hooks/useVoiceFlow.ts(145,39): error TS1434: Unexpected keyword or identifier.
src/lib/hooks/useVoiceFlow.ts(172,1): error TS1434: Unexpected keyword or identifier.
src/lib/hooks/useVoiceFlow.ts(172,4): error TS1434: Unexpected keyword or identifier.
src/lib/hooks/useVoiceFlow.ts(172,8): error TS1434: Unexpected keyword or identifier.
src/lib/hooks/useVoiceFlow.ts(172,14): error TS1434: Unexpected keyword or identifier.
src/lib/hooks/useVoiceFlow.ts(172,27): error TS1434: Unexpected keyword or identifier.
src/lib/hooks/useVoiceFlow.ts(172,34): error TS1434: Unexpected keyword or identifier.
src/lib/hooks/useVoiceFlow.ts(172,39): error TS1434: Unexpected keyword or identifier.
src/lib/hooks/useVoiceFlow.ts(172,56): error TS1005: '(' expected.
src/lib/hooks/useVoiceFlow.ts(172,74): error TS1005: ')' expected.
src/lib/hooks/useVoiceFlow.ts(174,1): error TS1127: Invalid character.
src/lib/hooks/useVoiceFlow.ts(174,2): error TS1127: Invalid character.
src/lib/hooks/useVoiceFlow.ts(174,3): error TS1127: Invalid character.
src/lib/hooks/useVoiceFlow.ts(174,4): error TS1127: Invalid character.
src/lib/hooks/useVoiceFlow.ts(174,5): error TS1127: Invalid character.
src/lib/hooks/useVoiceFlow.ts(174,6): error TS1127: Invalid character.
src/lib/hooks/useVoiceFlow.ts(174,7): error TS1127: Invalid character.
src/lib/hooks/useVoiceFlow.ts(174,8): error TS1127: Invalid character.
src/lib/hooks/useVoiceFlow.ts(174,9): error TS1127: Invalid character.
src/lib/hooks/useVoiceFlow.ts(174,10): error TS1127: Invalid character.
src/lib/hooks/useVoiceFlow.ts(174,11): error TS1127: Invalid character.
src/lib/hooks/useVoiceFlow.ts(174,12): error TS1127: Invalid character.
src/lib/hooks/useVoiceFlow.ts(174,13): error TS1127: Invalid character.
src/lib/hooks/useVoiceFlow.ts(174,14): error TS1127: Invalid character.
src/lib/hooks/useVoiceFlow.ts(174,15): error TS1127: Invalid character.
src/lib/hooks/useVoiceFlow.ts(174,16): error TS1127: Invalid character.
src/lib/hooks/useVoiceFlow.ts(174,17): error TS1127: Invalid character.
src/lib/hooks/useVoiceFlow.ts(174,18): error TS1127: Invalid character.
src/lib/hooks/useVoiceFlow.ts(174,19): error TS1127: Invalid character.
src/lib/hooks/useVoiceFlow.ts(174,20): error TS1127: Invalid character.
src/lib/hooks/useVoiceFlow.ts(174,21): error TS1127: Invalid character.
src/lib/hooks/useVoiceFlow.ts(174,22): error TS1127: Invalid character.
src/lib/hooks/useVoiceFlow.ts(174,23): error TS1127: Invalid character.
src/lib/hooks/useVoiceFlow.ts(174,24): error TS1127: Invalid character.
src/lib/hooks/useVoiceFlow.ts(174,25): error TS1127: Invalid character.
src/lib/hooks/useVoiceFlow.ts(174,26): error TS1127: Invalid character.
src/lib/hooks/useVoiceFlow.ts(174,27): error TS1127: Invalid character.
src/lib/hooks/useVoiceFlow.ts(174,28): error TS1127: Invalid character.
src/lib/hooks/useVoiceFlow.ts(174,29): error TS1127: Invalid character.
src/lib/hooks/useVoiceFlow.ts(174,30): error TS1127: Invalid character.
src/lib/hooks/useVoiceFlow.ts(174,31): error TS1127: Invalid character.
src/lib/hooks/useVoiceFlow.ts(174,32): error TS1127: Invalid character.
src/lib/hooks/useVoiceFlow.ts(174,33): error TS1127: Invalid character.
src/lib/hooks/useVoiceFlow.ts(174,34): error TS1127: Invalid character.
src/lib/hooks/useVoiceFlow.ts(174,35): error TS1127: Invalid character.
src/lib/hooks/useVoiceFlow.ts(174,36): error TS1127: Invalid character.
src/lib/hooks/useVoiceFlow.ts(174,37): error TS1127: Invalid character.
src/lib/hooks/useVoiceFlow.ts(174,38): error TS1127: Invalid character.
src/lib/hooks/useVoiceFlow.ts(175,1): error TS1434: Unexpected keyword or identifier.
src/lib/hooks/useVoiceFlow.ts(175,7): error TS1005: ';' expected.
src/lib/hooks/useVoiceFlow.ts(175,9): error TS1434: Unexpected keyword or identifier.
src/lib/hooks/useVoiceFlow.ts(175,13): error TS1434: Unexpected keyword or identifier.
src/lib/hooks/useVoiceFlow.ts(175,24): error TS1434: Unexpected keyword or identifier.
src/lib/hooks/useVoiceFlow.ts(176,1): error TS1127: Invalid character.
src/lib/hooks/useVoiceFlow.ts(176,2): error TS1127: Invalid character.
src/lib/hooks/useVoiceFlow.ts(176,3): error TS1127: Invalid character.
src/lib/hooks/useVoiceFlow.ts(176,4): error TS1127: Invalid character.
src/lib/hooks/useVoiceFlow.ts(176,5): error TS1127: Invalid character.
src/lib/hooks/useVoiceFlow.ts(176,6): error TS1127: Invalid character.
src/lib/hooks/useVoiceFlow.ts(176,7): error TS1127: Invalid character.
src/lib/hooks/useVoiceFlow.ts(176,8): error TS1127: Invalid character.
src/lib/hooks/useVoiceFlow.ts(176,9): error TS1127: Invalid character.
src/lib/hooks/useVoiceFlow.ts(176,10): error TS1127: Invalid character.
src/lib/hooks/useVoiceFlow.ts(176,11): error TS1127: Invalid character.
src/lib/hooks/useVoiceFlow.ts(176,12): error TS1127: Invalid character.
src/lib/hooks/useVoiceFlow.ts(176,13): error TS1127: Invalid character.
src/lib/hooks/useVoiceFlow.ts(176,14): error TS1127: Invalid character.
src/lib/hooks/useVoiceFlow.ts(176,15): error TS1127: Invalid character.
src/lib/hooks/useVoiceFlow.ts(176,16): error TS1127: Invalid character.
src/lib/hooks/useVoiceFlow.ts(176,17): error TS1127: Invalid character.
src/lib/hooks/useVoiceFlow.ts(176,18): error TS1127: Invalid character.
src/lib/hooks/useVoiceFlow.ts(176,19): error TS1127: Invalid character.
src/lib/hooks/useVoiceFlow.ts(176,20): error TS1127: Invalid character.
src/lib/hooks/useVoiceFlow.ts(176,21): error TS1127: Invalid character.
src/lib/hooks/useVoiceFlow.ts(176,22): error TS1127: Invalid character.
src/lib/hooks/useVoiceFlow.ts(176,23): error TS1127: Invalid character.
src/lib/hooks/useVoiceFlow.ts(176,24): error TS1127: Invalid character.
src/lib/hooks/useVoiceFlow.ts(176,25): error TS1127: Invalid character.
src/lib/hooks/useVoiceFlow.ts(176,26): error TS1127: Invalid character.
src/lib/hooks/useVoiceFlow.ts(176,27): error TS1127: Invalid character.
src/lib/hooks/useVoiceFlow.ts(176,28): error TS1127: Invalid character.
src/lib/hooks/useVoiceFlow.ts(176,29): error TS1127: Invalid character.
src/lib/hooks/useVoiceFlow.ts(176,30): error TS1127: Invalid character.
src/lib/hooks/useVoiceFlow.ts(176,31): error TS1127: Invalid character.
src/lib/hooks/useVoiceFlow.ts(176,32): error TS1127: Invalid character.
src/lib/hooks/useVoiceFlow.ts(176,33): error TS1127: Invalid character.
src/lib/hooks/useVoiceFlow.ts(176,34): error TS1127: Invalid character.
src/lib/hooks/useVoiceFlow.ts(176,35): error TS1127: Invalid character.
src/lib/hooks/useVoiceFlow.ts(176,36): error TS1127: Invalid character.
src/lib/hooks/useVoiceFlow.ts(176,37): error TS1127: Invalid character.
src/lib/hooks/useVoiceFlow.ts(176,38): error TS1127: Invalid character.
src/lib/hooks/useVoiceFlow.ts(178,1): error TS1434: Unexpected keyword or identifier.
src/lib/hooks/useVoiceFlow.ts(178,40): error TS1005: ';' expected.
src/lib/hooks/useVoiceFlow.ts(178,43): error TS1434: Unexpected keyword or identifier.
src/lib/hooks/useVoiceFlow.ts(178,47): error TS1434: Unexpected keyword or identifier.
src/lib/hooks/useVoiceFlow.ts(181,20): error TS1005: ';' expected.
src/lib/hooks/useVoiceFlow.ts(182,12): error TS1005: ';' expected.
src/lib/hooks/useVoiceFlow.ts(183,12): error TS1005: ';' expected.
src/lib/hooks/useVoiceFlow.ts(184,16): error TS1005: ';' expected.
src/lib/hooks/useVoiceFlow.ts(185,23): error TS1005: ';' expected.
src/lib/hooks/useVoiceFlow.ts(186,16): error TS1005: ';' expected.
src/lib/hooks/useVoiceFlow.ts(187,19): error TS1005: ';' expected.
src/lib/hooks/useVoiceFlow.ts(188,19): error TS1005: ';' expected.
src/lib/hooks/useVoiceFlow.ts(193,1): error TS1434: Unexpected keyword or identifier.
src/lib/hooks/useVoiceFlow.ts(193,4): error TS1434: Unexpected keyword or identifier.
src/lib/hooks/useVoiceFlow.ts(193,10): error TS1434: Unexpected keyword or identifier.
src/lib/hooks/useVoiceFlow.ts(193,27): error TS1005: ';' expected.
src/lib/hooks/useVoiceFlow.ts(193,36): error TS1005: ';' expected.
src/lib/hooks/useVoiceFlow.ts(193,50): error TS1005: ';' expected.
src/lib/hooks/useVoiceFlow.ts(193,50): error TS1434: Unexpected keyword or identifier.
src/lib/hooks/useVoiceFlow.ts(193,136): error TS1002: Unterminated string literal.
src/lib/hooks/useVoiceFlow.ts(195,1): error TS1127: Invalid character.
src/lib/hooks/useVoiceFlow.ts(195,2): error TS1127: Invalid character.
src/lib/hooks/useVoiceFlow.ts(195,3): error TS1127: Invalid character.
src/lib/hooks/useVoiceFlow.ts(195,4): error TS1127: Invalid character.
src/lib/hooks/useVoiceFlow.ts(195,5): error TS1127: Invalid character.
src/lib/hooks/useVoiceFlow.ts(195,6): error TS1127: Invalid character.
src/lib/hooks/useVoiceFlow.ts(195,7): error TS1127: Invalid character.
src/lib/hooks/useVoiceFlow.ts(195,8): error TS1127: Invalid character.
src/lib/hooks/useVoiceFlow.ts(195,9): error TS1127: Invalid character.
src/lib/hooks/useVoiceFlow.ts(195,10): error TS1127: Invalid character.
src/lib/hooks/useVoiceFlow.ts(195,11): error TS1127: Invalid character.
src/lib/hooks/useVoiceFlow.ts(195,12): error TS1127: Invalid character.
src/lib/hooks/useVoiceFlow.ts(195,13): error TS1127: Invalid character.
src/lib/hooks/useVoiceFlow.ts(195,14): error TS1127: Invalid character.
src/lib/hooks/useVoiceFlow.ts(195,15): error TS1127: Invalid character.
src/lib/hooks/useVoiceFlow.ts(195,16): error TS1127: Invalid character.
src/lib/hooks/useVoiceFlow.ts(195,17): error TS1127: Invalid character.
src/lib/hooks/useVoiceFlow.ts(195,18): error TS1127: Invalid character.
src/lib/hooks/useVoiceFlow.ts(195,19): error TS1127: Invalid character.
src/lib/hooks/useVoiceFlow.ts(195,20): error TS1127: Invalid character.
src/lib/hooks/useVoiceFlow.ts(195,21): error TS1127: Invalid character.
src/lib/hooks/useVoiceFlow.ts(195,22): error TS1127: Invalid character.
src/lib/hooks/useVoiceFlow.ts(195,23): error TS1127: Invalid character.
src/lib/hooks/useVoiceFlow.ts(195,24): error TS1127: Invalid character.
src/lib/hooks/useVoiceFlow.ts(195,25): error TS1127: Invalid character.
src/lib/hooks/useVoiceFlow.ts(195,26): error TS1127: Invalid character.
src/lib/hooks/useVoiceFlow.ts(195,27): error TS1127: Invalid character.
src/lib/hooks/useVoiceFlow.ts(195,28): error TS1127: Invalid character.
src/lib/hooks/useVoiceFlow.ts(195,29): error TS1127: Invalid character.
src/lib/hooks/useVoiceFlow.ts(195,30): error TS1127: Invalid character.
src/lib/hooks/useVoiceFlow.ts(195,31): error TS1127: Invalid character.
src/lib/hooks/useVoiceFlow.ts(195,32): error TS1127: Invalid character.
src/lib/hooks/useVoiceFlow.ts(195,33): error TS1127: Invalid character.
src/lib/hooks/useVoiceFlow.ts(195,34): error TS1127: Invalid character.
src/lib/hooks/useVoiceFlow.ts(195,35): error TS1127: Invalid character.
src/lib/hooks/useVoiceFlow.ts(195,36): error TS1127: Invalid character.
src/lib/hooks/useVoiceFlow.ts(195,37): error TS1127: Invalid character.
src/lib/hooks/useVoiceFlow.ts(195,38): error TS1127: Invalid character.
src/lib/hooks/useVoiceFlow.ts(196,1): error TS1434: Unexpected keyword or identifier.
src/lib/hooks/useVoiceFlow.ts(196,7): error TS1005: ';' expected.
src/lib/hooks/useVoiceFlow.ts(196,9): error TS1434: Unexpected keyword or identifier.
src/lib/hooks/useVoiceFlow.ts(196,28): error TS1005: ';' expected.
src/lib/hooks/useVoiceFlow.ts(196,32): error TS1005: '(' expected.
src/lib/hooks/useVoiceFlow.ts(196,36): error TS1005: ';' expected.
src/lib/hooks/useVoiceFlow.ts(196,43): error TS1005: ';' expected.
src/lib/hooks/useVoiceFlow.ts(197,1): error TS1127: Invalid character.
src/lib/hooks/useVoiceFlow.ts(197,2): error TS1127: Invalid character.
src/lib/hooks/useVoiceFlow.ts(197,3): error TS1127: Invalid character.
src/lib/hooks/useVoiceFlow.ts(197,4): error TS1127: Invalid character.
src/lib/hooks/useVoiceFlow.ts(197,5): error TS1127: Invalid character.
src/lib/hooks/useVoiceFlow.ts(197,6): error TS1127: Invalid character.
src/lib/hooks/useVoiceFlow.ts(197,7): error TS1127: Invalid character.
src/lib/hooks/useVoiceFlow.ts(197,8): error TS1127: Invalid character.
src/lib/hooks/useVoiceFlow.ts(197,9): error TS1127: Invalid character.
src/lib/hooks/useVoiceFlow.ts(197,10): error TS1127: Invalid character.
src/lib/hooks/useVoiceFlow.ts(197,11): error TS1127: Invalid character.
src/lib/hooks/useVoiceFlow.ts(197,12): error TS1127: Invalid character.
src/lib/hooks/useVoiceFlow.ts(197,13): error TS1127: Invalid character.
src/lib/hooks/useVoiceFlow.ts(197,14): error TS1127: Invalid character.
src/lib/hooks/useVoiceFlow.ts(197,15): error TS1127: Invalid character.
src/lib/hooks/useVoiceFlow.ts(197,16): error TS1127: Invalid character.
src/lib/hooks/useVoiceFlow.ts(197,17): error TS1127: Invalid character.
src/lib/hooks/useVoiceFlow.ts(197,18): error TS1127: Invalid character.
src/lib/hooks/useVoiceFlow.ts(197,19): error TS1127: Invalid character.
src/lib/hooks/useVoiceFlow.ts(197,20): error TS1127: Invalid character.
src/lib/hooks/useVoiceFlow.ts(197,21): error TS1127: Invalid character.
src/lib/hooks/useVoiceFlow.ts(197,22): error TS1127: Invalid character.
src/lib/hooks/useVoiceFlow.ts(197,23): error TS1127: Invalid character.
src/lib/hooks/useVoiceFlow.ts(197,24): error TS1127: Invalid character.
src/lib/hooks/useVoiceFlow.ts(197,25): error TS1127: Invalid character.
src/lib/hooks/useVoiceFlow.ts(197,26): error TS1127: Invalid character.
src/lib/hooks/useVoiceFlow.ts(197,27): error TS1127: Invalid character.
src/lib/hooks/useVoiceFlow.ts(197,28): error TS1127: Invalid character.
src/lib/hooks/useVoiceFlow.ts(197,29): error TS1127: Invalid character.
src/lib/hooks/useVoiceFlow.ts(197,30): error TS1127: Invalid character.
src/lib/hooks/useVoiceFlow.ts(197,31): error TS1127: Invalid character.
src/lib/hooks/useVoiceFlow.ts(197,32): error TS1127: Invalid character.
src/lib/hooks/useVoiceFlow.ts(197,33): error TS1127: Invalid character.
src/lib/hooks/useVoiceFlow.ts(197,34): error TS1127: Invalid character.
src/lib/hooks/useVoiceFlow.ts(197,35): error TS1127: Invalid character.
src/lib/hooks/useVoiceFlow.ts(197,36): error TS1127: Invalid character.
src/lib/hooks/useVoiceFlow.ts(197,37): error TS1127: Invalid character.
src/lib/hooks/useVoiceFlow.ts(197,38): error TS1127: Invalid character.
src/lib/hooks/useVoiceFlow.ts(199,1): error TS1434: Unexpected keyword or identifier.
src/lib/hooks/useVoiceFlow.ts(199,34): error TS1005: ';' expected.
src/lib/hooks/useVoiceFlow.ts(225,1): error TS1127: Invalid character.
src/lib/hooks/useVoiceFlow.ts(225,2): error TS1127: Invalid character.
src/lib/hooks/useVoiceFlow.ts(225,3): error TS1127: Invalid character.
src/lib/hooks/useVoiceFlow.ts(225,4): error TS1127: Invalid character.
src/lib/hooks/useVoiceFlow.ts(225,5): error TS1127: Invalid character.
src/lib/hooks/useVoiceFlow.ts(225,6): error TS1127: Invalid character.
src/lib/hooks/useVoiceFlow.ts(225,7): error TS1127: Invalid character.
src/lib/hooks/useVoiceFlow.ts(225,8): error TS1127: Invalid character.
src/lib/hooks/useVoiceFlow.ts(225,9): error TS1127: Invalid character.
src/lib/hooks/useVoiceFlow.ts(225,10): error TS1127: Invalid character.
src/lib/hooks/useVoiceFlow.ts(225,11): error TS1127: Invalid character.
src/lib/hooks/useVoiceFlow.ts(225,12): error TS1127: Invalid character.
src/lib/hooks/useVoiceFlow.ts(225,13): error TS1127: Invalid character.
src/lib/hooks/useVoiceFlow.ts(225,14): error TS1127: Invalid character.
src/lib/hooks/useVoiceFlow.ts(225,15): error TS1127: Invalid character.
src/lib/hooks/useVoiceFlow.ts(225,16): error TS1127: Invalid character.
src/lib/hooks/useVoiceFlow.ts(225,17): error TS1127: Invalid character.
src/lib/hooks/useVoiceFlow.ts(225,18): error TS1127: Invalid character.
src/lib/hooks/useVoiceFlow.ts(225,19): error TS1127: Invalid character.
src/lib/hooks/useVoiceFlow.ts(225,20): error TS1127: Invalid character.
src/lib/hooks/useVoiceFlow.ts(225,21): error TS1127: Invalid character.
src/lib/hooks/useVoiceFlow.ts(225,22): error TS1127: Invalid character.
src/lib/hooks/useVoiceFlow.ts(225,23): error TS1127: Invalid character.
src/lib/hooks/useVoiceFlow.ts(225,24): error TS1127: Invalid character.
src/lib/hooks/useVoiceFlow.ts(225,25): error TS1127: Invalid character.
src/lib/hooks/useVoiceFlow.ts(225,26): error TS1127: Invalid character.
src/lib/hooks/useVoiceFlow.ts(225,27): error TS1127: Invalid character.
src/lib/hooks/useVoiceFlow.ts(225,28): error TS1127: Invalid character.
src/lib/hooks/useVoiceFlow.ts(225,29): error TS1127: Invalid character.
src/lib/hooks/useVoiceFlow.ts(225,30): error TS1127: Invalid character.
src/lib/hooks/useVoiceFlow.ts(225,31): error TS1127: Invalid character.
src/lib/hooks/useVoiceFlow.ts(225,32): error TS1127: Invalid character.
src/lib/hooks/useVoiceFlow.ts(225,33): error TS1127: Invalid character.
src/lib/hooks/useVoiceFlow.ts(225,34): error TS1127: Invalid character.
src/lib/hooks/useVoiceFlow.ts(225,35): error TS1127: Invalid character.
src/lib/hooks/useVoiceFlow.ts(225,36): error TS1127: Invalid character.
src/lib/hooks/useVoiceFlow.ts(225,37): error TS1127: Invalid character.
src/lib/hooks/useVoiceFlow.ts(225,38): error TS1127: Invalid character.
src/lib/hooks/useVoiceFlow.ts(226,1): error TS1434: Unexpected keyword or identifier.
src/lib/hooks/useVoiceFlow.ts(226,7): error TS1005: ';' expected.
src/lib/hooks/useVoiceFlow.ts(226,9): error TS1434: Unexpected keyword or identifier.
src/lib/hooks/useVoiceFlow.ts(226,13): error TS1434: Unexpected keyword or identifier.
src/lib/hooks/useVoiceFlow.ts(227,1): error TS1127: Invalid character.
src/lib/hooks/useVoiceFlow.ts(227,2): error TS1127: Invalid character.
src/lib/hooks/useVoiceFlow.ts(227,3): error TS1127: Invalid character.
src/lib/hooks/useVoiceFlow.ts(227,4): error TS1127: Invalid character.
src/lib/hooks/useVoiceFlow.ts(227,5): error TS1127: Invalid character.
src/lib/hooks/useVoiceFlow.ts(227,6): error TS1127: Invalid character.
src/lib/hooks/useVoiceFlow.ts(227,7): error TS1127: Invalid character.
src/lib/hooks/useVoiceFlow.ts(227,8): error TS1127: Invalid character.
src/lib/hooks/useVoiceFlow.ts(227,9): error TS1127: Invalid character.
src/lib/hooks/useVoiceFlow.ts(227,10): error TS1127: Invalid character.
src/lib/hooks/useVoiceFlow.ts(227,11): error TS1127: Invalid character.
src/lib/hooks/useVoiceFlow.ts(227,12): error TS1127: Invalid character.
src/lib/hooks/useVoiceFlow.ts(227,13): error TS1127: Invalid character.
src/lib/hooks/useVoiceFlow.ts(227,14): error TS1127: Invalid character.
src/lib/hooks/useVoiceFlow.ts(227,15): error TS1127: Invalid character.
src/lib/hooks/useVoiceFlow.ts(227,16): error TS1127: Invalid character.
src/lib/hooks/useVoiceFlow.ts(227,17): error TS1127: Invalid character.
src/lib/hooks/useVoiceFlow.ts(227,18): error TS1127: Invalid character.
src/lib/hooks/useVoiceFlow.ts(227,19): error TS1127: Invalid character.
src/lib/hooks/useVoiceFlow.ts(227,20): error TS1127: Invalid character.
src/lib/hooks/useVoiceFlow.ts(227,21): error TS1127: Invalid character.
src/lib/hooks/useVoiceFlow.ts(227,22): error TS1127: Invalid character.
src/lib/hooks/useVoiceFlow.ts(227,23): error TS1127: Invalid character.
src/lib/hooks/useVoiceFlow.ts(227,24): error TS1127: Invalid character.
src/lib/hooks/useVoiceFlow.ts(227,25): error TS1127: Invalid character.
src/lib/hooks/useVoiceFlow.ts(227,26): error TS1127: Invalid character.
src/lib/hooks/useVoiceFlow.ts(227,27): error TS1127: Invalid character.
src/lib/hooks/useVoiceFlow.ts(227,28): error TS1127: Invalid character.
src/lib/hooks/useVoiceFlow.ts(227,29): error TS1127: Invalid character.
src/lib/hooks/useVoiceFlow.ts(227,30): error TS1127: Invalid character.
src/lib/hooks/useVoiceFlow.ts(227,31): error TS1127: Invalid character.
src/lib/hooks/useVoiceFlow.ts(227,32): error TS1127: Invalid character.
src/lib/hooks/useVoiceFlow.ts(227,33): error TS1127: Invalid character.
src/lib/hooks/useVoiceFlow.ts(227,34): error TS1127: Invalid character.
src/lib/hooks/useVoiceFlow.ts(227,35): error TS1127: Invalid character.
src/lib/hooks/useVoiceFlow.ts(227,36): error TS1127: Invalid character.
src/lib/hooks/useVoiceFlow.ts(227,37): error TS1127: Invalid character.
src/lib/hooks/useVoiceFlow.ts(227,38): error TS1127: Invalid character.
src/lib/hooks/useVoiceFlow.ts(229,1): error TS1434: Unexpected keyword or identifier.
src/lib/hooks/useVoiceFlow.ts(229,5): error TS1434: Unexpected keyword or identifier.
src/lib/hooks/useVoiceFlow.ts(229,10): error TS1434: Unexpected keyword or identifier.
src/lib/hooks/useVoiceFlow.ts(229,26): error TS1005: ';' expected.
src/lib/hooks/useVoiceFlow.ts(230,1): error TS1434: Unexpected keyword or identifier.
src/lib/hooks/useVoiceFlow.ts(230,11): error TS1005: ';' expected.
src/lib/hooks/useVoiceFlow.ts(232,1): error TS1434: Unexpected keyword or identifier.
src/lib/hooks/useVoiceFlow.ts(232,5): error TS1434: Unexpected keyword or identifier.
src/lib/hooks/useVoiceFlow.ts(232,9): error TS1434: Unexpected keyword or identifier.
src/lib/hooks/useVoiceFlow.ts(232,20): error TS1434: Unexpected keyword or identifier.
src/lib/hooks/useVoiceFlow.ts(232,27): error TS1434: Unexpected keyword or identifier.
src/lib/hooks/useVoiceFlow.ts(232,47): error TS1005: ';' expected.
src/lib/hooks/useVoiceFlow.ts(232,54): error TS1434: Unexpected keyword or identifier.
src/lib/hooks/useVoiceFlow.ts(235,6): error TS1434: Unexpected keyword or identifier.
src/lib/hooks/useVoiceFlow.ts(235,26): error TS1005: ';' expected.
src/lib/hooks/useVoiceFlow.ts(235,37): error TS1005: ';' expected.
src/lib/hooks/useVoiceFlow.ts(235,43): error TS1005: ';' expected.
src/lib/hooks/useVoiceFlow.ts(235,50): error TS1434: Unexpected keyword or identifier.
src/lib/hooks/useVoiceFlow.ts(235,54): error TS1434: Unexpected keyword or identifier.
src/lib/hooks/useVoiceFlow.ts(238,6): error TS1435: Unknown keyword or identifier. Did you mean 'this'?
src/lib/hooks/useVoiceFlow.ts(238,11): error TS1228: A type predicate is only allowed in return type position for functions and methods.
src/lib/hooks/useVoiceFlow.ts(238,23): error TS1127: Invalid character.
src/lib/hooks/useVoiceFlow.ts(238,25): error TS1434: Unexpected keyword or identifier.
src/lib/hooks/useVoiceFlow.ts(238,66): error TS1127: Invalid character.
src/lib/hooks/useVoiceFlow.ts(238,68): error TS1434: Unexpected keyword or identifier.
src/lib/hooks/useVoiceFlow.ts(241,6): error TS1434: Unexpected keyword or identifier.
src/lib/hooks/useVoiceFlow.ts(241,11): error TS1434: Unexpected keyword or identifier.
src/lib/hooks/useVoiceFlow.ts(241,36): error TS1005: ';' expected.
src/lib/hooks/useVoiceFlow.ts(241,83): error TS1005: ',' expected.
src/lib/hooks/useVoiceFlow.ts(241,88): error TS1005: ',' expected.
src/lib/hooks/useVoiceFlow.ts(244,6): error TS1434: Unexpected keyword or identifier.
src/lib/hooks/useVoiceFlow.ts(244,11): error TS1434: Unexpected keyword or identifier.
src/lib/hooks/useVoiceFlow.ts(244,18): error TS1434: Unexpected keyword or identifier.
src/lib/hooks/useVoiceFlow.ts(244,28): error TS1434: Unexpected keyword or identifier.
src/lib/hooks/useVoiceFlow.ts(244,33): error TS1434: Unexpected keyword or identifier.
src/lib/hooks/useVoiceFlow.ts(244,38): error TS1434: Unexpected keyword or identifier.
src/lib/hooks/useVoiceFlow.ts(244,42): error TS1434: Unexpected keyword or identifier.
src/lib/hooks/useVoiceFlow.ts(244,66): error TS1005: '{' expected.
src/lib/hooks/useVoiceFlow.ts(244,68): error TS1434: Unexpected keyword or identifier.
src/lib/hooks/useVoiceFlow.ts(244,74): error TS1434: Unexpected keyword or identifier.
src/lib/hooks/useVoiceFlow.ts(244,79): error TS1434: Unexpected keyword or identifier.
src/lib/hooks/useVoiceFlow.ts(244,90): error TS1109: Expression expected.
src/lib/hooks/useVoiceFlow.ts(244,102): error TS1005: ';' expected.
src/lib/hooks/useVoiceFlow.ts(244,110): error TS1434: Unexpected keyword or identifier.
src/lib/hooks/useVoiceFlow.ts(244,114): error TS1128: Declaration or statement expected.
src/lib/hooks/useVoiceFlow.ts(246,6): error TS1005: ';' expected.
src/lib/hooks/useVoiceFlow.ts(247,6): error TS1434: Unexpected keyword or identifier.
src/lib/hooks/useVoiceFlow.ts(247,50): error TS1005: ';' expected.
src/lib/hooks/useVoiceFlow.ts(247,54): error TS1434: Unexpected keyword or identifier.
src/lib/hooks/useVoiceFlow.ts(247,58): error TS1434: Unexpected keyword or identifier.
src/lib/hooks/useVoiceFlow.ts(247,65): error TS1434: Unexpected keyword or identifier.
src/lib/hooks/useVoiceFlow.ts(249,1): error TS1127: Invalid character.
src/lib/hooks/useVoiceFlow.ts(249,2): error TS1127: Invalid character.
src/lib/hooks/useVoiceFlow.ts(249,3): error TS1127: Invalid character.
src/lib/hooks/useVoiceFlow.ts(249,4): error TS1127: Invalid character.
src/lib/hooks/useVoiceFlow.ts(249,5): error TS1127: Invalid character.
src/lib/hooks/useVoiceFlow.ts(249,6): error TS1127: Invalid character.
src/lib/hooks/useVoiceFlow.ts(249,7): error TS1127: Invalid character.
src/lib/hooks/useVoiceFlow.ts(249,8): error TS1127: Invalid character.
src/lib/hooks/useVoiceFlow.ts(249,9): error TS1127: Invalid character.
src/lib/hooks/useVoiceFlow.ts(249,10): error TS1127: Invalid character.
src/lib/hooks/useVoiceFlow.ts(249,11): error TS1127: Invalid character.
src/lib/hooks/useVoiceFlow.ts(249,12): error TS1127: Invalid character.
src/lib/hooks/useVoiceFlow.ts(249,13): error TS1127: Invalid character.
src/lib/hooks/useVoiceFlow.ts(249,14): error TS1127: Invalid character.
src/lib/hooks/useVoiceFlow.ts(249,15): error TS1127: Invalid character.
src/lib/hooks/useVoiceFlow.ts(249,16): error TS1127: Invalid character.
src/lib/hooks/useVoiceFlow.ts(249,17): error TS1127: Invalid character.
src/lib/hooks/useVoiceFlow.ts(249,18): error TS1127: Invalid character.
src/lib/hooks/useVoiceFlow.ts(249,19): error TS1127: Invalid character.
src/lib/hooks/useVoiceFlow.ts(249,20): error TS1127: Invalid character.
src/lib/hooks/useVoiceFlow.ts(249,21): error TS1127: Invalid character.
src/lib/hooks/useVoiceFlow.ts(249,22): error TS1127: Invalid character.
src/lib/hooks/useVoiceFlow.ts(249,23): error TS1127: Invalid character.
src/lib/hooks/useVoiceFlow.ts(249,24): error TS1127: Invalid character.
src/lib/hooks/useVoiceFlow.ts(249,25): error TS1127: Invalid character.
src/lib/hooks/useVoiceFlow.ts(249,26): error TS1127: Invalid character.
src/lib/hooks/useVoiceFlow.ts(249,27): error TS1127: Invalid character.
src/lib/hooks/useVoiceFlow.ts(249,28): error TS1127: Invalid character.
src/lib/hooks/useVoiceFlow.ts(249,29): error TS1127: Invalid character.
src/lib/hooks/useVoiceFlow.ts(249,30): error TS1127: Invalid character.
src/lib/hooks/useVoiceFlow.ts(249,31): error TS1127: Invalid character.
src/lib/hooks/useVoiceFlow.ts(249,32): error TS1127: Invalid character.
src/lib/hooks/useVoiceFlow.ts(249,33): error TS1127: Invalid character.
src/lib/hooks/useVoiceFlow.ts(249,34): error TS1127: Invalid character.
src/lib/hooks/useVoiceFlow.ts(249,35): error TS1127: Invalid character.
src/lib/hooks/useVoiceFlow.ts(249,36): error TS1127: Invalid character.
src/lib/hooks/useVoiceFlow.ts(249,37): error TS1127: Invalid character.
src/lib/hooks/useVoiceFlow.ts(249,38): error TS1127: Invalid character.
src/lib/hooks/useVoiceFlow.ts(250,1): error TS1434: Unexpected keyword or identifier.
src/lib/hooks/useVoiceFlow.ts(250,7): error TS1005: ';' expected.
src/lib/hooks/useVoiceFlow.ts(250,9): error TS1434: Unexpected keyword or identifier.
src/lib/hooks/useVoiceFlow.ts(250,13): error TS1434: Unexpected keyword or identifier.
src/lib/hooks/useVoiceFlow.ts(250,17): error TS1434: Unexpected keyword or identifier.
src/lib/hooks/useVoiceFlow.ts(251,1): error TS1127: Invalid character.
src/lib/hooks/useVoiceFlow.ts(251,2): error TS1127: Invalid character.
src/lib/hooks/useVoiceFlow.ts(251,3): error TS1127: Invalid character.
src/lib/hooks/useVoiceFlow.ts(251,4): error TS1127: Invalid character.
src/lib/hooks/useVoiceFlow.ts(251,5): error TS1127: Invalid character.
src/lib/hooks/useVoiceFlow.ts(251,6): error TS1127: Invalid character.
src/lib/hooks/useVoiceFlow.ts(251,7): error TS1127: Invalid character.
src/lib/hooks/useVoiceFlow.ts(251,8): error TS1127: Invalid character.
src/lib/hooks/useVoiceFlow.ts(251,9): error TS1127: Invalid character.
src/lib/hooks/useVoiceFlow.ts(251,10): error TS1127: Invalid character.
src/lib/hooks/useVoiceFlow.ts(251,11): error TS1127: Invalid character.
src/lib/hooks/useVoiceFlow.ts(251,12): error TS1127: Invalid character.
src/lib/hooks/useVoiceFlow.ts(251,13): error TS1127: Invalid character.
src/lib/hooks/useVoiceFlow.ts(251,14): error TS1127: Invalid character.
src/lib/hooks/useVoiceFlow.ts(251,15): error TS1127: Invalid character.
src/lib/hooks/useVoiceFlow.ts(251,16): error TS1127: Invalid character.
src/lib/hooks/useVoiceFlow.ts(251,17): error TS1127: Invalid character.
src/lib/hooks/useVoiceFlow.ts(251,18): error TS1127: Invalid character.
src/lib/hooks/useVoiceFlow.ts(251,19): error TS1127: Invalid character.
src/lib/hooks/useVoiceFlow.ts(251,20): error TS1127: Invalid character.
src/lib/hooks/useVoiceFlow.ts(251,21): error TS1127: Invalid character.
src/lib/hooks/useVoiceFlow.ts(251,22): error TS1127: Invalid character.
src/lib/hooks/useVoiceFlow.ts(251,23): error TS1127: Invalid character.
src/lib/hooks/useVoiceFlow.ts(251,24): error TS1127: Invalid character.
src/lib/hooks/useVoiceFlow.ts(251,25): error TS1127: Invalid character.
src/lib/hooks/useVoiceFlow.ts(251,26): error TS1127: Invalid character.
src/lib/hooks/useVoiceFlow.ts(251,27): error TS1127: Invalid character.
src/lib/hooks/useVoiceFlow.ts(251,28): error TS1127: Invalid character.
src/lib/hooks/useVoiceFlow.ts(251,29): error TS1127: Invalid character.
src/lib/hooks/useVoiceFlow.ts(251,30): error TS1127: Invalid character.
src/lib/hooks/useVoiceFlow.ts(251,31): error TS1127: Invalid character.
src/lib/hooks/useVoiceFlow.ts(251,32): error TS1127: Invalid character.
src/lib/hooks/useVoiceFlow.ts(251,33): error TS1127: Invalid character.
src/lib/hooks/useVoiceFlow.ts(251,34): error TS1127: Invalid character.
src/lib/hooks/useVoiceFlow.ts(251,35): error TS1127: Invalid character.
src/lib/hooks/useVoiceFlow.ts(251,36): error TS1127: Invalid character.
src/lib/hooks/useVoiceFlow.ts(251,37): error TS1127: Invalid character.
src/lib/hooks/useVoiceFlow.ts(251,38): error TS1127: Invalid character.
src/lib/hooks/useVoiceFlow.ts(253,1): error TS1435: Unknown keyword or identifier. Did you mean 'from'?
src/lib/hooks/useVoiceFlow.ts(253,6): error TS1434: Unexpected keyword or identifier.
src/lib/hooks/useVoiceFlow.ts(253,10): error TS1434: Unexpected keyword or identifier.
src/lib/hooks/useVoiceFlow.ts(253,28): error TS1005: ';' expected.
src/lib/hooks/useVoiceFlow.ts(254,1): error TS1434: Unexpected keyword or identifier.
src/lib/hooks/useVoiceFlow.ts(254,5): error TS1434: Unexpected keyword or identifier.
src/lib/hooks/useVoiceFlow.ts(256,1): error TS1434: Unexpected keyword or identifier.
src/lib/hooks/useVoiceFlow.ts(258,1): error TS1434: Unexpected keyword or identifier.
src/lib/hooks/useVoiceFlow.ts(259,4): error TS1005: ';' expected.
src/lib/hooks/useVoiceFlow.ts(259,12): error TS1434: Unexpected keyword or identifier.
src/lib/hooks/useVoiceFlow.ts(259,18): error TS1434: Unexpected keyword or identifier.
src/lib/hooks/useVoiceFlow.ts(260,4): error TS1005: ';' expected.
src/lib/hooks/useVoiceFlow.ts(260,11): error TS1434: Unexpected keyword or identifier.
src/lib/hooks/useVoiceFlow.ts(260,27): error TS1434: Unexpected keyword or identifier.
src/lib/hooks/useVoiceFlow.ts(260,48): error TS1005: ';' expected.
src/lib/hooks/useVoiceFlow.ts(260,64): error TS1005: ';' expected.
src/lib/hooks/useVoiceFlow.ts(261,4): error TS1005: ';' expected.
src/lib/hooks/useVoiceFlow.ts(261,12): error TS1005: ';' expected.
src/lib/hooks/useVoiceFlow.ts(261,21): error TS1434: Unexpected keyword or identifier.
src/lib/hooks/useVoiceFlow.ts(262,4): error TS1005: ';' expected.
src/lib/hooks/useVoiceFlow.ts(262,12): error TS1434: Unexpected keyword or identifier.
src/lib/hooks/useVoiceFlow.ts(262,18): error TS1434: Unexpected keyword or identifier.
src/lib/hooks/useVoiceFlow.ts(262,30): error TS1434: Unexpected keyword or identifier.
src/lib/hooks/useVoiceFlow.ts(263,4): error TS1005: ';' expected.
src/lib/hooks/useVoiceFlow.ts(263,16): error TS1434: Unexpected keyword or identifier.
src/lib/hooks/useVoiceFlow.ts(263,38): error TS1434: Unexpected keyword or identifier.
src/lib/hooks/useVoiceFlow.ts(263,46): error TS1434: Unexpected keyword or identifier.
src/lib/hooks/useVoiceFlow.ts(263,54): error TS1434: Unexpected keyword or identifier.
src/lib/hooks/useVoiceFlow.ts(263,63): error TS1434: Unexpected keyword or identifier.
src/lib/hooks/useVoiceFlow.ts(263,68): error TS1434: Unexpected keyword or identifier.
src/lib/hooks/useVoiceFlow.ts(264,4): error TS1005: ';' expected.
src/lib/hooks/useVoiceFlow.ts(264,35): error TS1127: Invalid character.
src/lib/hooks/useVoiceFlow.ts(265,4): error TS1005: ';' expected.
src/lib/hooks/useVoiceFlow.ts(265,22): error TS1127: Invalid character.
src/lib/hooks/useVoiceFlow.ts(265,56): error TS1005: ',' expected.
src/lib/hooks/useVoiceFlow.ts(265,62): error TS1005: ';' expected.
src/lib/hooks/useVoiceFlow.ts(266,4): error TS1005: ';' expected.
src/lib/hooks/useVoiceFlow.ts(266,13): error TS1434: Unexpected keyword or identifier.
src/lib/hooks/useVoiceFlow.ts(266,21): error TS1434: Unexpected keyword or identifier.
src/lib/hooks/useVoiceFlow.ts(266,27): error TS1434: Unexpected keyword or identifier.
src/lib/hooks/useVoiceFlow.ts(266,32): error TS1434: Unexpected keyword or identifier.
src/lib/hooks/useVoiceFlow.ts(266,39): error TS1434: Unexpected keyword or identifier.
src/lib/hooks/useVoiceFlow.ts(267,4): error TS1005: ';' expected.
src/lib/hooks/useVoiceFlow.ts(267,10): error TS1434: Unexpected keyword or identifier.
src/lib/hooks/useVoiceFlow.ts(267,46): error TS1127: Invalid character.
src/lib/hooks/useVoiceFlow.ts(267,69): error TS1005: ';' expected.
src/lib/hooks/useVoiceFlow.ts(269,1): error TS1127: Invalid character.
src/lib/hooks/useVoiceFlow.ts(269,2): error TS1127: Invalid character.
src/lib/hooks/useVoiceFlow.ts(269,3): error TS1127: Invalid character.
src/lib/hooks/useVoiceFlow.ts(269,4): error TS1127: Invalid character.
src/lib/hooks/useVoiceFlow.ts(269,5): error TS1127: Invalid character.
src/lib/hooks/useVoiceFlow.ts(269,6): error TS1127: Invalid character.
src/lib/hooks/useVoiceFlow.ts(269,7): error TS1127: Invalid character.
src/lib/hooks/useVoiceFlow.ts(269,8): error TS1127: Invalid character.
src/lib/hooks/useVoiceFlow.ts(269,9): error TS1127: Invalid character.
src/lib/hooks/useVoiceFlow.ts(269,10): error TS1127: Invalid character.
src/lib/hooks/useVoiceFlow.ts(269,11): error TS1127: Invalid character.
src/lib/hooks/useVoiceFlow.ts(269,12): error TS1127: Invalid character.
src/lib/hooks/useVoiceFlow.ts(269,13): error TS1127: Invalid character.
src/lib/hooks/useVoiceFlow.ts(269,14): error TS1127: Invalid character.
src/lib/hooks/useVoiceFlow.ts(269,15): error TS1127: Invalid character.
src/lib/hooks/useVoiceFlow.ts(269,16): error TS1127: Invalid character.
src/lib/hooks/useVoiceFlow.ts(269,17): error TS1127: Invalid character.
src/lib/hooks/useVoiceFlow.ts(269,18): error TS1127: Invalid character.
src/lib/hooks/useVoiceFlow.ts(269,19): error TS1127: Invalid character.
src/lib/hooks/useVoiceFlow.ts(269,20): error TS1127: Invalid character.
src/lib/hooks/useVoiceFlow.ts(269,21): error TS1127: Invalid character.
src/lib/hooks/useVoiceFlow.ts(269,22): error TS1127: Invalid character.
src/lib/hooks/useVoiceFlow.ts(269,23): error TS1127: Invalid character.
src/lib/hooks/useVoiceFlow.ts(269,24): error TS1127: Invalid character.
src/lib/hooks/useVoiceFlow.ts(269,25): error TS1127: Invalid character.
src/lib/hooks/useVoiceFlow.ts(269,26): error TS1127: Invalid character.
src/lib/hooks/useVoiceFlow.ts(269,27): error TS1127: Invalid character.
src/lib/hooks/useVoiceFlow.ts(269,28): error TS1127: Invalid character.
src/lib/hooks/useVoiceFlow.ts(269,29): error TS1127: Invalid character.
src/lib/hooks/useVoiceFlow.ts(269,30): error TS1127: Invalid character.
src/lib/hooks/useVoiceFlow.ts(269,31): error TS1127: Invalid character.
src/lib/hooks/useVoiceFlow.ts(269,32): error TS1127: Invalid character.
src/lib/hooks/useVoiceFlow.ts(269,33): error TS1127: Invalid character.
src/lib/hooks/useVoiceFlow.ts(269,34): error TS1127: Invalid character.
src/lib/hooks/useVoiceFlow.ts(269,35): error TS1127: Invalid character.
src/lib/hooks/useVoiceFlow.ts(269,36): error TS1127: Invalid character.
src/lib/hooks/useVoiceFlow.ts(269,37): error TS1127: Invalid character.
src/lib/hooks/useVoiceFlow.ts(269,38): error TS1127: Invalid character.
src/lib/hooks/useVoiceFlow.ts(270,1): error TS1434: Unexpected keyword or identifier.
src/lib/hooks/useVoiceFlow.ts(270,7): error TS1005: ';' expected.
src/lib/hooks/useVoiceFlow.ts(270,9): error TS1434: Unexpected keyword or identifier.
src/lib/hooks/useVoiceFlow.ts(270,16): error TS1434: Unexpected keyword or identifier.
src/lib/hooks/useVoiceFlow.ts(271,1): error TS1127: Invalid character.
src/lib/hooks/useVoiceFlow.ts(271,2): error TS1127: Invalid character.
src/lib/hooks/useVoiceFlow.ts(271,3): error TS1127: Invalid character.
src/lib/hooks/useVoiceFlow.ts(271,4): error TS1127: Invalid character.
src/lib/hooks/useVoiceFlow.ts(271,5): error TS1127: Invalid character.
src/lib/hooks/useVoiceFlow.ts(271,6): error TS1127: Invalid character.
src/lib/hooks/useVoiceFlow.ts(271,7): error TS1127: Invalid character.
src/lib/hooks/useVoiceFlow.ts(271,8): error TS1127: Invalid character.
src/lib/hooks/useVoiceFlow.ts(271,9): error TS1127: Invalid character.
src/lib/hooks/useVoiceFlow.ts(271,10): error TS1127: Invalid character.
src/lib/hooks/useVoiceFlow.ts(271,11): error TS1127: Invalid character.
src/lib/hooks/useVoiceFlow.ts(271,12): error TS1127: Invalid character.
src/lib/hooks/useVoiceFlow.ts(271,13): error TS1127: Invalid character.
src/lib/hooks/useVoiceFlow.ts(271,14): error TS1127: Invalid character.
src/lib/hooks/useVoiceFlow.ts(271,15): error TS1127: Invalid character.
src/lib/hooks/useVoiceFlow.ts(271,16): error TS1127: Invalid character.
src/lib/hooks/useVoiceFlow.ts(271,17): error TS1127: Invalid character.
src/lib/hooks/useVoiceFlow.ts(271,18): error TS1127: Invalid character.
src/lib/hooks/useVoiceFlow.ts(271,19): error TS1127: Invalid character.
src/lib/hooks/useVoiceFlow.ts(271,20): error TS1127: Invalid character.
src/lib/hooks/useVoiceFlow.ts(271,21): error TS1127: Invalid character.
src/lib/hooks/useVoiceFlow.ts(271,22): error TS1127: Invalid character.
src/lib/hooks/useVoiceFlow.ts(271,23): error TS1127: Invalid character.
src/lib/hooks/useVoiceFlow.ts(271,24): error TS1127: Invalid character.
src/lib/hooks/useVoiceFlow.ts(271,25): error TS1127: Invalid character.
src/lib/hooks/useVoiceFlow.ts(271,26): error TS1127: Invalid character.
src/lib/hooks/useVoiceFlow.ts(271,27): error TS1127: Invalid character.
src/lib/hooks/useVoiceFlow.ts(271,28): error TS1127: Invalid character.
src/lib/hooks/useVoiceFlow.ts(271,29): error TS1127: Invalid character.
src/lib/hooks/useVoiceFlow.ts(271,30): error TS1127: Invalid character.
src/lib/hooks/useVoiceFlow.ts(271,31): error TS1127: Invalid character.
src/lib/hooks/useVoiceFlow.ts(271,32): error TS1127: Invalid character.
src/lib/hooks/useVoiceFlow.ts(271,33): error TS1127: Invalid character.
src/lib/hooks/useVoiceFlow.ts(271,34): error TS1127: Invalid character.
src/lib/hooks/useVoiceFlow.ts(271,35): error TS1127: Invalid character.
src/lib/hooks/useVoiceFlow.ts(271,36): error TS1127: Invalid character.
src/lib/hooks/useVoiceFlow.ts(271,37): error TS1127: Invalid character.
src/lib/hooks/useVoiceFlow.ts(271,38): error TS1127: Invalid character.
src/lib/hooks/useVoiceFlow.ts(273,1): error TS1434: Unexpected keyword or identifier.
src/lib/hooks/useVoiceFlow.ts(273,6): error TS1434: Unexpected keyword or identifier.
src/lib/hooks/useVoiceFlow.ts(273,22): error TS1127: Invalid character.
src/lib/hooks/useVoiceFlow.ts(273,24): error TS1434: Unexpected keyword or identifier.
src/lib/hooks/useVoiceFlow.ts(273,31): error TS1434: Unexpected keyword or identifier.
src/lib/hooks/useVoiceFlow.ts(273,46): error TS1127: Invalid character.
src/lib/hooks/useVoiceFlow.ts(273,48): error TS1434: Unexpected keyword or identifier.
src/lib/hooks/useVoiceFlow.ts(273,76): error TS1005: ';' expected.
src/lib/hooks/useVoiceFlow.ts(274,7): error TS1005: ';' expected.
src/lib/hooks/useVoiceFlow.ts(275,11): error TS1005: ';' expected.
src/lib/hooks/useVoiceFlow.ts(275,16): error TS1434: Unexpected keyword or identifier.
src/lib/hooks/useVoiceFlow.ts(275,33): error TS1005: ',' expected.
src/lib/hooks/useVoiceFlow.ts(275,44): error TS1005: ',' expected.
src/lib/hooks/useVoiceFlow.ts(276,7): error TS1005: ';' expected.
src/lib/hooks/useVoiceFlow.ts(276,12): error TS1228: A type predicate is only allowed in return type position for functions and methods.
src/lib/hooks/useVoiceFlow.ts(276,15): error TS1434: Unexpected keyword or identifier.
src/lib/hooks/useVoiceFlow.ts(276,24): error TS1434: Unexpected keyword or identifier.
src/lib/hooks/useVoiceFlow.ts(276,29): error TS1005: ';' expected.
src/lib/hooks/useVoiceFlow.ts(276,29): error TS1351: An identifier or keyword cannot immediately follow a numeric literal.
src/lib/hooks/useVoiceFlow.ts(277,11): error TS1005: ';' expected.
src/lib/hooks/useVoiceFlow.ts(277,15): error TS1434: Unexpected keyword or identifier.
src/lib/hooks/useVoiceFlow.ts(277,18): error TS1435: Unknown keyword or identifier. Did you mean 'let'?
src/lib/hooks/useVoiceFlow.ts(277,26): error TS1005: ';' expected.
src/lib/hooks/useVoiceFlow.ts(277,26): error TS1351: An identifier or keyword cannot immediately follow a numeric literal.
src/lib/hooks/useVoiceFlow.ts(278,7): error TS1005: ';' expected.
src/lib/hooks/useVoiceFlow.ts(278,10): error TS1434: Unexpected keyword or identifier.
src/lib/hooks/useVoiceFlow.ts(278,17): error TS1434: Unexpected keyword or identifier.
src/lib/hooks/useVoiceFlow.ts(278,43): error TS1005: ';' expected.
src/lib/hooks/useVoiceFlow.ts(279,14): error TS1005: ';' expected.
src/lib/hooks/useVoiceFlow.ts(279,19): error TS1434: Unexpected keyword or identifier.
src/lib/hooks/useVoiceFlow.ts(279,57): error TS1003: Identifier expected.
src/lib/hooks/useVoiceFlow.ts(280,7): error TS1005: ';' expected.
src/lib/hooks/useVoiceFlow.ts(280,14): error TS1434: Unexpected keyword or identifier.
src/lib/hooks/useVoiceFlow.ts(280,23): error TS1434: Unexpected keyword or identifier.
src/lib/hooks/useVoiceFlow.ts(280,28): error TS1434: Unexpected keyword or identifier.
src/lib/hooks/useVoiceFlow.ts(280,33): error TS1434: Unexpected keyword or identifier.
src/lib/hooks/useVoiceFlow.ts(280,41): error TS1434: Unexpected keyword or identifier.
src/lib/hooks/useVoiceFlow.ts(281,9): error TS1005: ';' expected.
src/lib/hooks/useVoiceFlow.ts(281,19): error TS1434: Unexpected keyword or identifier.
src/lib/hooks/useVoiceFlow.ts(283,1): error TS1127: Invalid character.
src/lib/hooks/useVoiceFlow.ts(283,2): error TS1127: Invalid character.
src/lib/hooks/useVoiceFlow.ts(283,3): error TS1127: Invalid character.
src/lib/hooks/useVoiceFlow.ts(283,4): error TS1127: Invalid character.
src/lib/hooks/useVoiceFlow.ts(283,5): error TS1127: Invalid character.
src/lib/hooks/useVoiceFlow.ts(283,6): error TS1127: Invalid character.
src/lib/hooks/useVoiceFlow.ts(283,7): error TS1127: Invalid character.
src/lib/hooks/useVoiceFlow.ts(283,8): error TS1127: Invalid character.
src/lib/hooks/useVoiceFlow.ts(283,9): error TS1127: Invalid character.
src/lib/hooks/useVoiceFlow.ts(283,10): error TS1127: Invalid character.
src/lib/hooks/useVoiceFlow.ts(283,11): error TS1127: Invalid character.
src/lib/hooks/useVoiceFlow.ts(283,12): error TS1127: Invalid character.
src/lib/hooks/useVoiceFlow.ts(283,13): error TS1127: Invalid character.
src/lib/hooks/useVoiceFlow.ts(283,14): error TS1127: Invalid character.
src/lib/hooks/useVoiceFlow.ts(283,15): error TS1127: Invalid character.
src/lib/hooks/useVoiceFlow.ts(283,16): error TS1127: Invalid character.
src/lib/hooks/useVoiceFlow.ts(283,17): error TS1127: Invalid character.
src/lib/hooks/useVoiceFlow.ts(283,18): error TS1127: Invalid character.
src/lib/hooks/useVoiceFlow.ts(283,19): error TS1127: Invalid character.
src/lib/hooks/useVoiceFlow.ts(283,20): error TS1127: Invalid character.
src/lib/hooks/useVoiceFlow.ts(283,21): error TS1127: Invalid character.
src/lib/hooks/useVoiceFlow.ts(283,22): error TS1127: Invalid character.
src/lib/hooks/useVoiceFlow.ts(283,23): error TS1127: Invalid character.
src/lib/hooks/useVoiceFlow.ts(283,24): error TS1127: Invalid character.
src/lib/hooks/useVoiceFlow.ts(283,25): error TS1127: Invalid character.
src/lib/hooks/useVoiceFlow.ts(283,26): error TS1127: Invalid character.
src/lib/hooks/useVoiceFlow.ts(283,27): error TS1127: Invalid character.
src/lib/hooks/useVoiceFlow.ts(283,28): error TS1127: Invalid character.
src/lib/hooks/useVoiceFlow.ts(283,29): error TS1127: Invalid character.
src/lib/hooks/useVoiceFlow.ts(283,30): error TS1127: Invalid character.
src/lib/hooks/useVoiceFlow.ts(283,31): error TS1127: Invalid character.
src/lib/hooks/useVoiceFlow.ts(283,32): error TS1127: Invalid character.
src/lib/hooks/useVoiceFlow.ts(283,33): error TS1127: Invalid character.
src/lib/hooks/useVoiceFlow.ts(283,34): error TS1127: Invalid character.
src/lib/hooks/useVoiceFlow.ts(283,35): error TS1127: Invalid character.
src/lib/hooks/useVoiceFlow.ts(283,36): error TS1127: Invalid character.
src/lib/hooks/useVoiceFlow.ts(283,37): error TS1127: Invalid character.
src/lib/hooks/useVoiceFlow.ts(283,38): error TS1127: Invalid character.
src/lib/hooks/useVoiceFlow.ts(284,1): error TS1434: Unexpected keyword or identifier.
src/lib/hooks/useVoiceFlow.ts(284,7): error TS1005: ';' expected.
src/lib/hooks/useVoiceFlow.ts(284,9): error TS1434: Unexpected keyword or identifier.
src/lib/hooks/useVoiceFlow.ts(284,16): error TS1434: Unexpected keyword or identifier.
src/lib/hooks/useVoiceFlow.ts(285,1): error TS1127: Invalid character.
src/lib/hooks/useVoiceFlow.ts(285,2): error TS1127: Invalid character.
src/lib/hooks/useVoiceFlow.ts(285,3): error TS1127: Invalid character.
src/lib/hooks/useVoiceFlow.ts(285,4): error TS1127: Invalid character.
src/lib/hooks/useVoiceFlow.ts(285,5): error TS1127: Invalid character.
src/lib/hooks/useVoiceFlow.ts(285,6): error TS1127: Invalid character.
src/lib/hooks/useVoiceFlow.ts(285,7): error TS1127: Invalid character.
src/lib/hooks/useVoiceFlow.ts(285,8): error TS1127: Invalid character.
src/lib/hooks/useVoiceFlow.ts(285,9): error TS1127: Invalid character.
src/lib/hooks/useVoiceFlow.ts(285,10): error TS1127: Invalid character.
src/lib/hooks/useVoiceFlow.ts(285,11): error TS1127: Invalid character.
src/lib/hooks/useVoiceFlow.ts(285,12): error TS1127: Invalid character.
src/lib/hooks/useVoiceFlow.ts(285,13): error TS1127: Invalid character.
src/lib/hooks/useVoiceFlow.ts(285,14): error TS1127: Invalid character.
src/lib/hooks/useVoiceFlow.ts(285,15): error TS1127: Invalid character.
src/lib/hooks/useVoiceFlow.ts(285,16): error TS1127: Invalid character.
src/lib/hooks/useVoiceFlow.ts(285,17): error TS1127: Invalid character.
src/lib/hooks/useVoiceFlow.ts(285,18): error TS1127: Invalid character.
src/lib/hooks/useVoiceFlow.ts(285,19): error TS1127: Invalid character.
src/lib/hooks/useVoiceFlow.ts(285,20): error TS1127: Invalid character.
src/lib/hooks/useVoiceFlow.ts(285,21): error TS1127: Invalid character.
src/lib/hooks/useVoiceFlow.ts(285,22): error TS1127: Invalid character.
src/lib/hooks/useVoiceFlow.ts(285,23): error TS1127: Invalid character.
src/lib/hooks/useVoiceFlow.ts(285,24): error TS1127: Invalid character.
src/lib/hooks/useVoiceFlow.ts(285,25): error TS1127: Invalid character.
src/lib/hooks/useVoiceFlow.ts(285,26): error TS1127: Invalid character.
src/lib/hooks/useVoiceFlow.ts(285,27): error TS1127: Invalid character.
src/lib/hooks/useVoiceFlow.ts(285,28): error TS1127: Invalid character.
src/lib/hooks/useVoiceFlow.ts(285,29): error TS1127: Invalid character.
src/lib/hooks/useVoiceFlow.ts(285,30): error TS1127: Invalid character.
src/lib/hooks/useVoiceFlow.ts(285,31): error TS1127: Invalid character.
src/lib/hooks/useVoiceFlow.ts(285,32): error TS1127: Invalid character.
src/lib/hooks/useVoiceFlow.ts(285,33): error TS1127: Invalid character.
src/lib/hooks/useVoiceFlow.ts(285,34): error TS1127: Invalid character.
src/lib/hooks/useVoiceFlow.ts(285,35): error TS1127: Invalid character.
src/lib/hooks/useVoiceFlow.ts(285,36): error TS1127: Invalid character.
src/lib/hooks/useVoiceFlow.ts(285,37): error TS1127: Invalid character.
src/lib/hooks/useVoiceFlow.ts(285,38): error TS1127: Invalid character.
src/lib/hooks/useVoiceFlow.ts(287,43): error TS1005: ';' expected.
src/lib/hooks/useVoiceFlow.ts(288,30): error TS1005: ';' expected.
src/lib/hooks/useVoiceFlow.ts(288,49): error TS1005: ';' expected.
src/lib/hooks/useVoiceFlow.ts(288,62): error TS1005: '(' expected.
src/lib/hooks/useVoiceFlow.ts(288,76): error TS1005: ')' expected.
src/lib/hooks/useVoiceFlow.ts(290,6): error TS1005: ';' expected.
src/lib/hooks/useVoiceFlow.ts(290,8): error TS1434: Unexpected keyword or identifier.
src/lib/hooks/useVoiceFlow.ts(290,20): error TS1434: Unexpected keyword or identifier.
src/lib/hooks/useVoiceFlow.ts(291,6): error TS1434: Unexpected keyword or identifier.
src/lib/hooks/useVoiceFlow.ts(291,13): error TS1435: Unknown keyword or identifier. Did you mean 'require'?
src/lib/hooks/useVoiceFlow.ts(291,22): error TS1434: Unexpected keyword or identifier.
src/lib/hooks/useVoiceFlow.ts(291,32): error TS1005: '(' expected.
src/lib/hooks/useVoiceFlow.ts(291,44): error TS1005: ';' expected.
src/lib/hooks/useVoiceFlow.ts(291,51): error TS1005: ';' expected.
src/lib/hooks/useVoiceFlow.ts(291,54): error TS1005: ')' expected.
src/lib/hooks/useVoiceFlow.ts(291,64): error TS1003: Identifier expected.
src/lib/hooks/useVoiceFlow.ts(292,6): error TS1434: Unexpected keyword or identifier.
src/lib/hooks/useVoiceFlow.ts(292,9): error TS1434: Unexpected keyword or identifier.
src/lib/hooks/useVoiceFlow.ts(292,24): error TS1434: Unexpected keyword or identifier.
src/lib/hooks/useVoiceFlow.ts(292,28): error TS1434: Unexpected keyword or identifier.
src/lib/hooks/useVoiceFlow.ts(292,46): error TS1005: ';' expected.
src/lib/hooks/useVoiceFlow.ts(292,72): error TS1005: ';' expected.
src/lib/hooks/useVoiceFlow.ts(292,81): error TS1003: Identifier expected.
src/lib/hooks/useVoiceFlow.ts(293,6): error TS1435: Unknown keyword or identifier. Did you mean 'set'?
src/lib/hooks/useVoiceFlow.ts(293,10): error TS1434: Unexpected keyword or identifier.
src/lib/hooks/useVoiceFlow.ts(293,12): error TS1434: Unexpected keyword or identifier.
src/lib/hooks/useVoiceFlow.ts(293,27): error TS1434: Unexpected keyword or identifier.
src/lib/hooks/useVoiceFlow.ts(293,57): error TS1005: ';' expected.
src/lib/hooks/useVoiceFlow.ts(293,78): error TS1003: Identifier expected.
src/lib/hooks/useVoiceFlow.ts(294,6): error TS1435: Unknown keyword or identifier. Did you mean 'this'?
src/lib/hooks/useVoiceFlow.ts(294,11): error TS1434: Unexpected keyword or identifier.
src/lib/hooks/useVoiceFlow.ts(294,16): error TS1434: Unexpected keyword or identifier.
src/lib/hooks/useVoiceFlow.ts(294,21): error TS1434: Unexpected keyword or identifier.
src/lib/hooks/useVoiceFlow.ts(294,25): error TS1434: Unexpected keyword or identifier.
src/lib/hooks/useVoiceFlow.ts(294,35): error TS1434: Unexpected keyword or identifier.
src/lib/hooks/useVoiceFlow.ts(294,72): error TS1127: Invalid character.
src/lib/hooks/useVoiceFlow.ts(296,6): error TS1005: ';' expected.
src/lib/hooks/useVoiceFlow.ts(296,8): error TS1434: Unexpected keyword or identifier.
src/lib/hooks/useVoiceFlow.ts(296,13): error TS1434: Unexpected keyword or identifier.
src/lib/hooks/useVoiceFlow.ts(296,18): error TS1434: Unexpected keyword or identifier.
src/lib/hooks/useVoiceFlow.ts(296,22): error TS1434: Unexpected keyword or identifier.
src/lib/hooks/useVoiceFlow.ts(296,30): error TS1434: Unexpected keyword or identifier.
src/lib/hooks/useVoiceFlow.ts(297,6): error TS1434: Unexpected keyword or identifier.
src/lib/hooks/useVoiceFlow.ts(297,11): error TS1434: Unexpected keyword or identifier.
src/lib/hooks/useVoiceFlow.ts(297,27): error TS1005: ';' expected.
src/lib/hooks/useVoiceFlow.ts(297,71): error TS1005: ';' expected.
src/lib/hooks/useVoiceFlow.ts(297,78): error TS1005: ';' expected.
src/lib/hooks/useVoiceFlow.ts(299,6): error TS1005: ';' expected.
src/lib/hooks/useVoiceFlow.ts(299,24): error TS1005: ';' expected.
src/lib/hooks/useVoiceFlow.ts(300,6): error TS1434: Unexpected keyword or identifier.
src/lib/hooks/useVoiceFlow.ts(300,12): error TS1434: Unexpected keyword or identifier.
src/lib/hooks/useVoiceFlow.ts(300,16): error TS1434: Unexpected keyword or identifier.
src/lib/hooks/useVoiceFlow.ts(300,38): error TS1136: Property assignment expected.
src/lib/hooks/useVoiceFlow.ts(300,64): error TS1128: Declaration or statement expected.
src/lib/hooks/useVoiceFlow.ts(301,6): error TS1435: Unknown keyword or identifier. Did you mean 'this'?
src/lib/hooks/useVoiceFlow.ts(301,11): error TS1228: A type predicate is only allowed in return type position for functions and methods.
src/lib/hooks/useVoiceFlow.ts(301,14): error TS1434: Unexpected keyword or identifier.
src/lib/hooks/useVoiceFlow.ts(301,52): error TS1005: ';' expected.
src/lib/hooks/useVoiceFlow.ts(301,56): error TS1434: Unexpected keyword or identifier.
src/lib/hooks/useVoiceFlow.ts(301,66): error TS1434: Unexpected keyword or identifier.
src/lib/hooks/useVoiceFlow.ts(303,6): error TS1005: ';' expected.
src/lib/hooks/useVoiceFlow.ts(303,8): error TS1434: Unexpected keyword or identifier.
src/lib/hooks/useVoiceFlow.ts(303,28): error TS1434: Unexpected keyword or identifier.
src/lib/hooks/useVoiceFlow.ts(303,44): error TS1002: Unterminated string literal.
src/lib/hooks/useVoiceFlow.ts(304,6): error TS1434: Unexpected keyword or identifier.
src/lib/hooks/useVoiceFlow.ts(304,25): error TS1005: ';' expected.
src/lib/hooks/useVoiceFlow.ts(304,29): error TS1434: Unexpected keyword or identifier.
src/lib/hooks/useVoiceFlow.ts(304,42): error TS1005: ';' expected.
src/lib/hooks/useVoiceFlow.ts(304,51): error TS1434: Unexpected keyword or identifier.
src/lib/hooks/useVoiceFlow.ts(304,74): error TS1005: ';' expected.
src/lib/hooks/useVoiceFlow.ts(304,102): error TS1003: Identifier expected.
src/lib/hooks/useVoiceFlow.ts(306,1): error TS1435: Unknown keyword or identifier. Did you mean 'finally'?
src/lib/hooks/useVoiceFlow.ts(306,17): error TS1127: Invalid character.
src/lib/hooks/useVoiceFlow.ts(306,19): error TS1434: Unexpected keyword or identifier.
src/lib/hooks/useVoiceFlow.ts(306,27): error TS1434: Unexpected keyword or identifier.
src/lib/hooks/useVoiceFlow.ts(306,31): error TS1434: Unexpected keyword or identifier.
src/lib/hooks/useVoiceFlow.ts(306,34): error TS1434: Unexpected keyword or identifier.
src/lib/hooks/useVoiceFlow.ts(306,40): error TS1434: Unexpected keyword or identifier.
src/lib/hooks/useVoiceFlow.ts(306,47): error TS1434: Unexpected keyword or identifier.
src/lib/hooks/useVoiceFlow.ts(306,63): error TS1005: ';' expected.
src/lib/hooks/useVoiceFlow.ts(307,1): error TS1127: Invalid character.
src/lib/hooks/useVoiceFlow.ts(307,3): error TS1434: Unexpected keyword or identifier.
src/lib/hooks/useVoiceFlow.ts(307,7): error TS1434: Unexpected keyword or identifier.
src/lib/hooks/useVoiceFlow.ts(307,11): error TS1434: Unexpected keyword or identifier.
src/lib/hooks/useVoiceFlow.ts(307,15): error TS1434: Unexpected keyword or identifier.
src/lib/hooks/useVoiceFlow.ts(307,22): error TS1435: Unknown keyword or identifier. Did you mean 'with out'?
src/lib/hooks/useVoiceFlow.ts(308,1): error TS1127: Invalid character.
src/lib/hooks/useVoiceFlow.ts(309,1): error TS1127: Invalid character.
src/lib/hooks/useVoiceFlow.ts(309,3): error TS1434: Unexpected keyword or identifier.
src/lib/hooks/useVoiceFlow.ts(309,10): error TS1434: Unexpected keyword or identifier.
src/lib/hooks/useVoiceFlow.ts(309,17): error TS1434: Unexpected keyword or identifier.
src/lib/hooks/useVoiceFlow.ts(309,30): error TS1005: '(' expected.
src/lib/hooks/useVoiceFlow.ts(309,38): error TS1005: ')' expected.
src/lib/hooks/useVoiceFlow.ts(310,1): error TS1127: Invalid character.
src/lib/hooks/useVoiceFlow.ts(310,3): error TS1434: Unexpected keyword or identifier.
src/lib/hooks/useVoiceFlow.ts(310,12): error TS1434: Unexpected keyword or identifier.
src/lib/hooks/useVoiceFlow.ts(310,25): error TS1434: Unexpected keyword or identifier.
src/lib/hooks/useVoiceFlow.ts(310,46): error TS1005: ';' expected.
src/lib/hooks/useVoiceFlow.ts(311,1): error TS1127: Invalid character.
src/lib/hooks/useVoiceFlow.ts(311,3): error TS1434: Unexpected keyword or identifier.
src/lib/hooks/useVoiceFlow.ts(311,12): error TS1434: Unexpected keyword or identifier.
src/lib/hooks/useVoiceFlow.ts(311,25): error TS1005: ';' expected.
src/lib/hooks/useVoiceFlow.ts(311,29): error TS1434: Unexpected keyword or identifier.
src/lib/hooks/useVoiceFlow.ts(311,34): error TS1435: Unknown keyword or identifier. Did you mean 'with out'?
src/lib/hooks/useVoiceFlow.ts(312,1): error TS1127: Invalid character.
src/lib/hooks/useVoiceFlow.ts(312,3): error TS1434: Unexpected keyword or identifier.
src/lib/hooks/useVoiceFlow.ts(312,12): error TS1434: Unexpected keyword or identifier.
src/lib/hooks/useVoiceFlow.ts(312,17): error TS1434: Unexpected keyword or identifier.
src/lib/hooks/useVoiceFlow.ts(312,22): error TS1434: Unexpected keyword or identifier.
src/lib/hooks/useVoiceFlow.ts(312,43): error TS1005: ';' expected.
src/lib/hooks/useVoiceFlow.ts(313,1): error TS1127: Invalid character.
src/lib/hooks/useVoiceFlow.ts(313,3): error TS1434: Unexpected keyword or identifier.
src/lib/hooks/useVoiceFlow.ts(313,8): error TS1434: Unexpected keyword or identifier.
src/lib/hooks/useVoiceFlow.ts(313,15): error TS1228: A type predicate is only allowed in return type position for functions and methods.
src/lib/hooks/useVoiceFlow.ts(313,18): error TS1434: Unexpected keyword or identifier.
src/lib/hooks/useVoiceFlow.ts(313,26): error TS1434: Unexpected keyword or identifier.
src/lib/hooks/useVoiceFlow.ts(313,29): error TS1435: Unknown keyword or identifier. Did you mean 'never'?
src/lib/hooks/useVoiceFlow.ts(313,35): error TS1434: Unexpected keyword or identifier.
src/lib/hooks/useVoiceFlow.ts(314,1): error TS1127: Invalid character.
src/lib/hooks/useVoiceFlow.ts(314,3): error TS1435: Unknown keyword or identifier. Did you mean 'finally'?
src/lib/hooks/useVoiceFlow.ts(314,9): error TS1434: Unexpected keyword or identifier.
src/lib/hooks/useVoiceFlow.ts(314,13): error TS1434: Unexpected keyword or identifier.
src/lib/hooks/useVoiceFlow.ts(315,1): error TS1127: Invalid character.
src/lib/hooks/useVoiceFlow.ts(315,20): error TS1005: ';' expected.
src/lib/hooks/useVoiceFlow.ts(316,1): error TS1127: Invalid character.
src/lib/hooks/useVoiceFlow.ts(316,3): error TS1434: Unexpected keyword or identifier.
src/lib/hooks/useVoiceFlow.ts(316,16): error TS1434: Unexpected keyword or identifier.
src/lib/hooks/useVoiceFlow.ts(316,38): error TS1005: ',' expected.
src/lib/hooks/useVoiceFlow.ts(316,42): error TS1005: ',' expected.
src/lib/hooks/useVoiceFlow.ts(316,51): error TS1127: Invalid character.
src/lib/hooks/useVoiceFlow.ts(316,65): error TS1127: Invalid character.
src/lib/hooks/useVoiceFlow.ts(316,73): error TS1005: ',' expected.
src/lib/hooks/useVoiceFlow.ts(317,1): error TS1127: Invalid character.
src/lib/hooks/useVoiceFlow.ts(317,15): error TS1005: ';' expected.
src/lib/hooks/useVoiceFlow.ts(317,21): error TS1434: Unexpected keyword or identifier.
src/lib/hooks/useVoiceFlow.ts(317,24): error TS1434: Unexpected keyword or identifier.
src/lib/hooks/useVoiceFlow.ts(317,32): error TS1434: Unexpected keyword or identifier.
src/lib/hooks/useVoiceFlow.ts(317,37): error TS1434: Unexpected keyword or identifier.
src/lib/hooks/useVoiceFlow.ts(317,41): error TS1434: Unexpected keyword or identifier.
src/lib/hooks/useVoiceFlow.ts(317,52): error TS1228: A type predicate is only allowed in return type position for functions and methods.
src/lib/hooks/useVoiceFlow.ts(327,1): error TS1434: Unexpected keyword or identifier.
src/lib/hooks/useVoiceFlow.ts(327,6): error TS1434: Unexpected keyword or identifier.
src/lib/hooks/useVoiceFlow.ts(327,11): error TS1434: Unexpected keyword or identifier.
src/lib/hooks/useVoiceFlow.ts(327,14): error TS1434: Unexpected keyword or identifier.
src/lib/hooks/useVoiceFlow.ts(327,20): error TS1435: Unknown keyword or identifier. Did you mean 'get'?
src/lib/hooks/useVoiceFlow.ts(327,32): error TS1434: Unexpected keyword or identifier.
src/lib/hooks/useVoiceFlow.ts(327,37): error TS1434: Unexpected keyword or identifier.
src/lib/hooks/useVoiceFlow.ts(327,45): error TS1005: ';' expected.
src/lib/hooks/useVoiceFlow.ts(327,59): error TS1003: Identifier expected.
src/lib/hooks/useVoiceFlow.ts(329,1): error TS1434: Unexpected keyword or identifier.
src/lib/hooks/useVoiceFlow.ts(329,8): error TS1435: Unknown keyword or identifier. Did you mean 'import'?
src/lib/hooks/useVoiceFlow.ts(330,3): error TS1127: Invalid character.
src/lib/hooks/useVoiceFlow.ts(331,3): error TS1127: Invalid character.
src/lib/hooks/useVoiceFlow.ts(333,3): error TS1127: Invalid character.
src/lib/hooks/useVoiceFlow.ts(334,3): error TS1127: Invalid character.
src/lib/hooks/useVoiceFlow.ts(336,1): error TS1434: Unexpected keyword or identifier.
src/lib/hooks/useVoiceFlow.ts(336,8): error TS1434: Unexpected keyword or identifier.
src/lib/hooks/useVoiceFlow.ts(337,3): error TS1127: Invalid character.
src/lib/hooks/useVoiceFlow.ts(337,13): error TS1005: '>' expected.
src/lib/hooks/useVoiceFlow.ts(337,20): error TS1005: ';' expected.
src/lib/hooks/useVoiceFlow.ts(337,29): error TS1109: Expression expected.
src/lib/hooks/useVoiceFlow.ts(337,35): error TS1161: Unterminated regular expression literal.
src/lib/hooks/useVoiceFlow.ts(338,3): error TS1127: Invalid character.
src/lib/hooks/useVoiceFlow.ts(338,5): error TS1434: Unexpected keyword or identifier.
src/lib/hooks/useVoiceFlow.ts(338,22): error TS1005: ';' expected.
src/lib/hooks/useVoiceFlow.ts(338,25): error TS1434: Unexpected keyword or identifier.
src/lib/hooks/useVoiceFlow.ts(338,30): error TS1434: Unexpected keyword or identifier.
src/lib/hooks/useVoiceFlow.ts(338,34): error TS1434: Unexpected keyword or identifier.
src/lib/hooks/useVoiceFlow.ts(338,37): error TS1434: Unexpected keyword or identifier.
src/lib/hooks/useVoiceFlow.ts(338,41): error TS1434: Unexpected keyword or identifier.
src/lib/hooks/useVoiceFlow.ts(338,46): error TS1434: Unexpected keyword or identifier.
src/lib/hooks/useVoiceFlow.ts(338,51): error TS1434: Unexpected keyword or identifier.
src/lib/hooks/useVoiceFlow.ts(338,56): error TS1434: Unexpected keyword or identifier.
src/lib/hooks/useVoiceFlow.ts(338,62): error TS1434: Unexpected keyword or identifier.
src/lib/hooks/useVoiceFlow.ts(338,65): error TS1434: Unexpected keyword or identifier.
src/lib/hooks/useVoiceFlow.ts(340,1): error TS1434: Unexpected keyword or identifier.
src/lib/hooks/useVoiceFlow.ts(340,8): error TS1434: Unexpected keyword or identifier.
src/lib/hooks/useVoiceFlow.ts(341,3): error TS1127: Invalid character.
src/lib/hooks/useVoiceFlow.ts(341,31): error TS1127: Invalid character.
src/lib/hooks/useVoiceFlow.ts(341,33): error TS1434: Unexpected keyword or identifier.
src/lib/hooks/useVoiceFlow.ts(341,40): error TS1434: Unexpected keyword or identifier.
src/lib/hooks/useVoiceFlow.ts(341,46): error TS1434: Unexpected keyword or identifier.
src/lib/hooks/useVoiceFlow.ts(341,55): error TS1434: Unexpected keyword or identifier.
src/lib/hooks/useVoiceFlow.ts(342,3): error TS1127: Invalid character.
src/lib/hooks/useVoiceFlow.ts(342,30): error TS1127: Invalid character.
src/lib/hooks/useVoiceFlow.ts(342,32): error TS1434: Unexpected keyword or identifier.
src/lib/hooks/useVoiceFlow.ts(342,36): error TS1434: Unexpected keyword or identifier.
src/lib/hooks/useVoiceFlow.ts(344,3): error TS1127: Invalid character.
src/lib/hooks/useVoiceFlow.ts(344,40): error TS1127: Invalid character.
src/lib/hooks/useVoiceFlow.ts(344,42): error TS1434: Unexpected keyword or identifier.
src/lib/hooks/useVoiceFlow.ts(344,59): error TS1005: ';' expected.
src/lib/hooks/useVoiceFlow.ts(344,62): error TS1434: Unexpected keyword or identifier.
src/lib/hooks/useVoiceFlow.ts(345,3): error TS1127: Invalid character.
src/lib/hooks/useVoiceFlow.ts(345,5): error TS1434: Unexpected keyword or identifier.
src/lib/hooks/useVoiceFlow.ts(345,10): error TS1434: Unexpected keyword or identifier.
src/lib/hooks/useVoiceFlow.ts(345,18): error TS1434: Unexpected keyword or identifier.
src/lib/hooks/useVoiceFlow.ts(345,43): error TS1005: ';' expected.
src/lib/hooks/useVoiceFlow.ts(345,49): error TS1434: Unexpected keyword or identifier.
src/lib/hooks/useVoiceFlow.ts(347,1): error TS1434: Unexpected keyword or identifier.
src/lib/hooks/useVoiceFlow.ts(347,8): error TS1434: Unexpected keyword or identifier.
src/lib/hooks/useVoiceFlow.ts(348,3): error TS1127: Invalid character.
src/lib/hooks/useVoiceFlow.ts(348,5): error TS1434: Unexpected keyword or identifier.
src/lib/hooks/useVoiceFlow.ts(348,8): error TS1434: Unexpected keyword or identifier.
src/lib/hooks/useVoiceFlow.ts(348,14): error TS1434: Unexpected keyword or identifier.
src/lib/hooks/useVoiceFlow.ts(348,79): error TS1002: Unterminated string literal.
src/lib/hooks/useVoiceFlow.ts(349,3): error TS1127: Invalid character.
src/lib/hooks/useVoiceFlow.ts(349,5): error TS1434: Unexpected keyword or identifier.
src/lib/hooks/useVoiceFlow.ts(349,11): error TS1434: Unexpected keyword or identifier.
src/lib/hooks/useVoiceFlow.ts(349,36): error TS1005: ';' expected.
src/lib/hooks/useVoiceFlow.ts(349,46): error TS1005: ';' expected.
src/lib/hooks/useVoiceFlow.ts(349,49): error TS1434: Unexpected keyword or identifier.
src/lib/hooks/useVoiceFlow.ts(349,71): error TS1005: ';' expected.
src/lib/hooks/useVoiceFlow.ts(351,3): error TS1127: Invalid character.
src/lib/hooks/useVoiceFlow.ts(351,5): error TS1434: Unexpected keyword or identifier.
src/lib/hooks/useVoiceFlow.ts(351,8): error TS1434: Unexpected keyword or identifier.
src/lib/hooks/useVoiceFlow.ts(351,12): error TS1435: Unknown keyword or identifier. Did you mean 'false'?
src/lib/hooks/useVoiceFlow.ts(351,23): error TS1005: '(' expected.
src/lib/hooks/useVoiceFlow.ts(351,36): error TS1005: ')' expected.
src/lib/hooks/useVoiceFlow.ts(351,38): error TS1434: Unexpected keyword or identifier.
src/lib/hooks/useVoiceFlow.ts(351,49): error TS1434: Unexpected keyword or identifier.
src/lib/hooks/useVoiceFlow.ts(351,60): error TS1434: Unexpected keyword or identifier.
src/lib/hooks/useVoiceFlow.ts(352,3): error TS1127: Invalid character.
src/lib/hooks/useVoiceFlow.ts(352,5): error TS1434: Unexpected keyword or identifier.
src/lib/hooks/useVoiceFlow.ts(352,9): error TS1434: Unexpected keyword or identifier.
src/lib/hooks/useVoiceFlow.ts(352,14): error TS1434: Unexpected keyword or identifier.
src/lib/hooks/useVoiceFlow.ts(352,17): error TS1434: Unexpected keyword or identifier.
src/lib/hooks/useVoiceFlow.ts(352,38): error TS1005: ';' expected.
src/lib/hooks/useVoiceFlow.ts(352,55): error TS1434: Unexpected keyword or identifier.
src/lib/hooks/useVoiceFlow.ts(352,69): error TS1127: Invalid character.
src/lib/hooks/useVoiceFlow.ts(352,82): error TS1127: Invalid character.
src/lib/hooks/useVoiceFlow.ts(352,90): error TS1003: Identifier expected.
src/lib/hooks/useVoiceFlow.ts(354,1): error TS1434: Unexpected keyword or identifier.
src/lib/hooks/useVoiceFlow.ts(354,8): error TS1434: Unexpected keyword or identifier.
src/lib/hooks/useVoiceFlow.ts(355,3): error TS1127: Invalid character.
src/lib/hooks/useVoiceFlow.ts(355,17): error TS1005: ';' expected.
src/lib/hooks/useVoiceFlow.ts(355,46): error TS1109: Expression expected.
src/lib/hooks/useVoiceFlow.ts(355,58): error TS1005: ';' expected.
src/lib/hooks/useVoiceFlow.ts(356,3): error TS1127: Invalid character.
src/lib/hooks/useVoiceFlow.ts(356,5): error TS1434: Unexpected keyword or identifier.
src/lib/hooks/useVoiceFlow.ts(356,45): error TS1005: ';' expected.
src/lib/hooks/useVoiceFlow.ts(356,69): error TS1005: ';' expected.
src/lib/hooks/useVoiceFlow.ts(357,6): error TS1434: Unexpected keyword or identifier.
src/lib/hooks/useVoiceFlow.ts(357,15): error TS1434: Unexpected keyword or identifier.
src/lib/hooks/useVoiceFlow.ts(357,23): error TS1434: Unexpected keyword or identifier.
src/lib/hooks/useVoiceFlow.ts(357,48): error TS1127: Invalid character.
src/lib/hooks/useVoiceFlow.ts(357,50): error TS1434: Unexpected keyword or identifier.
src/lib/hooks/useVoiceFlow.ts(357,55): error TS1434: Unexpected keyword or identifier.
src/lib/hooks/useVoiceFlow.ts(357,78): error TS1002: Unterminated string literal.
src/lib/hooks/useVoiceFlow.ts(359,1): error TS1434: Unexpected keyword or identifier.
src/lib/hooks/useVoiceFlow.ts(359,5): error TS1434: Unexpected keyword or identifier.
src/lib/hooks/useVoiceFlow.ts(359,12): error TS1434: Unexpected keyword or identifier.
src/lib/hooks/useVoiceFlow.ts(359,17): error TS1434: Unexpected keyword or identifier.
src/lib/hooks/useVoiceFlow.ts(359,20): error TS1435: Unknown keyword or identifier. Did you mean 'this'?
src/lib/hooks/useVoiceFlow.ts(360,3): error TS1435: Unknown keyword or identifier. Did you mean 'never'?
src/lib/hooks/useVoiceFlow.ts(360,9): error TS1434: Unexpected keyword or identifier.
src/lib/hooks/useVoiceFlow.ts(360,16): error TS1434: Unexpected keyword or identifier.
src/lib/hooks/useVoiceFlow.ts(360,26): error TS1228: A type predicate is only allowed in return type position for functions and methods.
src/lib/hooks/useVoiceFlow.ts(360,38): error TS1005: ';' expected.
src/lib/hooks/useVoiceFlow.ts(360,44): error TS1434: Unexpected keyword or identifier.
src/lib/hooks/useVoiceFlow.ts(360,52): error TS1435: Unknown keyword or identifier. Did you mean 'out'?
src/lib/hooks/useVoiceFlow.ts(360,58): error TS1434: Unexpected keyword or identifier.
src/lib/hooks/useVoiceFlow.ts(360,66): error TS1434: Unexpected keyword or identifier.
src/lib/hooks/useVoiceFlow.ts(360,69): error TS1434: Unexpected keyword or identifier.
src/lib/hooks/useVoiceFlow.ts(360,83): error TS1003: Identifier expected.
src/lib/hooks/useVoiceFlow.ts(361,3): error TS1434: Unexpected keyword or identifier.
src/lib/hooks/useVoiceFlow.ts(361,6): error TS1434: Unexpected keyword or identifier.
src/lib/hooks/useVoiceFlow.ts(361,11): error TS1434: Unexpected keyword or identifier.
src/lib/hooks/useVoiceFlow.ts(361,17): error TS1434: Unexpected keyword or identifier.
src/lib/hooks/useVoiceFlow.ts(361,21): error TS1434: Unexpected keyword or identifier.
src/lib/hooks/useVoiceFlow.ts(361,25): error TS1434: Unexpected keyword or identifier.
src/lib/hooks/useVoiceFlow.ts(361,33): error TS1434: Unexpected keyword or identifier.
src/lib/hooks/useVoiceFlow.ts(361,37): error TS1434: Unexpected keyword or identifier.
src/lib/hooks/useVoiceFlow.ts(361,94): error TS1003: Identifier expected.
src/lib/hooks/useVoiceFlow.ts(362,3): error TS1434: Unexpected keyword or identifier.
src/lib/hooks/useVoiceFlow.ts(362,7): error TS1434: Unexpected keyword or identifier.
src/lib/hooks/useVoiceFlow.ts(362,46): error TS1005: ';' expected.
src/lib/hooks/useVoiceFlow.ts(362,49): error TS1434: Unexpected keyword or identifier.
src/lib/hooks/useVoiceFlow.ts(362,53): error TS1434: Unexpected keyword or identifier.
src/lib/hooks/useVoiceFlow.ts(362,58): error TS1434: Unexpected keyword or identifier.
src/lib/hooks/useVoiceFlow.ts(362,63): error TS1434: Unexpected keyword or identifier.
src/lib/hooks/useVoiceFlow.ts(362,68): error TS1434: Unexpected keyword or identifier.
src/lib/hooks/useVoiceFlow.ts(362,81): error TS1003: Identifier expected.
src/lib/hooks/useVoiceFlow.ts(363,3): error TS1434: Unexpected keyword or identifier.
src/lib/hooks/useVoiceFlow.ts(363,6): error TS1434: Unexpected keyword or identifier.
src/lib/hooks/useVoiceFlow.ts(363,8): error TS1434: Unexpected keyword or identifier.
src/lib/hooks/useVoiceFlow.ts(363,15): error TS1434: Unexpected keyword or identifier.
src/lib/hooks/useVoiceFlow.ts(363,21): error TS1434: Unexpected keyword or identifier.
src/lib/hooks/useVoiceFlow.ts(363,37): error TS1005: ';' expected.
src/lib/hooks/useVoiceFlow.ts(363,43): error TS1434: Unexpected keyword or identifier.
src/lib/hooks/useVoiceFlow.ts(363,47): error TS1434: Unexpected keyword or identifier.
src/lib/hooks/useVoiceFlow.ts(363,68): error TS1005: ';' expected.
src/lib/hooks/useVoiceFlow.ts(363,80): error TS1005: ';' expected.
src/lib/hooks/useVoiceFlow.ts(363,85): error TS1434: Unexpected keyword or identifier.
src/lib/hooks/useVoiceFlow.ts(363,94): error TS1003: Identifier expected.
src/lib/onboarding-store.ts(1,53): error TS1005: ';' expected.
src/lib/onboarding-store.ts(1,69): error TS1003: Identifier expected.
src/lib/onboarding-store.ts(2,1): error TS1434: Unexpected keyword or identifier.
src/lib/onboarding-store.ts(2,8): error TS1434: Unexpected keyword or identifier.
src/lib/onboarding-store.ts(2,12): error TS1434: Unexpected keyword or identifier.
src/lib/onboarding-store.ts(2,22): error TS1003: Identifier expected.
src/lib/tts.ts(1,14): error TS1005: ';' expected.
src/lib/tts.ts(1,37): error TS1005: ';' expected.
src/lib/tts.ts(1,53): error TS1003: Identifier expected.
src/lib/tts.ts(104,7): error TS1434: Unexpected keyword or identifier.
src/lib/tts.ts(104,36): error TS1005: ';' expected.
src/lib/tts.ts(104,39): error TS1434: Unexpected keyword or identifier.
src/lib/tts.ts(104,43): error TS1434: Unexpected keyword or identifier.
src/lib/tts.ts(104,47): error TS1434: Unexpected keyword or identifier.
src/lib/tts.ts(105,1): error TS1434: Unexpected keyword or identifier.
src/lib/tts.ts(105,9): error TS1434: Unexpected keyword or identifier.
src/lib/tts.ts(105,13): error TS1434: Unexpected keyword or identifier.
src/lib/tts.ts(105,28): error TS1359: Identifier expected. 'in' is a reserved word that cannot be used here.
src/lib/tts.ts(105,43): error TS1005: ';' expected.
src/lib/tts.ts(105,47): error TS1005: '(' expected.
src/lib/tts.ts(114,7): error TS1435: Unknown keyword or identifier. Did you mean 'implements'?
src/lib/tts.ts(114,17): error TS1434: Unexpected keyword or identifier.
src/lib/tts.ts(114,31): error TS1005: ';' expected.
src/lib/tts.ts(114,35): error TS1434: Unexpected keyword or identifier.
src/lib/tts.ts(114,39): error TS1434: Unexpected keyword or identifier.
src/lib/tts.ts(114,47): error TS1003: Identifier expected.
src/lib/tts.ts(115,1): error TS1434: Unexpected keyword or identifier.
src/lib/tts.ts(115,43): error TS1005: ';' expected.
src/lib/tts.ts(117,1): error TS1434: Unexpected keyword or identifier.
src/lib/tts.ts(117,10): error TS1005: ';' expected.
src/lib/tts.ts(117,32): error TS1005: '{' expected.
src/lib/tts.ts(117,35): error TS1434: Unexpected keyword or identifier.
src/lib/tts.ts(117,39): error TS1434: Unexpected keyword or identifier.
src/lib/tts.ts(117,43): error TS1434: Unexpected keyword or identifier.
src/lib/tts.ts(117,46): error TS1434: Unexpected keyword or identifier.
src/lib/tts.ts(117,62): error TS1005: ',' expected.
src/lib/tts.ts(117,70): error TS1005: ';' expected.
src/lib/tts.ts(127,1): error TS1434: Unexpected keyword or identifier.
src/lib/tts.ts(127,5): error TS1434: Unexpected keyword or identifier.
src/lib/tts.ts(127,14): error TS1434: Unexpected keyword or identifier.
src/lib/tts.ts(127,33): error TS1005: ';' expected.
src/lib/tts.ts(127,37): error TS1434: Unexpected keyword or identifier.
src/lib/tts.ts(127,42): error TS1434: Unexpected keyword or identifier.
src/lib/tts.ts(127,49): error TS1434: Unexpected keyword or identifier.
src/lib/tts.ts(127,54): error TS1434: Unexpected keyword or identifier.
src/lib/tts.ts(127,68): error TS1003: Identifier expected.
src/lib/tts.ts(128,1): error TS1434: Unexpected keyword or identifier.
src/lib/tts.ts(128,8): error TS1434: Unexpected keyword or identifier.
src/lib/tts.ts(128,12): error TS1128: Declaration or statement expected.
src/lib/tts.ts(128,17): error TS1434: Unexpected keyword or identifier.
src/lib/tts.ts(128,23): error TS1434: Unexpected keyword or identifier.
src/lib/tts.ts(128,37): error TS1228: A type predicate is only allowed in return type position for functions and methods.
src/lib/tts.ts(128,40): error TS1434: Unexpected keyword or identifier.
src/lib/tts.ts(128,59): error TS1005: ',' expected.
src/lib/tts.ts(128,71): error TS1005: ',' expected.
src/lib/tts.ts(128,80): error TS1005: ';' expected.
src/lib/tts.ts(129,1): error TS1434: Unexpected keyword or identifier.
src/lib/tts.ts(129,5): error TS1005: 'try' expected.
src/lib/tts.ts(129,11): error TS1005: '{' expected.
src/lib/tts.ts(129,17): error TS1434: Unexpected keyword or identifier.
src/lib/tts.ts(129,25): error TS1434: Unexpected keyword or identifier.
src/lib/tts.ts(129,38): error TS1127: Invalid character.
src/lib/tts.ts(129,40): error TS1434: Unexpected keyword or identifier.
src/lib/tts.ts(129,47): error TS1434: Unexpected keyword or identifier.
src/lib/tts.ts(129,50): error TS1434: Unexpected keyword or identifier.
src/lib/tts.ts(129,59): error TS1435: Unknown keyword or identifier. Did you mean 'false'?
src/lib/tts.ts(129,65): error TS1434: Unexpected keyword or identifier.
src/lib/tts.ts(129,69): error TS1435: Unknown keyword or identifier. Did you mean 'let'?
src/lib/tts.ts(129,74): error TS1434: Unexpected keyword or identifier.
src/lib/tts.ts(129,81): error TS1435: Unknown keyword or identifier. Did you mean 'try'?
src/lib/tts.ts(131,4): error TS1005: ';' expected.
src/lib/tts.ts(131,6): error TS1434: Unexpected keyword or identifier.
src/lib/tts.ts(131,16): error TS1005: ';' expected.
src/lib/tts.ts(132,1): error TS1434: Unexpected keyword or identifier.
src/lib/tts.ts(132,5): error TS1434: Unexpected keyword or identifier.
src/lib/tts.ts(132,9): error TS1434: Unexpected keyword or identifier.
src/lib/tts.ts(132,19): error TS1434: Unexpected keyword or identifier.
src/lib/tts.ts(133,1): error TS1003: Identifier expected.
src/lib/tts.ts(137,52): error TS1160: Unterminated template literal.
src/stores/uiStore.ts(62,1): error TS1434: Unexpected keyword or identifier.
src/stores/uiStore.ts(62,7): error TS1434: Unexpected keyword or identifier.
src/stores/uiStore.ts(62,16): error TS1434: Unexpected keyword or identifier.
src/stores/uiStore.ts(62,22): error TS1005: ';' expected.
src/stores/uiStore.ts(62,29): error TS1109: Expression expected.
src/stores/uiStore.ts(62,40): error TS1005: '=' expected.
src/stores/uiStore.ts(62,47): error TS1005: ';' expected.
src/stores/uiStore.ts(62,58): error TS1434: Unexpected keyword or identifier.
src/stores/uiStore.ts(62,71): error TS1005: '(' expected.
src/stores/uiStore.ts(62,73): error TS1434: Unexpected keyword or identifier.
src/stores/uiStore.ts(62,83): error TS1005: ';' expected.
src/stores/uiStore.ts(63,1): error TS1434: Unexpected keyword or identifier.
src/stores/uiStore.ts(63,5): error TS1434: Unexpected keyword or identifier.
src/stores/uiStore.ts(63,9): error TS1434: Unexpected keyword or identifier.
src/stores/uiStore.ts(63,20): error TS1434: Unexpected keyword or identifier.
src/stores/uiStore.ts(63,27): error TS1434: Unexpected keyword or identifier.
src/stores/uiStore.ts(64,1): error TS1003: Identifier expected.
src/stores/uiStore.ts(68,40): error TS1160: Unterminated template literal.
undefined
C:\Users\ss\Documents\HmarePanditJi\apps\pandit:
ΓÇëERR_PNPM_RECURSIVE_EXEC_FIRST_FAILΓÇë Command failed with exit code 2: tsc --noEmit
