packages/utils/src/auth-context.tsx(2,82): error TS2307: Cannot find module 'react' or its corresponding type declarations.
packages/utils/src/index.ts(131,3): error TS2305: Module '"./validation"' has no exported member 'submitReviewSchema'.
packages/utils/src/index.ts(133,3): error TS2305: Module '"./validation"' has no exported member 'panditSearchSchema'.
packages/utils/src/index.ts(135,3): error TS2305: Module '"./validation"' has no exported member 'idParamSchema'.
packages/utils/src/index.ts(136,3): error TS2305: Module '"./validation"' has no exported member 'dateRangeSchema'.
packages/utils/src/index.ts(137,3): error TS2305: Module '"./validation"' has no exported member 'ratingSchema'.
